[FPGA sim] port=12345  pass +fpga_id=N to tag output
Listening on port 12345
[FPGA1] TX msg#0 word 0/50  data=0x01000000
[FPGA1] TX msg#0 word 1/50  data=0x01000001
[FPGA1] TX msg#0 word 2/50  data=0x01000002
[FPGA1] TX msg#0 word 3/50  data=0x01000003
[FPGA1] TX msg#0 word 4/50  data=0x01000004
[FPGA1] TX msg#0 word 5/50  data=0x01000005
[FPGA1] TX msg#0 word 6/50  data=0x01000006
[FPGA1] TX msg#0 word 7/50  data=0x01000007
[FPGA1] TX msg#0 word 8/50  data=0x01000008
[FPGA1] TX msg#0 word 9/50  data=0x01000009
[FPGA1] TX msg#0 word 10/50  data=0x0100000a
[FPGA1] TX msg#0 word 11/50  data=0x0100000b
[FPGA1] TX msg#0 word 12/50  data=0x0100000c
[FPGA1] TX msg#0 word 13/50  data=0x0100000d
[FPGA1] TX msg#0 word 14/50  data=0x0100000e
[FPGA1] TX msg#0 word 15/50  data=0x0100000f
[FPGA1] RX msg#0      data=0x02000000 (len=4 B      )
[FPGA1] RX msg#0      data=0x02000001 (len=4 B      )
[FPGA1] RX msg#0      data=0x02000002 (len=4 B      )
[FPGA1] RX msg#0      data=0x02000003 (len=4 B      )
[FPGA1] RX msg#0      data=0x02000004 (len=4 B      )
[FPGA1] RX msg#0      data=0x02000005 (len=4 B      )
[FPGA1] RX msg#0      data=0x02000006 (len=4 B      )
[FPGA1] RX msg#0      data=0x02000007 (len=4 B      )
[FPGA1] RX msg#0      data=0x02000008 (len=4 B      )
[FPGA1] RX msg#0      data=0x02000009 (len=4 B      )
[FPGA1] RX msg#0      data=0x0200000a (len=4 B      )
[FPGA1] RX msg#0      data=0x0200000b (len=4 B      )
[FPGA1] RX msg#0      data=0x0200000c (len=4 B      )
[FPGA1] RX msg#0      data=0x0200000d (len=4 B      )
[FPGA1] RX msg#0      data=0x0200000e (len=4 B      )
[FPGA1] RX msg#0      data=0x0200000f (len=4 B, last)
[FPGA1] TX msg#0 word 16/50  data=0x01000010
[FPGA1] TX msg#0 word 17/50  data=0x01000011
[FPGA1] TX msg#0 word 18/50  data=0x01000012
[FPGA1] TX msg#0 word 19/50  data=0x01000013
[FPGA1] TX msg#0 word 20/50  data=0x01000014
[FPGA1] TX msg#0 word 21/50  data=0x01000015
[FPGA1] TX msg#0 word 22/50  data=0x01000016
[FPGA1] TX msg#0 word 23/50  data=0x01000017
[FPGA1] TX msg#0 word 24/50  data=0x01000018
[FPGA1] TX msg#0 word 25/50  data=0x01000019
[FPGA1] TX msg#0 word 26/50  data=0x0100001a
[FPGA1] TX msg#0 word 27/50  data=0x0100001b
[FPGA1] TX msg#0 word 28/50  data=0x0100001c
[FPGA1] TX msg#0 word 29/50  data=0x0100001d
[FPGA1] TX msg#0 word 30/50  data=0x0100001e
[FPGA1] TX msg#0 word 31/50  data=0x0100001f
[FPGA1] RX msg#0      data=0x02000010 (len=4 B      )
[FPGA1] RX msg#0      data=0x02000011 (len=4 B      )
[FPGA1] RX msg#0      data=0x02000012 (len=4 B      )
[FPGA1] RX msg#0      data=0x02000013 (len=4 B      )
[FPGA1] RX msg#0      data=0x02000014 (len=4 B      )
[FPGA1] RX msg#0      data=0x02000015 (len=4 B      )
[FPGA1] RX msg#0      data=0x02000016 (len=4 B      )
[FPGA1] RX msg#0      data=0x02000017 (len=4 B      )
[FPGA1] RX msg#0      data=0x02000018 (len=4 B      )
[FPGA1] RX msg#0      data=0x02000019 (len=4 B      )
[FPGA1] RX msg#0      data=0x0200001a (len=4 B      )
[FPGA1] RX msg#0      data=0x0200001b (len=4 B      )
[FPGA1] RX msg#0      data=0x0200001c (len=4 B      )
[FPGA1] RX msg#0      data=0x0200001d (len=4 B      )
[FPGA1] RX msg#0      data=0x0200001e (len=4 B      )
[FPGA1] RX msg#0      data=0x0200001f (len=4 B, last)
[FPGA1] TX msg#0 word 32/50  data=0x01000020
[FPGA1] TX msg#0 word 33/50  data=0x01000021
[FPGA1] TX msg#0 word 34/50  data=0x01000022
[FPGA1] TX msg#0 word 35/50  data=0x01000023
[FPGA1] TX msg#0 word 36/50  data=0x01000024
[FPGA1] TX msg#0 word 37/50  data=0x01000025
[FPGA1] TX msg#0 word 38/50  data=0x01000026
[FPGA1] TX msg#0 word 39/50  data=0x01000027
[FPGA1] TX msg#0 word 40/50  data=0x01000028
[FPGA1] TX msg#0 word 41/50  data=0x01000029
[FPGA1] TX msg#0 word 42/50  data=0x0100002a
[FPGA1] TX msg#0 word 43/50  data=0x0100002b
[FPGA1] TX msg#0 word 44/50  data=0x0100002c
[FPGA1] TX msg#0 word 45/50  data=0x0100002d
[FPGA1] TX msg#0 word 46/50  data=0x0100002e
[FPGA1] TX msg#0 word 47/50  data=0x0100002f
[FPGA1] RX msg#0      data=0x02000020 (len=4 B      )
[FPGA1] RX msg#0      data=0x02000021 (len=4 B      )
[FPGA1] RX msg#0      data=0x02000022 (len=4 B      )
[FPGA1] RX msg#0      data=0x02000023 (len=4 B      )
[FPGA1] RX msg#0      data=0x02000024 (len=4 B      )
[FPGA1] RX msg#0      data=0x02000025 (len=4 B      )
[FPGA1] RX msg#0      data=0x02000026 (len=4 B      )
[FPGA1] RX msg#0      data=0x02000027 (len=4 B      )
[FPGA1] RX msg#0      data=0x02000028 (len=4 B      )
[FPGA1] RX msg#0      data=0x02000029 (len=4 B      )
[FPGA1] RX msg#0      data=0x0200002a (len=4 B      )
[FPGA1] RX msg#0      data=0x0200002b (len=4 B      )
[FPGA1] RX msg#0      data=0x0200002c (len=4 B      )
[FPGA1] RX msg#0      data=0x0200002d (len=4 B      )
[FPGA1] RX msg#0      data=0x0200002e (len=4 B      )
[FPGA1] RX msg#0      data=0x0200002f (len=4 B, last)
[FPGA1] RX msg#0      data=0x02000030 (len=4 B      )
[FPGA1] RX msg#0      data=0x02000031 (len=4 B, last)
[FPGA1] TX msg#0 word 48/50  data=0x01000030
[FPGA1] TX msg#0 word 49/50  data=0x01000031
[FPGA1] TX msg#0 done (200 bytes)
[FPGA1] TX msg#1 word 0/50  data=0x01000000
[FPGA1] TX msg#1 word 1/50  data=0x01000001
[FPGA1] TX msg#1 word 2/50  data=0x01000002
[FPGA1] TX msg#1 word 3/50  data=0x01000003
[FPGA1] TX msg#1 word 4/50  data=0x01000004
[FPGA1] TX msg#1 word 5/50  data=0x01000005
[FPGA1] TX msg#1 word 6/50  data=0x01000006
[FPGA1] TX msg#1 word 7/50  data=0x01000007
[FPGA1] TX msg#1 word 8/50  data=0x01000008
[FPGA1] TX msg#1 word 9/50  data=0x01000009
[FPGA1] TX msg#1 word 10/50  data=0x0100000a
[FPGA1] TX msg#1 word 11/50  data=0x0100000b
[FPGA1] TX msg#1 word 12/50  data=0x0100000c
[FPGA1] TX msg#1 word 13/50  data=0x0100000d
[FPGA1] TX msg#1 word 14/50  data=0x0100000e
[FPGA1] TX msg#1 word 15/50  data=0x0100000f
[FPGA1] RX msg#1      data=0x02000000 (len=4 B      )
[FPGA1] RX msg#1      data=0x02000001 (len=4 B      )
[FPGA1] RX msg#1      data=0x02000002 (len=4 B      )
[FPGA1] RX msg#1      data=0x02000003 (len=4 B      )
[FPGA1] RX msg#1      data=0x02000004 (len=4 B      )
[FPGA1] RX msg#1      data=0x02000005 (len=4 B      )
[FPGA1] RX msg#1      data=0x02000006 (len=4 B      )
[FPGA1] RX msg#1      data=0x02000007 (len=4 B      )
[FPGA1] RX msg#1      data=0x02000008 (len=4 B      )
[FPGA1] RX msg#1      data=0x02000009 (len=4 B      )
[FPGA1] RX msg#1      data=0x0200000a (len=4 B      )
[FPGA1] RX msg#1      data=0x0200000b (len=4 B      )
[FPGA1] RX msg#1      data=0x0200000c (len=4 B      )
[FPGA1] RX msg#1      data=0x0200000d (len=4 B      )
[FPGA1] RX msg#1      data=0x0200000e (len=4 B      )
[FPGA1] RX msg#1      data=0x0200000f (len=4 B, last)
[FPGA1] TX msg#1 word 16/50  data=0x01000010
[FPGA1] TX msg#1 word 17/50  data=0x01000011
[FPGA1] TX msg#1 word 18/50  data=0x01000012
[FPGA1] TX msg#1 word 19/50  data=0x01000013
[FPGA1] TX msg#1 word 20/50  data=0x01000014
[FPGA1] TX msg#1 word 21/50  data=0x01000015
[FPGA1] TX msg#1 word 22/50  data=0x01000016
[FPGA1] TX msg#1 word 23/50  data=0x01000017
[FPGA1] TX msg#1 word 24/50  data=0x01000018
[FPGA1] TX msg#1 word 25/50  data=0x01000019
[FPGA1] TX msg#1 word 26/50  data=0x0100001a
[FPGA1] TX msg#1 word 27/50  data=0x0100001b
[FPGA1] TX msg#1 word 28/50  data=0x0100001c
[FPGA1] TX msg#1 word 29/50  data=0x0100001d
[FPGA1] TX msg#1 word 30/50  data=0x0100001e
[FPGA1] TX msg#1 word 31/50  data=0x0100001f
[FPGA1] RX msg#1      data=0x02000010 (len=4 B      )
[FPGA1] RX msg#1      data=0x02000011 (len=4 B      )
[FPGA1] RX msg#1      data=0x02000012 (len=4 B      )
[FPGA1] RX msg#1      data=0x02000013 (len=4 B      )
[FPGA1] RX msg#1      data=0x02000014 (len=4 B      )
[FPGA1] RX msg#1      data=0x02000015 (len=4 B      )
[FPGA1] RX msg#1      data=0x02000016 (len=4 B      )
[FPGA1] RX msg#1      data=0x02000017 (len=4 B      )
[FPGA1] RX msg#1      data=0x02000018 (len=4 B      )
[FPGA1] RX msg#1      data=0x02000019 (len=4 B      )
[FPGA1] RX msg#1      data=0x0200001a (len=4 B      )
[FPGA1] RX msg#1      data=0x0200001b (len=4 B      )
[FPGA1] RX msg#1      data=0x0200001c (len=4 B      )
[FPGA1] RX msg#1      data=0x0200001d (len=4 B      )
[FPGA1] RX msg#1      data=0x0200001e (len=4 B      )
[FPGA1] RX msg#1      data=0x0200001f (len=4 B, last)
[FPGA1] TX msg#1 word 32/50  data=0x01000020
[FPGA1] TX msg#1 word 33/50  data=0x01000021
[FPGA1] TX msg#1 word 34/50  data=0x01000022
[FPGA1] TX msg#1 word 35/50  data=0x01000023
[FPGA1] TX msg#1 word 36/50  data=0x01000024
[FPGA1] TX msg#1 word 37/50  data=0x01000025
[FPGA1] TX msg#1 word 38/50  data=0x01000026
[FPGA1] TX msg#1 word 39/50  data=0x01000027
[FPGA1] TX msg#1 word 40/50  data=0x01000028
[FPGA1] TX msg#1 word 41/50  data=0x01000029
[FPGA1] TX msg#1 word 42/50  data=0x0100002a
[FPGA1] TX msg#1 word 43/50  data=0x0100002b
[FPGA1] TX msg#1 word 44/50  data=0x0100002c
[FPGA1] TX msg#1 word 45/50  data=0x0100002d
[FPGA1] TX msg#1 word 46/50  data=0x0100002e
[FPGA1] TX msg#1 word 47/50  data=0x0100002f
[FPGA1] RX msg#1      data=0x02000020 (len=4 B      )
[FPGA1] RX msg#1      data=0x02000021 (len=4 B      )
[FPGA1] RX msg#1      data=0x02000022 (len=4 B      )
[FPGA1] RX msg#1      data=0x02000023 (len=4 B      )
[FPGA1] RX msg#1      data=0x02000024 (len=4 B      )
[FPGA1] RX msg#1      data=0x02000025 (len=4 B      )
[FPGA1] RX msg#1      data=0x02000026 (len=4 B      )
[FPGA1] RX msg#1      data=0x02000027 (len=4 B      )
[FPGA1] RX msg#1      data=0x02000028 (len=4 B      )
[FPGA1] RX msg#1      data=0x02000029 (len=4 B      )
[FPGA1] RX msg#1      data=0x0200002a (len=4 B      )
[FPGA1] RX msg#1      data=0x0200002b (len=4 B      )
[FPGA1] RX msg#1      data=0x0200002c (len=4 B      )
[FPGA1] RX msg#1      data=0x0200002d (len=4 B      )
[FPGA1] RX msg#1      data=0x0200002e (len=4 B      )
[FPGA1] RX msg#1      data=0x0200002f (len=4 B, last)
[FPGA1] RX msg#1      data=0x02000030 (len=4 B      )
[FPGA1] RX msg#1      data=0x02000031 (len=4 B, last)
[FPGA1] TX msg#1 word 48/50  data=0x01000030
[FPGA1] TX msg#1 word 49/50  data=0x01000031
[FPGA1] TX msg#1 done (200 bytes)
[FPGA1] TX msg#2 word 0/50  data=0x01000000
[FPGA1] TX msg#2 word 1/50  data=0x01000001
[FPGA1] TX msg#2 word 2/50  data=0x01000002
[FPGA1] TX msg#2 word 3/50  data=0x01000003
[FPGA1] TX msg#2 word 4/50  data=0x01000004
[FPGA1] TX msg#2 word 5/50  data=0x01000005
[FPGA1] TX msg#2 word 6/50  data=0x01000006
[FPGA1] TX msg#2 word 7/50  data=0x01000007
[FPGA1] TX msg#2 word 8/50  data=0x01000008
[FPGA1] TX msg#2 word 9/50  data=0x01000009
[FPGA1] TX msg#2 word 10/50  data=0x0100000a
[FPGA1] TX msg#2 word 11/50  data=0x0100000b
[FPGA1] TX msg#2 word 12/50  data=0x0100000c
[FPGA1] TX msg#2 word 13/50  data=0x0100000d
[FPGA1] TX msg#2 word 14/50  data=0x0100000e
[FPGA1] TX msg#2 word 15/50  data=0x0100000f
[FPGA1] RX msg#2      data=0x02000000 (len=4 B      )
[FPGA1] RX msg#2      data=0x02000001 (len=4 B      )
[FPGA1] RX msg#2      data=0x02000002 (len=4 B      )
[FPGA1] RX msg#2      data=0x02000003 (len=4 B      )
[FPGA1] RX msg#2      data=0x02000004 (len=4 B      )
[FPGA1] RX msg#2      data=0x02000005 (len=4 B      )
[FPGA1] RX msg#2      data=0x02000006 (len=4 B      )
[FPGA1] RX msg#2      data=0x02000007 (len=4 B      )
[FPGA1] RX msg#2      data=0x02000008 (len=4 B      )
[FPGA1] RX msg#2      data=0x02000009 (len=4 B      )
[FPGA1] RX msg#2      data=0x0200000a (len=4 B      )
[FPGA1] RX msg#2      data=0x0200000b (len=4 B      )
[FPGA1] RX msg#2      data=0x0200000c (len=4 B      )
[FPGA1] RX msg#2      data=0x0200000d (len=4 B      )
[FPGA1] RX msg#2      data=0x0200000e (len=4 B      )
[FPGA1] RX msg#2      data=0x0200000f (len=4 B, last)
[FPGA1] TX msg#2 word 16/50  data=0x01000010
[FPGA1] TX msg#2 word 17/50  data=0x01000011
[FPGA1] TX msg#2 word 18/50  data=0x01000012
[FPGA1] TX msg#2 word 19/50  data=0x01000013
[FPGA1] TX msg#2 word 20/50  data=0x01000014
[FPGA1] TX msg#2 word 21/50  data=0x01000015
[FPGA1] TX msg#2 word 22/50  data=0x01000016
[FPGA1] TX msg#2 word 23/50  data=0x01000017
[FPGA1] TX msg#2 word 24/50  data=0x01000018
[FPGA1] TX msg#2 word 25/50  data=0x01000019
[FPGA1] TX msg#2 word 26/50  data=0x0100001a
[FPGA1] TX msg#2 word 27/50  data=0x0100001b
[FPGA1] TX msg#2 word 28/50  data=0x0100001c
[FPGA1] TX msg#2 word 29/50  data=0x0100001d
[FPGA1] TX msg#2 word 30/50  data=0x0100001e
[FPGA1] TX msg#2 word 31/50  data=0x0100001f
[FPGA1] RX msg#2      data=0x02000010 (len=4 B      )
[FPGA1] RX msg#2      data=0x02000011 (len=4 B      )
[FPGA1] RX msg#2      data=0x02000012 (len=4 B      )
[FPGA1] RX msg#2      data=0x02000013 (len=4 B      )
[FPGA1] RX msg#2      data=0x02000014 (len=4 B      )
[FPGA1] RX msg#2      data=0x02000015 (len=4 B      )
[FPGA1] RX msg#2      data=0x02000016 (len=4 B      )
[FPGA1] RX msg#2      data=0x02000017 (len=4 B      )
[FPGA1] RX msg#2      data=0x02000018 (len=4 B      )
[FPGA1] RX msg#2      data=0x02000019 (len=4 B      )
[FPGA1] RX msg#2      data=0x0200001a (len=4 B      )
[FPGA1] RX msg#2      data=0x0200001b (len=4 B      )
[FPGA1] RX msg#2      data=0x0200001c (len=4 B      )
[FPGA1] RX msg#2      data=0x0200001d (len=4 B      )
[FPGA1] RX msg#2      data=0x0200001e (len=4 B      )
[FPGA1] RX msg#2      data=0x0200001f (len=4 B, last)
[FPGA1] TX msg#2 word 32/50  data=0x01000020
[FPGA1] TX msg#2 word 33/50  data=0x01000021
[FPGA1] TX msg#2 word 34/50  data=0x01000022
[FPGA1] TX msg#2 word 35/50  data=0x01000023
[FPGA1] TX msg#2 word 36/50  data=0x01000024
[FPGA1] TX msg#2 word 37/50  data=0x01000025
[FPGA1] TX msg#2 word 38/50  data=0x01000026
[FPGA1] TX msg#2 word 39/50  data=0x01000027
[FPGA1] TX msg#2 word 40/50  data=0x01000028
[FPGA1] TX msg#2 word 41/50  data=0x01000029
[FPGA1] TX msg#2 word 42/50  data=0x0100002a
[FPGA1] TX msg#2 word 43/50  data=0x0100002b
[FPGA1] TX msg#2 word 44/50  data=0x0100002c
[FPGA1] TX msg#2 word 45/50  data=0x0100002d
[FPGA1] TX msg#2 word 46/50  data=0x0100002e
[FPGA1] TX msg#2 word 47/50  data=0x0100002f
[FPGA1] RX msg#2      data=0x02000020 (len=4 B      )
[FPGA1] RX msg#2      data=0x02000021 (len=4 B      )
[FPGA1] RX msg#2      data=0x02000022 (len=4 B      )
[FPGA1] RX msg#2      data=0x02000023 (len=4 B      )
[FPGA1] RX msg#2      data=0x02000024 (len=4 B      )
[FPGA1] RX msg#2      data=0x02000025 (len=4 B      )
[FPGA1] RX msg#2      data=0x02000026 (len=4 B      )
[FPGA1] RX msg#2      data=0x02000027 (len=4 B      )
[FPGA1] RX msg#2      data=0x02000028 (len=4 B      )
[FPGA1] RX msg#2      data=0x02000029 (len=4 B      )
[FPGA1] RX msg#2      data=0x0200002a (len=4 B      )
[FPGA1] RX msg#2      data=0x0200002b (len=4 B      )
[FPGA1] RX msg#2      data=0x0200002c (len=4 B      )
[FPGA1] RX msg#2      data=0x0200002d (len=4 B      )
[FPGA1] RX msg#2      data=0x0200002e (len=4 B      )
[FPGA1] RX msg#2      data=0x0200002f (len=4 B, last)
[FPGA1] RX msg#2      data=0x02000030 (len=4 B      )
[FPGA1] RX msg#2      data=0x02000031 (len=4 B, last)
[FPGA1] TX msg#2 word 48/50  data=0x01000030
[FPGA1] TX msg#2 word 49/50  data=0x01000031
[FPGA1] TX msg#2 done (200 bytes)
[FPGA1] TX msg#3 word 0/50  data=0x01000000
[FPGA1] TX msg#3 word 1/50  data=0x01000001
[FPGA1] TX msg#3 word 2/50  data=0x01000002
[FPGA1] TX msg#3 word 3/50  data=0x01000003
[FPGA1] TX msg#3 word 4/50  data=0x01000004
[FPGA1] TX msg#3 word 5/50  data=0x01000005
[FPGA1] TX msg#3 word 6/50  data=0x01000006
[FPGA1] TX msg#3 word 7/50  data=0x01000007
[FPGA1] TX msg#3 word 8/50  data=0x01000008
[FPGA1] TX msg#3 word 9/50  data=0x01000009
[FPGA1] TX msg#3 word 10/50  data=0x0100000a
[FPGA1] TX msg#3 word 11/50  data=0x0100000b
[FPGA1] TX msg#3 word 12/50  data=0x0100000c
[FPGA1] TX msg#3 word 13/50  data=0x0100000d
[FPGA1] TX msg#3 word 14/50  data=0x0100000e
[FPGA1] TX msg#3 word 15/50  data=0x0100000f
[FPGA1] RX msg#3      data=0x02000000 (len=4 B      )
[FPGA1] RX msg#3      data=0x02000001 (len=4 B      )
[FPGA1] RX msg#3      data=0x02000002 (len=4 B      )
[FPGA1] RX msg#3      data=0x02000003 (len=4 B      )
[FPGA1] RX msg#3      data=0x02000004 (len=4 B      )
[FPGA1] RX msg#3      data=0x02000005 (len=4 B      )
[FPGA1] RX msg#3      data=0x02000006 (len=4 B      )
[FPGA1] RX msg#3      data=0x02000007 (len=4 B      )
[FPGA1] RX msg#3      data=0x02000008 (len=4 B      )
[FPGA1] RX msg#3      data=0x02000009 (len=4 B      )
[FPGA1] RX msg#3      data=0x0200000a (len=4 B      )
[FPGA1] RX msg#3      data=0x0200000b (len=4 B      )
[FPGA1] RX msg#3      data=0x0200000c (len=4 B      )
[FPGA1] RX msg#3      data=0x0200000d (len=4 B      )
[FPGA1] RX msg#3      data=0x0200000e (len=4 B      )
[FPGA1] RX msg#3      data=0x0200000f (len=4 B, last)
[FPGA1] TX msg#3 word 16/50  data=0x01000010
[FPGA1] TX msg#3 word 17/50  data=0x01000011
[FPGA1] TX msg#3 word 18/50  data=0x01000012
[FPGA1] TX msg#3 word 19/50  data=0x01000013
[FPGA1] TX msg#3 word 20/50  data=0x01000014
[FPGA1] TX msg#3 word 21/50  data=0x01000015
[FPGA1] TX msg#3 word 22/50  data=0x01000016
[FPGA1] TX msg#3 word 23/50  data=0x01000017
[FPGA1] TX msg#3 word 24/50  data=0x01000018
[FPGA1] TX msg#3 word 25/50  data=0x01000019
[FPGA1] TX msg#3 word 26/50  data=0x0100001a
[FPGA1] TX msg#3 word 27/50  data=0x0100001b
[FPGA1] TX msg#3 word 28/50  data=0x0100001c
[FPGA1] TX msg#3 word 29/50  data=0x0100001d
[FPGA1] TX msg#3 word 30/50  data=0x0100001e
[FPGA1] TX msg#3 word 31/50  data=0x0100001f
[FPGA1] RX msg#3      data=0x02000010 (len=4 B      )
[FPGA1] RX msg#3      data=0x02000011 (len=4 B      )
[FPGA1] RX msg#3      data=0x02000012 (len=4 B      )
[FPGA1] RX msg#3      data=0x02000013 (len=4 B      )
[FPGA1] RX msg#3      data=0x02000014 (len=4 B      )
[FPGA1] RX msg#3      data=0x02000015 (len=4 B      )
[FPGA1] RX msg#3      data=0x02000016 (len=4 B      )
[FPGA1] RX msg#3      data=0x02000017 (len=4 B      )
[FPGA1] RX msg#3      data=0x02000018 (len=4 B      )
[FPGA1] RX msg#3      data=0x02000019 (len=4 B      )
[FPGA1] RX msg#3      data=0x0200001a (len=4 B      )
[FPGA1] RX msg#3      data=0x0200001b (len=4 B      )
[FPGA1] RX msg#3      data=0x0200001c (len=4 B      )
[FPGA1] RX msg#3      data=0x0200001d (len=4 B      )
[FPGA1] RX msg#3      data=0x0200001e (len=4 B      )
[FPGA1] RX msg#3      data=0x0200001f (len=4 B, last)
[FPGA1] TX msg#3 word 32/50  data=0x01000020
[FPGA1] TX msg#3 word 33/50  data=0x01000021
[FPGA1] TX msg#3 word 34/50  data=0x01000022
[FPGA1] TX msg#3 word 35/50  data=0x01000023
[FPGA1] TX msg#3 word 36/50  data=0x01000024
[FPGA1] TX msg#3 word 37/50  data=0x01000025
[FPGA1] TX msg#3 word 38/50  data=0x01000026
[FPGA1] TX msg#3 word 39/50  data=0x01000027
[FPGA1] TX msg#3 word 40/50  data=0x01000028
[FPGA1] TX msg#3 word 41/50  data=0x01000029
[FPGA1] TX msg#3 word 42/50  data=0x0100002a
[FPGA1] TX msg#3 word 43/50  data=0x0100002b
[FPGA1] TX msg#3 word 44/50  data=0x0100002c
[FPGA1] TX msg#3 word 45/50  data=0x0100002d
[FPGA1] TX msg#3 word 46/50  data=0x0100002e
[FPGA1] TX msg#3 word 47/50  data=0x0100002f
[FPGA1] RX msg#3      data=0x02000020 (len=4 B      )
[FPGA1] RX msg#3      data=0x02000021 (len=4 B      )
[FPGA1] RX msg#3      data=0x02000022 (len=4 B      )
[FPGA1] RX msg#3      data=0x02000023 (len=4 B      )
[FPGA1] RX msg#3      data=0x02000024 (len=4 B      )
[FPGA1] RX msg#3      data=0x02000025 (len=4 B      )
[FPGA1] RX msg#3      data=0x02000026 (len=4 B      )
[FPGA1] RX msg#3      data=0x02000027 (len=4 B      )
[FPGA1] RX msg#3      data=0x02000028 (len=4 B      )
[FPGA1] RX msg#3      data=0x02000029 (len=4 B      )
[FPGA1] RX msg#3      data=0x0200002a (len=4 B      )
[FPGA1] RX msg#3      data=0x0200002b (len=4 B      )
[FPGA1] RX msg#3      data=0x0200002c (len=4 B      )
[FPGA1] RX msg#3      data=0x0200002d (len=4 B      )
[FPGA1] RX msg#3      data=0x0200002e (len=4 B      )
[FPGA1] RX msg#3      data=0x0200002f (len=4 B, last)
[FPGA1] RX msg#3      data=0x02000030 (len=4 B      )
[FPGA1] RX msg#3      data=0x02000031 (len=4 B, last)
[FPGA1] TX msg#3 word 48/50  data=0x01000030
[FPGA1] TX msg#3 word 49/50  data=0x01000031
[FPGA1] TX msg#3 done (200 bytes)
[FPGA1] TX msg#4 word 0/50  data=0x01000000
[FPGA1] TX msg#4 word 1/50  data=0x01000001
[FPGA1] TX msg#4 word 2/50  data=0x01000002
[FPGA1] TX msg#4 word 3/50  data=0x01000003
[FPGA1] TX msg#4 word 4/50  data=0x01000004
[FPGA1] TX msg#4 word 5/50  data=0x01000005
[FPGA1] TX msg#4 word 6/50  data=0x01000006
[FPGA1] TX msg#4 word 7/50  data=0x01000007
[FPGA1] TX msg#4 word 8/50  data=0x01000008
[FPGA1] TX msg#4 word 9/50  data=0x01000009
[FPGA1] TX msg#4 word 10/50  data=0x0100000a
[FPGA1] TX msg#4 word 11/50  data=0x0100000b
[FPGA1] TX msg#4 word 12/50  data=0x0100000c
[FPGA1] TX msg#4 word 13/50  data=0x0100000d
[FPGA1] TX msg#4 word 14/50  data=0x0100000e
[FPGA1] TX msg#4 word 15/50  data=0x0100000f
[FPGA1] RX msg#4      data=0x02000000 (len=4 B      )
[FPGA1] RX msg#4      data=0x02000001 (len=4 B      )
[FPGA1] RX msg#4      data=0x02000002 (len=4 B      )
[FPGA1] RX msg#4      data=0x02000003 (len=4 B      )
[FPGA1] RX msg#4      data=0x02000004 (len=4 B      )
[FPGA1] RX msg#4      data=0x02000005 (len=4 B      )
[FPGA1] RX msg#4      data=0x02000006 (len=4 B      )
[FPGA1] RX msg#4      data=0x02000007 (len=4 B      )
[FPGA1] RX msg#4      data=0x02000008 (len=4 B      )
[FPGA1] RX msg#4      data=0x02000009 (len=4 B      )
[FPGA1] RX msg#4      data=0x0200000a (len=4 B      )
[FPGA1] RX msg#4      data=0x0200000b (len=4 B      )
[FPGA1] RX msg#4      data=0x0200000c (len=4 B      )
[FPGA1] RX msg#4      data=0x0200000d (len=4 B      )
[FPGA1] RX msg#4      data=0x0200000e (len=4 B      )
[FPGA1] RX msg#4      data=0x0200000f (len=4 B, last)
[FPGA1] TX msg#4 word 16/50  data=0x01000010
[FPGA1] TX msg#4 word 17/50  data=0x01000011
[FPGA1] TX msg#4 word 18/50  data=0x01000012
[FPGA1] TX msg#4 word 19/50  data=0x01000013
[FPGA1] TX msg#4 word 20/50  data=0x01000014
[FPGA1] TX msg#4 word 21/50  data=0x01000015
[FPGA1] TX msg#4 word 22/50  data=0x01000016
[FPGA1] TX msg#4 word 23/50  data=0x01000017
[FPGA1] TX msg#4 word 24/50  data=0x01000018
[FPGA1] TX msg#4 word 25/50  data=0x01000019
[FPGA1] TX msg#4 word 26/50  data=0x0100001a
[FPGA1] TX msg#4 word 27/50  data=0x0100001b
[FPGA1] TX msg#4 word 28/50  data=0x0100001c
[FPGA1] TX msg#4 word 29/50  data=0x0100001d
[FPGA1] TX msg#4 word 30/50  data=0x0100001e
[FPGA1] TX msg#4 word 31/50  data=0x0100001f
[FPGA1] RX msg#4      data=0x02000010 (len=4 B      )
[FPGA1] RX msg#4      data=0x02000011 (len=4 B      )
[FPGA1] RX msg#4      data=0x02000012 (len=4 B      )
[FPGA1] RX msg#4      data=0x02000013 (len=4 B      )
[FPGA1] RX msg#4      data=0x02000014 (len=4 B      )
[FPGA1] RX msg#4      data=0x02000015 (len=4 B      )
[FPGA1] RX msg#4      data=0x02000016 (len=4 B      )
[FPGA1] RX msg#4      data=0x02000017 (len=4 B      )
[FPGA1] RX msg#4      data=0x02000018 (len=4 B      )
[FPGA1] RX msg#4      data=0x02000019 (len=4 B      )
[FPGA1] RX msg#4      data=0x0200001a (len=4 B      )
[FPGA1] RX msg#4      data=0x0200001b (len=4 B      )
[FPGA1] RX msg#4      data=0x0200001c (len=4 B      )
[FPGA1] RX msg#4      data=0x0200001d (len=4 B      )
[FPGA1] RX msg#4      data=0x0200001e (len=4 B      )
[FPGA1] RX msg#4      data=0x0200001f (len=4 B, last)
[FPGA1] TX msg#4 word 32/50  data=0x01000020
[FPGA1] TX msg#4 word 33/50  data=0x01000021
[FPGA1] TX msg#4 word 34/50  data=0x01000022
[FPGA1] TX msg#4 word 35/50  data=0x01000023
[FPGA1] TX msg#4 word 36/50  data=0x01000024
[FPGA1] TX msg#4 word 37/50  data=0x01000025
[FPGA1] TX msg#4 word 38/50  data=0x01000026
[FPGA1] TX msg#4 word 39/50  data=0x01000027
[FPGA1] TX msg#4 word 40/50  data=0x01000028
[FPGA1] TX msg#4 word 41/50  data=0x01000029
[FPGA1] TX msg#4 word 42/50  data=0x0100002a
[FPGA1] TX msg#4 word 43/50  data=0x0100002b
[FPGA1] TX msg#4 word 44/50  data=0x0100002c
[FPGA1] TX msg#4 word 45/50  data=0x0100002d
[FPGA1] TX msg#4 word 46/50  data=0x0100002e
[FPGA1] TX msg#4 word 47/50  data=0x0100002f
[FPGA1] RX msg#4      data=0x02000020 (len=4 B      )
[FPGA1] RX msg#4      data=0x02000021 (len=4 B      )
[FPGA1] RX msg#4      data=0x02000022 (len=4 B      )
[FPGA1] RX msg#4      data=0x02000023 (len=4 B      )
[FPGA1] RX msg#4      data=0x02000024 (len=4 B      )
[FPGA1] RX msg#4      data=0x02000025 (len=4 B      )
[FPGA1] RX msg#4      data=0x02000026 (len=4 B      )
[FPGA1] RX msg#4      data=0x02000027 (len=4 B      )
[FPGA1] RX msg#4      data=0x02000028 (len=4 B      )
[FPGA1] RX msg#4      data=0x02000029 (len=4 B      )
[FPGA1] RX msg#4      data=0x0200002a (len=4 B      )
[FPGA1] RX msg#4      data=0x0200002b (len=4 B      )
[FPGA1] RX msg#4      data=0x0200002c (len=4 B      )
[FPGA1] RX msg#4      data=0x0200002d (len=4 B      )
[FPGA1] RX msg#4      data=0x0200002e (len=4 B      )
[FPGA1] RX msg#4      data=0x0200002f (len=4 B, last)
[FPGA1] RX msg#4      data=0x02000030 (len=4 B      )
[FPGA1] RX msg#4      data=0x02000031 (len=4 B, last)
[FPGA1] TX msg#4 word 48/50  data=0x01000030
[FPGA1] TX msg#4 word 49/50  data=0x01000031
[FPGA1] TX msg#4 done (200 bytes)
[FPGA1] TX msg#5 word 0/50  data=0x01000000
[FPGA1] TX msg#5 word 1/50  data=0x01000001
[FPGA1] TX msg#5 word 2/50  data=0x01000002
[FPGA1] TX msg#5 word 3/50  data=0x01000003
[FPGA1] TX msg#5 word 4/50  data=0x01000004
[FPGA1] TX msg#5 word 5/50  data=0x01000005
[FPGA1] TX msg#5 word 6/50  data=0x01000006
[FPGA1] TX msg#5 word 7/50  data=0x01000007
[FPGA1] TX msg#5 word 8/50  data=0x01000008
[FPGA1] TX msg#5 word 9/50  data=0x01000009
[FPGA1] TX msg#5 word 10/50  data=0x0100000a
[FPGA1] TX msg#5 word 11/50  data=0x0100000b
[FPGA1] TX msg#5 word 12/50  data=0x0100000c
[FPGA1] TX msg#5 word 13/50  data=0x0100000d
[FPGA1] TX msg#5 word 14/50  data=0x0100000e
[FPGA1] TX msg#5 word 15/50  data=0x0100000f
[FPGA1] RX msg#5      data=0x02000000 (len=4 B      )
[FPGA1] RX msg#5      data=0x02000001 (len=4 B      )
[FPGA1] RX msg#5      data=0x02000002 (len=4 B      )
[FPGA1] RX msg#5      data=0x02000003 (len=4 B      )
[FPGA1] RX msg#5      data=0x02000004 (len=4 B      )
[FPGA1] RX msg#5      data=0x02000005 (len=4 B      )
[FPGA1] RX msg#5      data=0x02000006 (len=4 B      )
[FPGA1] RX msg#5      data=0x02000007 (len=4 B      )
[FPGA1] RX msg#5      data=0x02000008 (len=4 B      )
[FPGA1] RX msg#5      data=0x02000009 (len=4 B      )
[FPGA1] RX msg#5      data=0x0200000a (len=4 B      )
[FPGA1] RX msg#5      data=0x0200000b (len=4 B      )
[FPGA1] RX msg#5      data=0x0200000c (len=4 B      )
[FPGA1] RX msg#5      data=0x0200000d (len=4 B      )
[FPGA1] RX msg#5      data=0x0200000e (len=4 B      )
[FPGA1] RX msg#5      data=0x0200000f (len=4 B, last)
[FPGA1] TX msg#5 word 16/50  data=0x01000010
[FPGA1] TX msg#5 word 17/50  data=0x01000011
[FPGA1] TX msg#5 word 18/50  data=0x01000012
[FPGA1] TX msg#5 word 19/50  data=0x01000013
[FPGA1] TX msg#5 word 20/50  data=0x01000014
[FPGA1] TX msg#5 word 21/50  data=0x01000015
[FPGA1] TX msg#5 word 22/50  data=0x01000016
[FPGA1] TX msg#5 word 23/50  data=0x01000017
[FPGA1] TX msg#5 word 24/50  data=0x01000018
[FPGA1] TX msg#5 word 25/50  data=0x01000019
[FPGA1] TX msg#5 word 26/50  data=0x0100001a
[FPGA1] TX msg#5 word 27/50  data=0x0100001b
[FPGA1] TX msg#5 word 28/50  data=0x0100001c
[FPGA1] TX msg#5 word 29/50  data=0x0100001d
[FPGA1] TX msg#5 word 30/50  data=0x0100001e
[FPGA1] TX msg#5 word 31/50  data=0x0100001f
[FPGA1] RX msg#5      data=0x02000010 (len=4 B      )
[FPGA1] RX msg#5      data=0x02000011 (len=4 B      )
[FPGA1] RX msg#5      data=0x02000012 (len=4 B      )
[FPGA1] RX msg#5      data=0x02000013 (len=4 B      )
[FPGA1] RX msg#5      data=0x02000014 (len=4 B      )
[FPGA1] RX msg#5      data=0x02000015 (len=4 B      )
[FPGA1] RX msg#5      data=0x02000016 (len=4 B      )
[FPGA1] RX msg#5      data=0x02000017 (len=4 B      )
[FPGA1] RX msg#5      data=0x02000018 (len=4 B      )
[FPGA1] RX msg#5      data=0x02000019 (len=4 B      )
[FPGA1] RX msg#5      data=0x0200001a (len=4 B      )
[FPGA1] RX msg#5      data=0x0200001b (len=4 B      )
[FPGA1] RX msg#5      data=0x0200001c (len=4 B      )
[FPGA1] RX msg#5      data=0x0200001d (len=4 B      )
[FPGA1] RX msg#5      data=0x0200001e (len=4 B      )
[FPGA1] RX msg#5      data=0x0200001f (len=4 B, last)
[FPGA1] TX msg#5 word 32/50  data=0x01000020
[FPGA1] TX msg#5 word 33/50  data=0x01000021
[FPGA1] TX msg#5 word 34/50  data=0x01000022
[FPGA1] TX msg#5 word 35/50  data=0x01000023
[FPGA1] TX msg#5 word 36/50  data=0x01000024
[FPGA1] TX msg#5 word 37/50  data=0x01000025
[FPGA1] TX msg#5 word 38/50  data=0x01000026
[FPGA1] TX msg#5 word 39/50  data=0x01000027
[FPGA1] TX msg#5 word 40/50  data=0x01000028
[FPGA1] TX msg#5 word 41/50  data=0x01000029
[FPGA1] TX msg#5 word 42/50  data=0x0100002a
[FPGA1] TX msg#5 word 43/50  data=0x0100002b
[FPGA1] TX msg#5 word 44/50  data=0x0100002c
[FPGA1] TX msg#5 word 45/50  data=0x0100002d
[FPGA1] TX msg#5 word 46/50  data=0x0100002e
[FPGA1] TX msg#5 word 47/50  data=0x0100002f
[FPGA1] RX msg#5      data=0x02000020 (len=4 B      )
[FPGA1] RX msg#5      data=0x02000021 (len=4 B      )
[FPGA1] RX msg#5      data=0x02000022 (len=4 B      )
[FPGA1] RX msg#5      data=0x02000023 (len=4 B      )
[FPGA1] RX msg#5      data=0x02000024 (len=4 B      )
[FPGA1] RX msg#5      data=0x02000025 (len=4 B      )
[FPGA1] RX msg#5      data=0x02000026 (len=4 B      )
[FPGA1] RX msg#5      data=0x02000027 (len=4 B      )
[FPGA1] RX msg#5      data=0x02000028 (len=4 B      )
[FPGA1] RX msg#5      data=0x02000029 (len=4 B      )
[FPGA1] RX msg#5      data=0x0200002a (len=4 B      )
[FPGA1] RX msg#5      data=0x0200002b (len=4 B      )
[FPGA1] RX msg#5      data=0x0200002c (len=4 B      )
[FPGA1] RX msg#5      data=0x0200002d (len=4 B      )
[FPGA1] RX msg#5      data=0x0200002e (len=4 B      )
[FPGA1] RX msg#5      data=0x0200002f (len=4 B, last)
[FPGA1] RX msg#5      data=0x02000030 (len=4 B      )
[FPGA1] RX msg#5      data=0x02000031 (len=4 B, last)
[FPGA1] TX msg#5 word 48/50  data=0x01000030
[FPGA1] TX msg#5 word 49/50  data=0x01000031
[FPGA1] TX msg#5 done (200 bytes)
[FPGA1] TX msg#6 word 0/50  data=0x01000000
[FPGA1] TX msg#6 word 1/50  data=0x01000001
[FPGA1] TX msg#6 word 2/50  data=0x01000002
[FPGA1] TX msg#6 word 3/50  data=0x01000003
[FPGA1] TX msg#6 word 4/50  data=0x01000004
[FPGA1] TX msg#6 word 5/50  data=0x01000005
[FPGA1] TX msg#6 word 6/50  data=0x01000006
[FPGA1] TX msg#6 word 7/50  data=0x01000007
[FPGA1] TX msg#6 word 8/50  data=0x01000008
[FPGA1] TX msg#6 word 9/50  data=0x01000009
[FPGA1] TX msg#6 word 10/50  data=0x0100000a
[FPGA1] TX msg#6 word 11/50  data=0x0100000b
[FPGA1] TX msg#6 word 12/50  data=0x0100000c
[FPGA1] TX msg#6 word 13/50  data=0x0100000d
[FPGA1] TX msg#6 word 14/50  data=0x0100000e
[FPGA1] TX msg#6 word 15/50  data=0x0100000f
[FPGA1] RX msg#6      data=0x02000000 (len=4 B      )
[FPGA1] RX msg#6      data=0x02000001 (len=4 B      )
[FPGA1] RX msg#6      data=0x02000002 (len=4 B      )
[FPGA1] RX msg#6      data=0x02000003 (len=4 B      )
[FPGA1] RX msg#6      data=0x02000004 (len=4 B      )
[FPGA1] RX msg#6      data=0x02000005 (len=4 B      )
[FPGA1] RX msg#6      data=0x02000006 (len=4 B      )
[FPGA1] RX msg#6      data=0x02000007 (len=4 B      )
[FPGA1] RX msg#6      data=0x02000008 (len=4 B      )
[FPGA1] RX msg#6      data=0x02000009 (len=4 B      )
[FPGA1] RX msg#6      data=0x0200000a (len=4 B      )
[FPGA1] RX msg#6      data=0x0200000b (len=4 B      )
[FPGA1] RX msg#6      data=0x0200000c (len=4 B      )
[FPGA1] RX msg#6      data=0x0200000d (len=4 B      )
[FPGA1] RX msg#6      data=0x0200000e (len=4 B      )
[FPGA1] RX msg#6      data=0x0200000f (len=4 B, last)
[FPGA1] TX msg#6 word 16/50  data=0x01000010
[FPGA1] TX msg#6 word 17/50  data=0x01000011
[FPGA1] TX msg#6 word 18/50  data=0x01000012
[FPGA1] TX msg#6 word 19/50  data=0x01000013
[FPGA1] TX msg#6 word 20/50  data=0x01000014
[FPGA1] TX msg#6 word 21/50  data=0x01000015
[FPGA1] TX msg#6 word 22/50  data=0x01000016
[FPGA1] TX msg#6 word 23/50  data=0x01000017
[FPGA1] TX msg#6 word 24/50  data=0x01000018
[FPGA1] TX msg#6 word 25/50  data=0x01000019
[FPGA1] TX msg#6 word 26/50  data=0x0100001a
[FPGA1] TX msg#6 word 27/50  data=0x0100001b
[FPGA1] TX msg#6 word 28/50  data=0x0100001c
[FPGA1] TX msg#6 word 29/50  data=0x0100001d
[FPGA1] TX msg#6 word 30/50  data=0x0100001e
[FPGA1] TX msg#6 word 31/50  data=0x0100001f
[FPGA1] RX msg#6      data=0x02000010 (len=4 B      )
[FPGA1] RX msg#6      data=0x02000011 (len=4 B      )
[FPGA1] RX msg#6      data=0x02000012 (len=4 B      )
[FPGA1] RX msg#6      data=0x02000013 (len=4 B      )
[FPGA1] RX msg#6      data=0x02000014 (len=4 B      )
[FPGA1] RX msg#6      data=0x02000015 (len=4 B      )
[FPGA1] RX msg#6      data=0x02000016 (len=4 B      )
[FPGA1] RX msg#6      data=0x02000017 (len=4 B      )
[FPGA1] RX msg#6      data=0x02000018 (len=4 B      )
[FPGA1] RX msg#6      data=0x02000019 (len=4 B      )
[FPGA1] RX msg#6      data=0x0200001a (len=4 B      )
[FPGA1] RX msg#6      data=0x0200001b (len=4 B      )
[FPGA1] RX msg#6      data=0x0200001c (len=4 B      )
[FPGA1] RX msg#6      data=0x0200001d (len=4 B      )
[FPGA1] RX msg#6      data=0x0200001e (len=4 B      )
[FPGA1] RX msg#6      data=0x0200001f (len=4 B, last)
[FPGA1] TX msg#6 word 32/50  data=0x01000020
[FPGA1] TX msg#6 word 33/50  data=0x01000021
[FPGA1] TX msg#6 word 34/50  data=0x01000022
[FPGA1] TX msg#6 word 35/50  data=0x01000023
[FPGA1] TX msg#6 word 36/50  data=0x01000024
[FPGA1] TX msg#6 word 37/50  data=0x01000025
[FPGA1] TX msg#6 word 38/50  data=0x01000026
[FPGA1] TX msg#6 word 39/50  data=0x01000027
[FPGA1] TX msg#6 word 40/50  data=0x01000028
[FPGA1] TX msg#6 word 41/50  data=0x01000029
[FPGA1] TX msg#6 word 42/50  data=0x0100002a
[FPGA1] TX msg#6 word 43/50  data=0x0100002b
[FPGA1] TX msg#6 word 44/50  data=0x0100002c
[FPGA1] TX msg#6 word 45/50  data=0x0100002d
[FPGA1] TX msg#6 word 46/50  data=0x0100002e
[FPGA1] TX msg#6 word 47/50  data=0x0100002f
[FPGA1] RX msg#6      data=0x02000020 (len=4 B      )
[FPGA1] RX msg#6      data=0x02000021 (len=4 B      )
[FPGA1] RX msg#6      data=0x02000022 (len=4 B      )
[FPGA1] RX msg#6      data=0x02000023 (len=4 B      )
[FPGA1] RX msg#6      data=0x02000024 (len=4 B      )
[FPGA1] RX msg#6      data=0x02000025 (len=4 B      )
[FPGA1] RX msg#6      data=0x02000026 (len=4 B      )
[FPGA1] RX msg#6      data=0x02000027 (len=4 B      )
[FPGA1] RX msg#6      data=0x02000028 (len=4 B      )
[FPGA1] RX msg#6      data=0x02000029 (len=4 B      )
[FPGA1] RX msg#6      data=0x0200002a (len=4 B      )
[FPGA1] RX msg#6      data=0x0200002b (len=4 B      )
[FPGA1] RX msg#6      data=0x0200002c (len=4 B      )
[FPGA1] RX msg#6      data=0x0200002d (len=4 B      )
[FPGA1] RX msg#6      data=0x0200002e (len=4 B      )
[FPGA1] RX msg#6      data=0x0200002f (len=4 B, last)
[FPGA1] RX msg#6      data=0x02000030 (len=4 B      )
[FPGA1] RX msg#6      data=0x02000031 (len=4 B, last)
[FPGA1] TX msg#6 word 48/50  data=0x01000030
[FPGA1] TX msg#6 word 49/50  data=0x01000031
[FPGA1] TX msg#6 done (200 bytes)
[FPGA1] TX msg#7 word 0/50  data=0x01000000
[FPGA1] TX msg#7 word 1/50  data=0x01000001
[FPGA1] TX msg#7 word 2/50  data=0x01000002
[FPGA1] TX msg#7 word 3/50  data=0x01000003
[FPGA1] TX msg#7 word 4/50  data=0x01000004
[FPGA1] TX msg#7 word 5/50  data=0x01000005
[FPGA1] TX msg#7 word 6/50  data=0x01000006
[FPGA1] TX msg#7 word 7/50  data=0x01000007
[FPGA1] TX msg#7 word 8/50  data=0x01000008
[FPGA1] TX msg#7 word 9/50  data=0x01000009
[FPGA1] TX msg#7 word 10/50  data=0x0100000a
[FPGA1] TX msg#7 word 11/50  data=0x0100000b
[FPGA1] TX msg#7 word 12/50  data=0x0100000c
[FPGA1] TX msg#7 word 13/50  data=0x0100000d
[FPGA1] TX msg#7 word 14/50  data=0x0100000e
[FPGA1] TX msg#7 word 15/50  data=0x0100000f
[FPGA1] RX msg#7      data=0x02000000 (len=4 B      )
[FPGA1] RX msg#7      data=0x02000001 (len=4 B      )
[FPGA1] RX msg#7      data=0x02000002 (len=4 B      )
[FPGA1] RX msg#7      data=0x02000003 (len=4 B      )
[FPGA1] RX msg#7      data=0x02000004 (len=4 B      )
[FPGA1] RX msg#7      data=0x02000005 (len=4 B      )
[FPGA1] RX msg#7      data=0x02000006 (len=4 B      )
[FPGA1] RX msg#7      data=0x02000007 (len=4 B      )
[FPGA1] RX msg#7      data=0x02000008 (len=4 B      )
[FPGA1] RX msg#7      data=0x02000009 (len=4 B      )
[FPGA1] RX msg#7      data=0x0200000a (len=4 B      )
[FPGA1] RX msg#7      data=0x0200000b (len=4 B      )
[FPGA1] RX msg#7      data=0x0200000c (len=4 B      )
[FPGA1] RX msg#7      data=0x0200000d (len=4 B      )
[FPGA1] RX msg#7      data=0x0200000e (len=4 B      )
[FPGA1] RX msg#7      data=0x0200000f (len=4 B, last)
[FPGA1] TX msg#7 word 16/50  data=0x01000010
[FPGA1] TX msg#7 word 17/50  data=0x01000011
[FPGA1] TX msg#7 word 18/50  data=0x01000012
[FPGA1] TX msg#7 word 19/50  data=0x01000013
[FPGA1] TX msg#7 word 20/50  data=0x01000014
[FPGA1] TX msg#7 word 21/50  data=0x01000015
[FPGA1] TX msg#7 word 22/50  data=0x01000016
[FPGA1] TX msg#7 word 23/50  data=0x01000017
[FPGA1] TX msg#7 word 24/50  data=0x01000018
[FPGA1] TX msg#7 word 25/50  data=0x01000019
[FPGA1] TX msg#7 word 26/50  data=0x0100001a
[FPGA1] TX msg#7 word 27/50  data=0x0100001b
[FPGA1] TX msg#7 word 28/50  data=0x0100001c
[FPGA1] TX msg#7 word 29/50  data=0x0100001d
[FPGA1] TX msg#7 word 30/50  data=0x0100001e
[FPGA1] TX msg#7 word 31/50  data=0x0100001f
[FPGA1] RX msg#7      data=0x02000010 (len=4 B      )
[FPGA1] RX msg#7      data=0x02000011 (len=4 B      )
[FPGA1] RX msg#7      data=0x02000012 (len=4 B      )
[FPGA1] RX msg#7      data=0x02000013 (len=4 B      )
[FPGA1] RX msg#7      data=0x02000014 (len=4 B      )
[FPGA1] RX msg#7      data=0x02000015 (len=4 B      )
[FPGA1] RX msg#7      data=0x02000016 (len=4 B      )
[FPGA1] RX msg#7      data=0x02000017 (len=4 B      )
[FPGA1] RX msg#7      data=0x02000018 (len=4 B      )
[FPGA1] RX msg#7      data=0x02000019 (len=4 B      )
[FPGA1] RX msg#7      data=0x0200001a (len=4 B      )
[FPGA1] RX msg#7      data=0x0200001b (len=4 B      )
[FPGA1] RX msg#7      data=0x0200001c (len=4 B      )
[FPGA1] RX msg#7      data=0x0200001d (len=4 B      )
[FPGA1] RX msg#7      data=0x0200001e (len=4 B      )
[FPGA1] RX msg#7      data=0x0200001f (len=4 B, last)
[FPGA1] TX msg#7 word 32/50  data=0x01000020
[FPGA1] TX msg#7 word 33/50  data=0x01000021
[FPGA1] TX msg#7 word 34/50  data=0x01000022
[FPGA1] TX msg#7 word 35/50  data=0x01000023
[FPGA1] TX msg#7 word 36/50  data=0x01000024
[FPGA1] TX msg#7 word 37/50  data=0x01000025
[FPGA1] TX msg#7 word 38/50  data=0x01000026
[FPGA1] TX msg#7 word 39/50  data=0x01000027
[FPGA1] TX msg#7 word 40/50  data=0x01000028
[FPGA1] TX msg#7 word 41/50  data=0x01000029
[FPGA1] TX msg#7 word 42/50  data=0x0100002a
[FPGA1] TX msg#7 word 43/50  data=0x0100002b
[FPGA1] TX msg#7 word 44/50  data=0x0100002c
[FPGA1] TX msg#7 word 45/50  data=0x0100002d
[FPGA1] TX msg#7 word 46/50  data=0x0100002e
[FPGA1] TX msg#7 word 47/50  data=0x0100002f
[FPGA1] RX msg#7      data=0x02000020 (len=4 B      )
[FPGA1] RX msg#7      data=0x02000021 (len=4 B      )
[FPGA1] RX msg#7      data=0x02000022 (len=4 B      )
[FPGA1] RX msg#7      data=0x02000023 (len=4 B      )
[FPGA1] RX msg#7      data=0x02000024 (len=4 B      )
[FPGA1] RX msg#7      data=0x02000025 (len=4 B      )
[FPGA1] RX msg#7      data=0x02000026 (len=4 B      )
[FPGA1] RX msg#7      data=0x02000027 (len=4 B      )
[FPGA1] RX msg#7      data=0x02000028 (len=4 B      )
[FPGA1] RX msg#7      data=0x02000029 (len=4 B      )
[FPGA1] RX msg#7      data=0x0200002a (len=4 B      )
[FPGA1] RX msg#7      data=0x0200002b (len=4 B      )
[FPGA1] RX msg#7      data=0x0200002c (len=4 B      )
[FPGA1] RX msg#7      data=0x0200002d (len=4 B      )
[FPGA1] RX msg#7      data=0x0200002e (len=4 B      )
[FPGA1] RX msg#7      data=0x0200002f (len=4 B, last)
[FPGA1] RX msg#7      data=0x02000030 (len=4 B      )
[FPGA1] RX msg#7      data=0x02000031 (len=4 B, last)
[FPGA1] TX msg#7 word 48/50  data=0x01000030
[FPGA1] TX msg#7 word 49/50  data=0x01000031
[FPGA1] TX msg#7 done (200 bytes)
[FPGA1] TX msg#8 word 0/50  data=0x01000000
[FPGA1] TX msg#8 word 1/50  data=0x01000001
[FPGA1] TX msg#8 word 2/50  data=0x01000002
[FPGA1] TX msg#8 word 3/50  data=0x01000003
[FPGA1] TX msg#8 word 4/50  data=0x01000004
[FPGA1] TX msg#8 word 5/50  data=0x01000005
[FPGA1] TX msg#8 word 6/50  data=0x01000006
[FPGA1] TX msg#8 word 7/50  data=0x01000007
[FPGA1] TX msg#8 word 8/50  data=0x01000008
[FPGA1] TX msg#8 word 9/50  data=0x01000009
[FPGA1] TX msg#8 word 10/50  data=0x0100000a
[FPGA1] TX msg#8 word 11/50  data=0x0100000b
[FPGA1] TX msg#8 word 12/50  data=0x0100000c
[FPGA1] TX msg#8 word 13/50  data=0x0100000d
[FPGA1] TX msg#8 word 14/50  data=0x0100000e
[FPGA1] TX msg#8 word 15/50  data=0x0100000f
[FPGA1] RX msg#8      data=0x02000000 (len=4 B      )
[FPGA1] RX msg#8      data=0x02000001 (len=4 B      )
[FPGA1] RX msg#8      data=0x02000002 (len=4 B      )
[FPGA1] RX msg#8      data=0x02000003 (len=4 B      )
[FPGA1] RX msg#8      data=0x02000004 (len=4 B      )
[FPGA1] RX msg#8      data=0x02000005 (len=4 B      )
[FPGA1] RX msg#8      data=0x02000006 (len=4 B      )
[FPGA1] RX msg#8      data=0x02000007 (len=4 B      )
[FPGA1] RX msg#8      data=0x02000008 (len=4 B      )
[FPGA1] RX msg#8      data=0x02000009 (len=4 B      )
[FPGA1] RX msg#8      data=0x0200000a (len=4 B      )
[FPGA1] RX msg#8      data=0x0200000b (len=4 B      )
[FPGA1] RX msg#8      data=0x0200000c (len=4 B      )
[FPGA1] RX msg#8      data=0x0200000d (len=4 B      )
[FPGA1] RX msg#8      data=0x0200000e (len=4 B      )
[FPGA1] RX msg#8      data=0x0200000f (len=4 B, last)
[FPGA1] TX msg#8 word 16/50  data=0x01000010
[FPGA1] TX msg#8 word 17/50  data=0x01000011
[FPGA1] TX msg#8 word 18/50  data=0x01000012
[FPGA1] TX msg#8 word 19/50  data=0x01000013
[FPGA1] TX msg#8 word 20/50  data=0x01000014
[FPGA1] TX msg#8 word 21/50  data=0x01000015
[FPGA1] TX msg#8 word 22/50  data=0x01000016
[FPGA1] TX msg#8 word 23/50  data=0x01000017
[FPGA1] TX msg#8 word 24/50  data=0x01000018
[FPGA1] TX msg#8 word 25/50  data=0x01000019
[FPGA1] TX msg#8 word 26/50  data=0x0100001a
[FPGA1] TX msg#8 word 27/50  data=0x0100001b
[FPGA1] TX msg#8 word 28/50  data=0x0100001c
[FPGA1] TX msg#8 word 29/50  data=0x0100001d
[FPGA1] TX msg#8 word 30/50  data=0x0100001e
[FPGA1] TX msg#8 word 31/50  data=0x0100001f
[FPGA1] RX msg#8      data=0x02000010 (len=4 B      )
[FPGA1] RX msg#8      data=0x02000011 (len=4 B      )
[FPGA1] RX msg#8      data=0x02000012 (len=4 B      )
[FPGA1] RX msg#8      data=0x02000013 (len=4 B      )
[FPGA1] RX msg#8      data=0x02000014 (len=4 B      )
[FPGA1] RX msg#8      data=0x02000015 (len=4 B      )
[FPGA1] RX msg#8      data=0x02000016 (len=4 B      )
[FPGA1] RX msg#8      data=0x02000017 (len=4 B      )
[FPGA1] RX msg#8      data=0x02000018 (len=4 B      )
[FPGA1] RX msg#8      data=0x02000019 (len=4 B      )
[FPGA1] RX msg#8      data=0x0200001a (len=4 B      )
[FPGA1] RX msg#8      data=0x0200001b (len=4 B      )
[FPGA1] RX msg#8      data=0x0200001c (len=4 B      )
[FPGA1] RX msg#8      data=0x0200001d (len=4 B      )
[FPGA1] RX msg#8      data=0x0200001e (len=4 B      )
[FPGA1] RX msg#8      data=0x0200001f (len=4 B, last)
[FPGA1] TX msg#8 word 32/50  data=0x01000020
[FPGA1] TX msg#8 word 33/50  data=0x01000021
[FPGA1] TX msg#8 word 34/50  data=0x01000022
[FPGA1] TX msg#8 word 35/50  data=0x01000023
[FPGA1] TX msg#8 word 36/50  data=0x01000024
[FPGA1] TX msg#8 word 37/50  data=0x01000025
[FPGA1] TX msg#8 word 38/50  data=0x01000026
[FPGA1] TX msg#8 word 39/50  data=0x01000027
[FPGA1] TX msg#8 word 40/50  data=0x01000028
[FPGA1] TX msg#8 word 41/50  data=0x01000029
[FPGA1] TX msg#8 word 42/50  data=0x0100002a
[FPGA1] TX msg#8 word 43/50  data=0x0100002b
[FPGA1] TX msg#8 word 44/50  data=0x0100002c
[FPGA1] TX msg#8 word 45/50  data=0x0100002d
[FPGA1] TX msg#8 word 46/50  data=0x0100002e
[FPGA1] TX msg#8 word 47/50  data=0x0100002f
[FPGA1] RX msg#8      data=0x02000020 (len=4 B      )
[FPGA1] RX msg#8      data=0x02000021 (len=4 B      )
[FPGA1] RX msg#8      data=0x02000022 (len=4 B      )
[FPGA1] RX msg#8      data=0x02000023 (len=4 B      )
[FPGA1] RX msg#8      data=0x02000024 (len=4 B      )
[FPGA1] RX msg#8      data=0x02000025 (len=4 B      )
[FPGA1] RX msg#8      data=0x02000026 (len=4 B      )
[FPGA1] RX msg#8      data=0x02000027 (len=4 B      )
[FPGA1] RX msg#8      data=0x02000028 (len=4 B      )
[FPGA1] RX msg#8      data=0x02000029 (len=4 B      )
[FPGA1] RX msg#8      data=0x0200002a (len=4 B      )
[FPGA1] RX msg#8      data=0x0200002b (len=4 B      )
[FPGA1] RX msg#8      data=0x0200002c (len=4 B      )
[FPGA1] RX msg#8      data=0x0200002d (len=4 B      )
[FPGA1] RX msg#8      data=0x0200002e (len=4 B      )
[FPGA1] RX msg#8      data=0x0200002f (len=4 B, last)
[FPGA1] RX msg#8      data=0x02000030 (len=4 B      )
[FPGA1] RX msg#8      data=0x02000031 (len=4 B, last)
[FPGA1] TX msg#8 word 48/50  data=0x01000030
[FPGA1] TX msg#8 word 49/50  data=0x01000031
[FPGA1] TX msg#8 done (200 bytes)
[FPGA1] TX msg#9 word 0/50  data=0x01000000
[FPGA1] TX msg#9 word 1/50  data=0x01000001
[FPGA1] TX msg#9 word 2/50  data=0x01000002
[FPGA1] TX msg#9 word 3/50  data=0x01000003
[FPGA1] TX msg#9 word 4/50  data=0x01000004
[FPGA1] TX msg#9 word 5/50  data=0x01000005
[FPGA1] TX msg#9 word 6/50  data=0x01000006
[FPGA1] TX msg#9 word 7/50  data=0x01000007
[FPGA1] TX msg#9 word 8/50  data=0x01000008
[FPGA1] TX msg#9 word 9/50  data=0x01000009
[FPGA1] TX msg#9 word 10/50  data=0x0100000a
[FPGA1] TX msg#9 word 11/50  data=0x0100000b
[FPGA1] TX msg#9 word 12/50  data=0x0100000c
[FPGA1] TX msg#9 word 13/50  data=0x0100000d
[FPGA1] TX msg#9 word 14/50  data=0x0100000e
[FPGA1] TX msg#9 word 15/50  data=0x0100000f
[FPGA1] RX msg#9      data=0x02000000 (len=4 B      )
[FPGA1] RX msg#9      data=0x02000001 (len=4 B      )
[FPGA1] RX msg#9      data=0x02000002 (len=4 B      )
[FPGA1] RX msg#9      data=0x02000003 (len=4 B      )
[FPGA1] RX msg#9      data=0x02000004 (len=4 B      )
[FPGA1] RX msg#9      data=0x02000005 (len=4 B      )
[FPGA1] RX msg#9      data=0x02000006 (len=4 B      )
[FPGA1] RX msg#9      data=0x02000007 (len=4 B      )
[FPGA1] RX msg#9      data=0x02000008 (len=4 B      )
[FPGA1] RX msg#9      data=0x02000009 (len=4 B      )
[FPGA1] RX msg#9      data=0x0200000a (len=4 B      )
[FPGA1] RX msg#9      data=0x0200000b (len=4 B      )
[FPGA1] RX msg#9      data=0x0200000c (len=4 B      )
[FPGA1] RX msg#9      data=0x0200000d (len=4 B      )
[FPGA1] RX msg#9      data=0x0200000e (len=4 B      )
[FPGA1] RX msg#9      data=0x0200000f (len=4 B, last)
[FPGA1] TX msg#9 word 16/50  data=0x01000010
[FPGA1] TX msg#9 word 17/50  data=0x01000011
[FPGA1] TX msg#9 word 18/50  data=0x01000012
[FPGA1] TX msg#9 word 19/50  data=0x01000013
[FPGA1] TX msg#9 word 20/50  data=0x01000014
[FPGA1] TX msg#9 word 21/50  data=0x01000015
[FPGA1] TX msg#9 word 22/50  data=0x01000016
[FPGA1] TX msg#9 word 23/50  data=0x01000017
[FPGA1] TX msg#9 word 24/50  data=0x01000018
[FPGA1] TX msg#9 word 25/50  data=0x01000019
[FPGA1] TX msg#9 word 26/50  data=0x0100001a
[FPGA1] TX msg#9 word 27/50  data=0x0100001b
[FPGA1] TX msg#9 word 28/50  data=0x0100001c
[FPGA1] TX msg#9 word 29/50  data=0x0100001d
[FPGA1] TX msg#9 word 30/50  data=0x0100001e
[FPGA1] TX msg#9 word 31/50  data=0x0100001f
[FPGA1] RX msg#9      data=0x02000010 (len=4 B      )
[FPGA1] RX msg#9      data=0x02000011 (len=4 B      )
[FPGA1] RX msg#9      data=0x02000012 (len=4 B      )
[FPGA1] RX msg#9      data=0x02000013 (len=4 B      )
[FPGA1] RX msg#9      data=0x02000014 (len=4 B      )
[FPGA1] RX msg#9      data=0x02000015 (len=4 B      )
[FPGA1] RX msg#9      data=0x02000016 (len=4 B      )
[FPGA1] RX msg#9      data=0x02000017 (len=4 B      )
[FPGA1] RX msg#9      data=0x02000018 (len=4 B      )
[FPGA1] RX msg#9      data=0x02000019 (len=4 B      )
[FPGA1] RX msg#9      data=0x0200001a (len=4 B      )
[FPGA1] RX msg#9      data=0x0200001b (len=4 B      )
[FPGA1] RX msg#9      data=0x0200001c (len=4 B      )
[FPGA1] RX msg#9      data=0x0200001d (len=4 B      )
[FPGA1] RX msg#9      data=0x0200001e (len=4 B      )
[FPGA1] RX msg#9      data=0x0200001f (len=4 B, last)
[FPGA1] TX msg#9 word 32/50  data=0x01000020
[FPGA1] TX msg#9 word 33/50  data=0x01000021
[FPGA1] TX msg#9 word 34/50  data=0x01000022
[FPGA1] TX msg#9 word 35/50  data=0x01000023
[FPGA1] TX msg#9 word 36/50  data=0x01000024
[FPGA1] TX msg#9 word 37/50  data=0x01000025
[FPGA1] TX msg#9 word 38/50  data=0x01000026
[FPGA1] TX msg#9 word 39/50  data=0x01000027
[FPGA1] TX msg#9 word 40/50  data=0x01000028
[FPGA1] TX msg#9 word 41/50  data=0x01000029
[FPGA1] TX msg#9 word 42/50  data=0x0100002a
[FPGA1] TX msg#9 word 43/50  data=0x0100002b
[FPGA1] TX msg#9 word 44/50  data=0x0100002c
[FPGA1] TX msg#9 word 45/50  data=0x0100002d
[FPGA1] TX msg#9 word 46/50  data=0x0100002e
[FPGA1] TX msg#9 word 47/50  data=0x0100002f
[FPGA1] RX msg#9      data=0x02000020 (len=4 B      )
[FPGA1] RX msg#9      data=0x02000021 (len=4 B      )
[FPGA1] RX msg#9      data=0x02000022 (len=4 B      )
[FPGA1] RX msg#9      data=0x02000023 (len=4 B      )
[FPGA1] RX msg#9      data=0x02000024 (len=4 B      )
[FPGA1] RX msg#9      data=0x02000025 (len=4 B      )
[FPGA1] RX msg#9      data=0x02000026 (len=4 B      )
[FPGA1] RX msg#9      data=0x02000027 (len=4 B      )
[FPGA1] RX msg#9      data=0x02000028 (len=4 B      )
[FPGA1] RX msg#9      data=0x02000029 (len=4 B      )
[FPGA1] RX msg#9      data=0x0200002a (len=4 B      )
[FPGA1] RX msg#9      data=0x0200002b (len=4 B      )
[FPGA1] RX msg#9      data=0x0200002c (len=4 B      )
[FPGA1] RX msg#9      data=0x0200002d (len=4 B      )
[FPGA1] RX msg#9      data=0x0200002e (len=4 B      )
[FPGA1] RX msg#9      data=0x0200002f (len=4 B, last)
[FPGA1] RX msg#9      data=0x02000030 (len=4 B      )
[FPGA1] RX msg#9      data=0x02000031 (len=4 B, last)
[FPGA1] TX msg#9 word 48/50  data=0x01000030
[FPGA1] TX msg#9 word 49/50  data=0x01000031
[FPGA1] TX msg#9 done (200 bytes)
[FPGA1] TX msg#10 word 0/50  data=0x01000000
[FPGA1] TX msg#10 word 1/50  data=0x01000001
[FPGA1] TX msg#10 word 2/50  data=0x01000002
[FPGA1] TX msg#10 word 3/50  data=0x01000003
[FPGA1] TX msg#10 word 4/50  data=0x01000004
[FPGA1] TX msg#10 word 5/50  data=0x01000005
[FPGA1] TX msg#10 word 6/50  data=0x01000006
[FPGA1] TX msg#10 word 7/50  data=0x01000007
[FPGA1] TX msg#10 word 8/50  data=0x01000008
[FPGA1] TX msg#10 word 9/50  data=0x01000009
[FPGA1] TX msg#10 word 10/50  data=0x0100000a
[FPGA1] TX msg#10 word 11/50  data=0x0100000b
[FPGA1] TX msg#10 word 12/50  data=0x0100000c
[FPGA1] TX msg#10 word 13/50  data=0x0100000d
[FPGA1] TX msg#10 word 14/50  data=0x0100000e
[FPGA1] TX msg#10 word 15/50  data=0x0100000f
[FPGA1] RX msg#10      data=0x02000000 (len=4 B      )
[FPGA1] RX msg#10      data=0x02000001 (len=4 B      )
[FPGA1] RX msg#10      data=0x02000002 (len=4 B      )
[FPGA1] RX msg#10      data=0x02000003 (len=4 B      )
[FPGA1] RX msg#10      data=0x02000004 (len=4 B      )
[FPGA1] RX msg#10      data=0x02000005 (len=4 B      )
[FPGA1] RX msg#10      data=0x02000006 (len=4 B      )
[FPGA1] RX msg#10      data=0x02000007 (len=4 B      )
[FPGA1] RX msg#10      data=0x02000008 (len=4 B      )
[FPGA1] RX msg#10      data=0x02000009 (len=4 B      )
[FPGA1] RX msg#10      data=0x0200000a (len=4 B      )
[FPGA1] RX msg#10      data=0x0200000b (len=4 B      )
[FPGA1] RX msg#10      data=0x0200000c (len=4 B      )
[FPGA1] RX msg#10      data=0x0200000d (len=4 B      )
[FPGA1] RX msg#10      data=0x0200000e (len=4 B      )
[FPGA1] RX msg#10      data=0x0200000f (len=4 B, last)
[FPGA1] TX msg#10 word 16/50  data=0x01000010
[FPGA1] TX msg#10 word 17/50  data=0x01000011
[FPGA1] TX msg#10 word 18/50  data=0x01000012
[FPGA1] TX msg#10 word 19/50  data=0x01000013
[FPGA1] TX msg#10 word 20/50  data=0x01000014
[FPGA1] TX msg#10 word 21/50  data=0x01000015
[FPGA1] TX msg#10 word 22/50  data=0x01000016
[FPGA1] TX msg#10 word 23/50  data=0x01000017
[FPGA1] TX msg#10 word 24/50  data=0x01000018
[FPGA1] TX msg#10 word 25/50  data=0x01000019
[FPGA1] TX msg#10 word 26/50  data=0x0100001a
[FPGA1] TX msg#10 word 27/50  data=0x0100001b
[FPGA1] TX msg#10 word 28/50  data=0x0100001c
[FPGA1] TX msg#10 word 29/50  data=0x0100001d
[FPGA1] TX msg#10 word 30/50  data=0x0100001e
[FPGA1] TX msg#10 word 31/50  data=0x0100001f
[FPGA1] RX msg#10      data=0x02000010 (len=4 B      )
[FPGA1] RX msg#10      data=0x02000011 (len=4 B      )
[FPGA1] RX msg#10      data=0x02000012 (len=4 B      )
[FPGA1] RX msg#10      data=0x02000013 (len=4 B      )
[FPGA1] RX msg#10      data=0x02000014 (len=4 B      )
[FPGA1] RX msg#10      data=0x02000015 (len=4 B      )
[FPGA1] RX msg#10      data=0x02000016 (len=4 B      )
[FPGA1] RX msg#10      data=0x02000017 (len=4 B      )
[FPGA1] RX msg#10      data=0x02000018 (len=4 B      )
[FPGA1] RX msg#10      data=0x02000019 (len=4 B      )
[FPGA1] RX msg#10      data=0x0200001a (len=4 B      )
[FPGA1] RX msg#10      data=0x0200001b (len=4 B      )
[FPGA1] RX msg#10      data=0x0200001c (len=4 B      )
[FPGA1] RX msg#10      data=0x0200001d (len=4 B      )
[FPGA1] RX msg#10      data=0x0200001e (len=4 B      )
[FPGA1] RX msg#10      data=0x0200001f (len=4 B, last)
[FPGA1] TX msg#10 word 32/50  data=0x01000020
[FPGA1] TX msg#10 word 33/50  data=0x01000021
[FPGA1] TX msg#10 word 34/50  data=0x01000022
[FPGA1] TX msg#10 word 35/50  data=0x01000023
[FPGA1] TX msg#10 word 36/50  data=0x01000024
[FPGA1] TX msg#10 word 37/50  data=0x01000025
[FPGA1] TX msg#10 word 38/50  data=0x01000026
[FPGA1] TX msg#10 word 39/50  data=0x01000027
[FPGA1] TX msg#10 word 40/50  data=0x01000028
[FPGA1] TX msg#10 word 41/50  data=0x01000029
[FPGA1] TX msg#10 word 42/50  data=0x0100002a
[FPGA1] TX msg#10 word 43/50  data=0x0100002b
[FPGA1] TX msg#10 word 44/50  data=0x0100002c
[FPGA1] TX msg#10 word 45/50  data=0x0100002d
[FPGA1] TX msg#10 word 46/50  data=0x0100002e
[FPGA1] TX msg#10 word 47/50  data=0x0100002f
[FPGA1] RX msg#10      data=0x02000020 (len=4 B      )
[FPGA1] RX msg#10      data=0x02000021 (len=4 B      )
[FPGA1] RX msg#10      data=0x02000022 (len=4 B      )
[FPGA1] RX msg#10      data=0x02000023 (len=4 B      )
[FPGA1] RX msg#10      data=0x02000024 (len=4 B      )
[FPGA1] RX msg#10      data=0x02000025 (len=4 B      )
[FPGA1] RX msg#10      data=0x02000026 (len=4 B      )
[FPGA1] RX msg#10      data=0x02000027 (len=4 B      )
[FPGA1] RX msg#10      data=0x02000028 (len=4 B      )
[FPGA1] RX msg#10      data=0x02000029 (len=4 B      )
[FPGA1] RX msg#10      data=0x0200002a (len=4 B      )
[FPGA1] RX msg#10      data=0x0200002b (len=4 B      )
[FPGA1] RX msg#10      data=0x0200002c (len=4 B      )
[FPGA1] RX msg#10      data=0x0200002d (len=4 B      )
[FPGA1] RX msg#10      data=0x0200002e (len=4 B      )
[FPGA1] RX msg#10      data=0x0200002f (len=4 B, last)
[FPGA1] RX msg#10      data=0x02000030 (len=4 B      )
[FPGA1] RX msg#10      data=0x02000031 (len=4 B, last)
[FPGA1] TX msg#10 word 48/50  data=0x01000030
[FPGA1] TX msg#10 word 49/50  data=0x01000031
[FPGA1] TX msg#10 done (200 bytes)
[FPGA1] TX msg#11 word 0/50  data=0x01000000
[FPGA1] TX msg#11 word 1/50  data=0x01000001
[FPGA1] TX msg#11 word 2/50  data=0x01000002
[FPGA1] TX msg#11 word 3/50  data=0x01000003
[FPGA1] TX msg#11 word 4/50  data=0x01000004
[FPGA1] TX msg#11 word 5/50  data=0x01000005
[FPGA1] TX msg#11 word 6/50  data=0x01000006
[FPGA1] TX msg#11 word 7/50  data=0x01000007
[FPGA1] TX msg#11 word 8/50  data=0x01000008
[FPGA1] TX msg#11 word 9/50  data=0x01000009
[FPGA1] TX msg#11 word 10/50  data=0x0100000a
[FPGA1] TX msg#11 word 11/50  data=0x0100000b
[FPGA1] TX msg#11 word 12/50  data=0x0100000c
[FPGA1] TX msg#11 word 13/50  data=0x0100000d
[FPGA1] TX msg#11 word 14/50  data=0x0100000e
[FPGA1] TX msg#11 word 15/50  data=0x0100000f
[FPGA1] RX msg#11      data=0x02000000 (len=4 B      )
[FPGA1] RX msg#11      data=0x02000001 (len=4 B      )
[FPGA1] RX msg#11      data=0x02000002 (len=4 B      )
[FPGA1] RX msg#11      data=0x02000003 (len=4 B      )
[FPGA1] RX msg#11      data=0x02000004 (len=4 B      )
[FPGA1] RX msg#11      data=0x02000005 (len=4 B      )
[FPGA1] RX msg#11      data=0x02000006 (len=4 B      )
[FPGA1] RX msg#11      data=0x02000007 (len=4 B      )
[FPGA1] RX msg#11      data=0x02000008 (len=4 B      )
[FPGA1] RX msg#11      data=0x02000009 (len=4 B      )
[FPGA1] RX msg#11      data=0x0200000a (len=4 B      )
[FPGA1] RX msg#11      data=0x0200000b (len=4 B      )
[FPGA1] RX msg#11      data=0x0200000c (len=4 B      )
[FPGA1] RX msg#11      data=0x0200000d (len=4 B      )
[FPGA1] RX msg#11      data=0x0200000e (len=4 B      )
[FPGA1] RX msg#11      data=0x0200000f (len=4 B, last)
[FPGA1] TX msg#11 word 16/50  data=0x01000010
[FPGA1] TX msg#11 word 17/50  data=0x01000011
[FPGA1] TX msg#11 word 18/50  data=0x01000012
[FPGA1] TX msg#11 word 19/50  data=0x01000013
[FPGA1] TX msg#11 word 20/50  data=0x01000014
[FPGA1] TX msg#11 word 21/50  data=0x01000015
[FPGA1] TX msg#11 word 22/50  data=0x01000016
[FPGA1] TX msg#11 word 23/50  data=0x01000017
[FPGA1] TX msg#11 word 24/50  data=0x01000018
[FPGA1] TX msg#11 word 25/50  data=0x01000019
[FPGA1] TX msg#11 word 26/50  data=0x0100001a
[FPGA1] TX msg#11 word 27/50  data=0x0100001b
[FPGA1] TX msg#11 word 28/50  data=0x0100001c
[FPGA1] TX msg#11 word 29/50  data=0x0100001d
[FPGA1] TX msg#11 word 30/50  data=0x0100001e
[FPGA1] TX msg#11 word 31/50  data=0x0100001f
[FPGA1] RX msg#11      data=0x02000010 (len=4 B      )
[FPGA1] RX msg#11      data=0x02000011 (len=4 B      )
[FPGA1] RX msg#11      data=0x02000012 (len=4 B      )
[FPGA1] RX msg#11      data=0x02000013 (len=4 B      )
[FPGA1] RX msg#11      data=0x02000014 (len=4 B      )
[FPGA1] RX msg#11      data=0x02000015 (len=4 B      )
[FPGA1] RX msg#11      data=0x02000016 (len=4 B      )
[FPGA1] RX msg#11      data=0x02000017 (len=4 B      )
[FPGA1] RX msg#11      data=0x02000018 (len=4 B      )
[FPGA1] RX msg#11      data=0x02000019 (len=4 B      )
[FPGA1] RX msg#11      data=0x0200001a (len=4 B      )
[FPGA1] RX msg#11      data=0x0200001b (len=4 B      )
[FPGA1] RX msg#11      data=0x0200001c (len=4 B      )
[FPGA1] RX msg#11      data=0x0200001d (len=4 B      )
[FPGA1] RX msg#11      data=0x0200001e (len=4 B      )
[FPGA1] RX msg#11      data=0x0200001f (len=4 B, last)
[FPGA1] TX msg#11 word 32/50  data=0x01000020
[FPGA1] TX msg#11 word 33/50  data=0x01000021
[FPGA1] TX msg#11 word 34/50  data=0x01000022
[FPGA1] TX msg#11 word 35/50  data=0x01000023
[FPGA1] TX msg#11 word 36/50  data=0x01000024
[FPGA1] TX msg#11 word 37/50  data=0x01000025
[FPGA1] TX msg#11 word 38/50  data=0x01000026
[FPGA1] TX msg#11 word 39/50  data=0x01000027
[FPGA1] TX msg#11 word 40/50  data=0x01000028
[FPGA1] TX msg#11 word 41/50  data=0x01000029
[FPGA1] TX msg#11 word 42/50  data=0x0100002a
[FPGA1] TX msg#11 word 43/50  data=0x0100002b
[FPGA1] TX msg#11 word 44/50  data=0x0100002c
[FPGA1] TX msg#11 word 45/50  data=0x0100002d
[FPGA1] TX msg#11 word 46/50  data=0x0100002e
[FPGA1] TX msg#11 word 47/50  data=0x0100002f
[FPGA1] RX msg#11      data=0x02000020 (len=4 B      )
[FPGA1] RX msg#11      data=0x02000021 (len=4 B      )
[FPGA1] RX msg#11      data=0x02000022 (len=4 B      )
[FPGA1] RX msg#11      data=0x02000023 (len=4 B      )
[FPGA1] RX msg#11      data=0x02000024 (len=4 B      )
[FPGA1] RX msg#11      data=0x02000025 (len=4 B      )
[FPGA1] RX msg#11      data=0x02000026 (len=4 B      )
[FPGA1] RX msg#11      data=0x02000027 (len=4 B      )
[FPGA1] RX msg#11      data=0x02000028 (len=4 B      )
[FPGA1] RX msg#11      data=0x02000029 (len=4 B      )
[FPGA1] RX msg#11      data=0x0200002a (len=4 B      )
[FPGA1] RX msg#11      data=0x0200002b (len=4 B      )
[FPGA1] RX msg#11      data=0x0200002c (len=4 B      )
[FPGA1] RX msg#11      data=0x0200002d (len=4 B      )
[FPGA1] RX msg#11      data=0x0200002e (len=4 B      )
[FPGA1] RX msg#11      data=0x0200002f (len=4 B, last)
[FPGA1] RX msg#11      data=0x02000030 (len=4 B      )
[FPGA1] RX msg#11      data=0x02000031 (len=4 B, last)
[FPGA1] TX msg#11 word 48/50  data=0x01000030
[FPGA1] TX msg#11 word 49/50  data=0x01000031
[FPGA1] TX msg#11 done (200 bytes)
[FPGA1] TX msg#12 word 0/50  data=0x01000000
[FPGA1] TX msg#12 word 1/50  data=0x01000001
[FPGA1] TX msg#12 word 2/50  data=0x01000002
[FPGA1] TX msg#12 word 3/50  data=0x01000003
[FPGA1] TX msg#12 word 4/50  data=0x01000004
[FPGA1] TX msg#12 word 5/50  data=0x01000005
[FPGA1] TX msg#12 word 6/50  data=0x01000006
[FPGA1] TX msg#12 word 7/50  data=0x01000007
[FPGA1] TX msg#12 word 8/50  data=0x01000008
[FPGA1] TX msg#12 word 9/50  data=0x01000009
[FPGA1] TX msg#12 word 10/50  data=0x0100000a
[FPGA1] TX msg#12 word 11/50  data=0x0100000b
[FPGA1] TX msg#12 word 12/50  data=0x0100000c
[FPGA1] TX msg#12 word 13/50  data=0x0100000d
[FPGA1] TX msg#12 word 14/50  data=0x0100000e
[FPGA1] TX msg#12 word 15/50  data=0x0100000f
[FPGA1] RX msg#12      data=0x02000000 (len=4 B      )
[FPGA1] RX msg#12      data=0x02000001 (len=4 B      )
[FPGA1] RX msg#12      data=0x02000002 (len=4 B      )
[FPGA1] RX msg#12      data=0x02000003 (len=4 B      )
[FPGA1] RX msg#12      data=0x02000004 (len=4 B      )
[FPGA1] RX msg#12      data=0x02000005 (len=4 B      )
[FPGA1] RX msg#12      data=0x02000006 (len=4 B      )
[FPGA1] RX msg#12      data=0x02000007 (len=4 B      )
[FPGA1] RX msg#12      data=0x02000008 (len=4 B      )
[FPGA1] RX msg#12      data=0x02000009 (len=4 B      )
[FPGA1] RX msg#12      data=0x0200000a (len=4 B      )
[FPGA1] RX msg#12      data=0x0200000b (len=4 B      )
[FPGA1] RX msg#12      data=0x0200000c (len=4 B      )
[FPGA1] RX msg#12      data=0x0200000d (len=4 B      )
[FPGA1] RX msg#12      data=0x0200000e (len=4 B      )
[FPGA1] RX msg#12      data=0x0200000f (len=4 B, last)
[FPGA1] TX msg#12 word 16/50  data=0x01000010
[FPGA1] TX msg#12 word 17/50  data=0x01000011
[FPGA1] TX msg#12 word 18/50  data=0x01000012
[FPGA1] TX msg#12 word 19/50  data=0x01000013
[FPGA1] TX msg#12 word 20/50  data=0x01000014
[FPGA1] TX msg#12 word 21/50  data=0x01000015
[FPGA1] TX msg#12 word 22/50  data=0x01000016
[FPGA1] TX msg#12 word 23/50  data=0x01000017
[FPGA1] TX msg#12 word 24/50  data=0x01000018
[FPGA1] TX msg#12 word 25/50  data=0x01000019
[FPGA1] TX msg#12 word 26/50  data=0x0100001a
[FPGA1] TX msg#12 word 27/50  data=0x0100001b
[FPGA1] TX msg#12 word 28/50  data=0x0100001c
[FPGA1] TX msg#12 word 29/50  data=0x0100001d
[FPGA1] TX msg#12 word 30/50  data=0x0100001e
[FPGA1] TX msg#12 word 31/50  data=0x0100001f
[FPGA1] RX msg#12      data=0x02000010 (len=4 B      )
[FPGA1] RX msg#12      data=0x02000011 (len=4 B      )
[FPGA1] RX msg#12      data=0x02000012 (len=4 B      )
[FPGA1] RX msg#12      data=0x02000013 (len=4 B      )
[FPGA1] RX msg#12      data=0x02000014 (len=4 B      )
[FPGA1] RX msg#12      data=0x02000015 (len=4 B      )
[FPGA1] RX msg#12      data=0x02000016 (len=4 B      )
[FPGA1] RX msg#12      data=0x02000017 (len=4 B      )
[FPGA1] RX msg#12      data=0x02000018 (len=4 B      )
[FPGA1] RX msg#12      data=0x02000019 (len=4 B      )
[FPGA1] RX msg#12      data=0x0200001a (len=4 B      )
[FPGA1] RX msg#12      data=0x0200001b (len=4 B      )
[FPGA1] RX msg#12      data=0x0200001c (len=4 B      )
[FPGA1] RX msg#12      data=0x0200001d (len=4 B      )
[FPGA1] RX msg#12      data=0x0200001e (len=4 B      )
[FPGA1] RX msg#12      data=0x0200001f (len=4 B, last)
[FPGA1] TX msg#12 word 32/50  data=0x01000020
[FPGA1] TX msg#12 word 33/50  data=0x01000021
[FPGA1] TX msg#12 word 34/50  data=0x01000022
[FPGA1] TX msg#12 word 35/50  data=0x01000023
[FPGA1] TX msg#12 word 36/50  data=0x01000024
[FPGA1] TX msg#12 word 37/50  data=0x01000025
[FPGA1] TX msg#12 word 38/50  data=0x01000026
[FPGA1] TX msg#12 word 39/50  data=0x01000027
[FPGA1] TX msg#12 word 40/50  data=0x01000028
[FPGA1] TX msg#12 word 41/50  data=0x01000029
[FPGA1] TX msg#12 word 42/50  data=0x0100002a
[FPGA1] TX msg#12 word 43/50  data=0x0100002b
[FPGA1] TX msg#12 word 44/50  data=0x0100002c
[FPGA1] TX msg#12 word 45/50  data=0x0100002d
[FPGA1] TX msg#12 word 46/50  data=0x0100002e
[FPGA1] TX msg#12 word 47/50  data=0x0100002f
[FPGA1] RX msg#12      data=0x02000020 (len=4 B      )
[FPGA1] RX msg#12      data=0x02000021 (len=4 B      )
[FPGA1] RX msg#12      data=0x02000022 (len=4 B      )
[FPGA1] RX msg#12      data=0x02000023 (len=4 B      )
[FPGA1] RX msg#12      data=0x02000024 (len=4 B      )
[FPGA1] RX msg#12      data=0x02000025 (len=4 B      )
[FPGA1] RX msg#12      data=0x02000026 (len=4 B      )
[FPGA1] RX msg#12      data=0x02000027 (len=4 B      )
[FPGA1] RX msg#12      data=0x02000028 (len=4 B      )
[FPGA1] RX msg#12      data=0x02000029 (len=4 B      )
[FPGA1] RX msg#12      data=0x0200002a (len=4 B      )
[FPGA1] RX msg#12      data=0x0200002b (len=4 B      )
[FPGA1] RX msg#12      data=0x0200002c (len=4 B      )
[FPGA1] RX msg#12      data=0x0200002d (len=4 B      )
[FPGA1] RX msg#12      data=0x0200002e (len=4 B      )
[FPGA1] RX msg#12      data=0x0200002f (len=4 B, last)
[FPGA1] RX msg#12      data=0x02000030 (len=4 B      )
[FPGA1] RX msg#12      data=0x02000031 (len=4 B, last)
[FPGA1] TX msg#12 word 48/50  data=0x01000030
[FPGA1] TX msg#12 word 49/50  data=0x01000031
[FPGA1] TX msg#12 done (200 bytes)
[FPGA1] TX msg#13 word 0/50  data=0x01000000
[FPGA1] TX msg#13 word 1/50  data=0x01000001
[FPGA1] TX msg#13 word 2/50  data=0x01000002
[FPGA1] TX msg#13 word 3/50  data=0x01000003
[FPGA1] TX msg#13 word 4/50  data=0x01000004
[FPGA1] TX msg#13 word 5/50  data=0x01000005
[FPGA1] TX msg#13 word 6/50  data=0x01000006
[FPGA1] TX msg#13 word 7/50  data=0x01000007
[FPGA1] TX msg#13 word 8/50  data=0x01000008
[FPGA1] TX msg#13 word 9/50  data=0x01000009
[FPGA1] TX msg#13 word 10/50  data=0x0100000a
[FPGA1] TX msg#13 word 11/50  data=0x0100000b
[FPGA1] TX msg#13 word 12/50  data=0x0100000c
[FPGA1] TX msg#13 word 13/50  data=0x0100000d
[FPGA1] TX msg#13 word 14/50  data=0x0100000e
[FPGA1] TX msg#13 word 15/50  data=0x0100000f
[FPGA1] RX msg#13      data=0x02000000 (len=4 B      )
[FPGA1] RX msg#13      data=0x02000001 (len=4 B      )
[FPGA1] RX msg#13      data=0x02000002 (len=4 B      )
[FPGA1] RX msg#13      data=0x02000003 (len=4 B      )
[FPGA1] RX msg#13      data=0x02000004 (len=4 B      )
[FPGA1] RX msg#13      data=0x02000005 (len=4 B      )
[FPGA1] RX msg#13      data=0x02000006 (len=4 B      )
[FPGA1] RX msg#13      data=0x02000007 (len=4 B      )
[FPGA1] RX msg#13      data=0x02000008 (len=4 B      )
[FPGA1] RX msg#13      data=0x02000009 (len=4 B      )
[FPGA1] RX msg#13      data=0x0200000a (len=4 B      )
[FPGA1] RX msg#13      data=0x0200000b (len=4 B      )
[FPGA1] RX msg#13      data=0x0200000c (len=4 B      )
[FPGA1] RX msg#13      data=0x0200000d (len=4 B      )
[FPGA1] RX msg#13      data=0x0200000e (len=4 B      )
[FPGA1] RX msg#13      data=0x0200000f (len=4 B, last)
[FPGA1] TX msg#13 word 16/50  data=0x01000010
[FPGA1] TX msg#13 word 17/50  data=0x01000011
[FPGA1] TX msg#13 word 18/50  data=0x01000012
[FPGA1] TX msg#13 word 19/50  data=0x01000013
[FPGA1] TX msg#13 word 20/50  data=0x01000014
[FPGA1] TX msg#13 word 21/50  data=0x01000015
[FPGA1] TX msg#13 word 22/50  data=0x01000016
[FPGA1] TX msg#13 word 23/50  data=0x01000017
[FPGA1] TX msg#13 word 24/50  data=0x01000018
[FPGA1] TX msg#13 word 25/50  data=0x01000019
[FPGA1] TX msg#13 word 26/50  data=0x0100001a
[FPGA1] TX msg#13 word 27/50  data=0x0100001b
[FPGA1] TX msg#13 word 28/50  data=0x0100001c
[FPGA1] TX msg#13 word 29/50  data=0x0100001d
[FPGA1] TX msg#13 word 30/50  data=0x0100001e
[FPGA1] TX msg#13 word 31/50  data=0x0100001f
[FPGA1] RX msg#13      data=0x02000010 (len=4 B      )
[FPGA1] RX msg#13      data=0x02000011 (len=4 B      )
[FPGA1] RX msg#13      data=0x02000012 (len=4 B      )
[FPGA1] RX msg#13      data=0x02000013 (len=4 B      )
[FPGA1] RX msg#13      data=0x02000014 (len=4 B      )
[FPGA1] RX msg#13      data=0x02000015 (len=4 B      )
[FPGA1] RX msg#13      data=0x02000016 (len=4 B      )
[FPGA1] RX msg#13      data=0x02000017 (len=4 B      )
[FPGA1] RX msg#13      data=0x02000018 (len=4 B      )
[FPGA1] RX msg#13      data=0x02000019 (len=4 B      )
[FPGA1] RX msg#13      data=0x0200001a (len=4 B      )
[FPGA1] RX msg#13      data=0x0200001b (len=4 B      )
[FPGA1] RX msg#13      data=0x0200001c (len=4 B      )
[FPGA1] RX msg#13      data=0x0200001d (len=4 B      )
[FPGA1] RX msg#13      data=0x0200001e (len=4 B      )
[FPGA1] RX msg#13      data=0x0200001f (len=4 B, last)
[FPGA1] TX msg#13 word 32/50  data=0x01000020
[FPGA1] TX msg#13 word 33/50  data=0x01000021
[FPGA1] TX msg#13 word 34/50  data=0x01000022
[FPGA1] TX msg#13 word 35/50  data=0x01000023
[FPGA1] TX msg#13 word 36/50  data=0x01000024
[FPGA1] TX msg#13 word 37/50  data=0x01000025
[FPGA1] TX msg#13 word 38/50  data=0x01000026
[FPGA1] TX msg#13 word 39/50  data=0x01000027
[FPGA1] TX msg#13 word 40/50  data=0x01000028
[FPGA1] TX msg#13 word 41/50  data=0x01000029
[FPGA1] TX msg#13 word 42/50  data=0x0100002a
[FPGA1] TX msg#13 word 43/50  data=0x0100002b
[FPGA1] TX msg#13 word 44/50  data=0x0100002c
[FPGA1] TX msg#13 word 45/50  data=0x0100002d
[FPGA1] TX msg#13 word 46/50  data=0x0100002e
[FPGA1] TX msg#13 word 47/50  data=0x0100002f
[FPGA1] RX msg#13      data=0x02000020 (len=4 B      )
[FPGA1] RX msg#13      data=0x02000021 (len=4 B      )
[FPGA1] RX msg#13      data=0x02000022 (len=4 B      )
[FPGA1] RX msg#13      data=0x02000023 (len=4 B      )
[FPGA1] RX msg#13      data=0x02000024 (len=4 B      )
[FPGA1] RX msg#13      data=0x02000025 (len=4 B      )
[FPGA1] RX msg#13      data=0x02000026 (len=4 B      )
[FPGA1] RX msg#13      data=0x02000027 (len=4 B      )
[FPGA1] RX msg#13      data=0x02000028 (len=4 B      )
[FPGA1] RX msg#13      data=0x02000029 (len=4 B      )
[FPGA1] RX msg#13      data=0x0200002a (len=4 B      )
[FPGA1] RX msg#13      data=0x0200002b (len=4 B      )
[FPGA1] RX msg#13      data=0x0200002c (len=4 B      )
[FPGA1] RX msg#13      data=0x0200002d (len=4 B      )
[FPGA1] RX msg#13      data=0x0200002e (len=4 B      )
[FPGA1] RX msg#13      data=0x0200002f (len=4 B, last)
[FPGA1] RX msg#13      data=0x02000030 (len=4 B      )
[FPGA1] RX msg#13      data=0x02000031 (len=4 B, last)
[FPGA1] TX msg#13 word 48/50  data=0x01000030
[FPGA1] TX msg#13 word 49/50  data=0x01000031
[FPGA1] TX msg#13 done (200 bytes)
[FPGA1] TX msg#14 word 0/50  data=0x01000000
[FPGA1] TX msg#14 word 1/50  data=0x01000001
[FPGA1] TX msg#14 word 2/50  data=0x01000002
[FPGA1] TX msg#14 word 3/50  data=0x01000003
[FPGA1] TX msg#14 word 4/50  data=0x01000004
[FPGA1] TX msg#14 word 5/50  data=0x01000005
[FPGA1] TX msg#14 word 6/50  data=0x01000006
[FPGA1] TX msg#14 word 7/50  data=0x01000007
[FPGA1] TX msg#14 word 8/50  data=0x01000008
[FPGA1] TX msg#14 word 9/50  data=0x01000009
[FPGA1] TX msg#14 word 10/50  data=0x0100000a
[FPGA1] TX msg#14 word 11/50  data=0x0100000b
[FPGA1] TX msg#14 word 12/50  data=0x0100000c
[FPGA1] TX msg#14 word 13/50  data=0x0100000d
[FPGA1] TX msg#14 word 14/50  data=0x0100000e
[FPGA1] TX msg#14 word 15/50  data=0x0100000f
[FPGA1] RX msg#14      data=0x02000000 (len=4 B      )
[FPGA1] RX msg#14      data=0x02000001 (len=4 B      )
[FPGA1] RX msg#14      data=0x02000002 (len=4 B      )
[FPGA1] RX msg#14      data=0x02000003 (len=4 B      )
[FPGA1] RX msg#14      data=0x02000004 (len=4 B      )
[FPGA1] RX msg#14      data=0x02000005 (len=4 B      )
[FPGA1] RX msg#14      data=0x02000006 (len=4 B      )
[FPGA1] RX msg#14      data=0x02000007 (len=4 B      )
[FPGA1] RX msg#14      data=0x02000008 (len=4 B      )
[FPGA1] RX msg#14      data=0x02000009 (len=4 B      )
[FPGA1] RX msg#14      data=0x0200000a (len=4 B      )
[FPGA1] RX msg#14      data=0x0200000b (len=4 B      )
[FPGA1] RX msg#14      data=0x0200000c (len=4 B      )
[FPGA1] RX msg#14      data=0x0200000d (len=4 B      )
[FPGA1] RX msg#14      data=0x0200000e (len=4 B      )
[FPGA1] RX msg#14      data=0x0200000f (len=4 B, last)
[FPGA1] TX msg#14 word 16/50  data=0x01000010
[FPGA1] TX msg#14 word 17/50  data=0x01000011
[FPGA1] TX msg#14 word 18/50  data=0x01000012
[FPGA1] TX msg#14 word 19/50  data=0x01000013
[FPGA1] TX msg#14 word 20/50  data=0x01000014
[FPGA1] TX msg#14 word 21/50  data=0x01000015
[FPGA1] TX msg#14 word 22/50  data=0x01000016
[FPGA1] TX msg#14 word 23/50  data=0x01000017
[FPGA1] TX msg#14 word 24/50  data=0x01000018
[FPGA1] TX msg#14 word 25/50  data=0x01000019
[FPGA1] TX msg#14 word 26/50  data=0x0100001a
[FPGA1] TX msg#14 word 27/50  data=0x0100001b
[FPGA1] TX msg#14 word 28/50  data=0x0100001c
[FPGA1] TX msg#14 word 29/50  data=0x0100001d
[FPGA1] TX msg#14 word 30/50  data=0x0100001e
[FPGA1] TX msg#14 word 31/50  data=0x0100001f
