[SDR@12345] connecting to hub at 127.0.0.1:14000...
[SDR@12345] hub link up
[SDR@12345] [fpga rx] resync: skipped 2 byte(s)
[SDR@12345] [fpga rx] POLL     len=0 dst=0
[SDR@12345] [fpga tx] READY    len=0 dst=0
[SDR@12345] PENDING -> ACTIVE
[SDR@12345] [fpga rx] POLL     len=0 dst=0
[SDR@12345] [fpga rx] DATA     len=64 dst=0
[SDR@12345] TX buf <- 64 bytes dst=0
[SDR@12345] [hub tx] REQ_SLOT len=0 dst=0
[SDR@12345] [hub rx] DATA     len=64 dst=3
[SDR@12345] [fpga tx] DATA     len=64 dst=3
[SDR@12345] [hub rx] GRANT    len=0 dst=0
[SDR@12345] [hub tx] DATA     len=64 dst=0
[SDR@12345] [hub tx] DONE     len=0 dst=0
[SDR@12345] [fpga tx] READY    len=0 dst=0
[SDR@12345] [fpga rx] DATA     len=64 dst=0
[SDR@12345] TX buf <- 64 bytes dst=0
[SDR@12345] [hub tx] REQ_SLOT len=0 dst=0
[SDR@12345] [hub rx] DATA     len=64 dst=3
[SDR@12345] [fpga tx] DATA     len=64 dst=3
[SDR@12345] [hub rx] GRANT    len=0 dst=0
[SDR@12345] [hub tx] DATA     len=64 dst=0
[SDR@12345] [hub tx] DONE     len=0 dst=0
[SDR@12345] [fpga tx] READY    len=0 dst=0
[SDR@12345] [fpga rx] DATA     len=64 dst=0
[SDR@12345] TX buf <- 64 bytes dst=0
[SDR@12345] [hub tx] REQ_SLOT len=0 dst=0
[SDR@12345] [hub rx] DATA     len=64 dst=3
[SDR@12345] [fpga tx] DATA     len=64 dst=3
[SDR@12345] [hub rx] DATA     len=8 dst=3
[SDR@12345] [fpga tx] DATA     len=8 dst=3
[SDR@12345] [hub rx] GRANT    len=0 dst=0
[SDR@12345] [hub tx] DATA     len=64 dst=0
[SDR@12345] [hub tx] DONE     len=0 dst=0
[SDR@12345] [fpga tx] READY    len=0 dst=0
[SDR@12345] [fpga rx] DATA     len=8 dst=0
[SDR@12345] TX buf <- 8 bytes dst=0
[SDR@12345] [hub tx] REQ_SLOT len=0 dst=0
[SDR@12345] [hub rx] GRANT    len=0 dst=0
[SDR@12345] [hub tx] DATA     len=8 dst=0
[SDR@12345] [hub tx] DONE     len=0 dst=0
[SDR@12345] [fpga tx] READY    len=0 dst=0
[SDR@12345] [hub rx] DATA     len=64 dst=3
[SDR@12345] [fpga tx] DATA     len=64 dst=3
[SDR@12345] [fpga rx] DATA     len=64 dst=0
[SDR@12345] TX buf <- 64 bytes dst=0
[SDR@12345] [hub tx] REQ_SLOT len=0 dst=0
[SDR@12345] [hub rx] GRANT    len=0 dst=0
[SDR@12345] [hub tx] DATA     len=64 dst=0
[SDR@12345] [hub tx] DONE     len=0 dst=0
[SDR@12345] [fpga tx] READY    len=0 dst=0
[SDR@12345] [fpga rx] DATA     len=64 dst=0
[SDR@12345] TX buf <- 64 bytes dst=0
[SDR@12345] [hub tx] REQ_SLOT len=0 dst=0
[SDR@12345] [hub rx] DATA     len=64 dst=3
[SDR@12345] [fpga tx] DATA     len=64 dst=3
[SDR@12345] [hub rx] GRANT    len=0 dst=0
[SDR@12345] [hub tx] DATA     len=64 dst=0
[SDR@12345] [hub tx] DONE     len=0 dst=0
[SDR@12345] [fpga tx] READY    len=0 dst=0
[SDR@12345] [fpga rx] DATA     len=64 dst=0
[SDR@12345] TX buf <- 64 bytes dst=0
[SDR@12345] [hub tx] REQ_SLOT len=0 dst=0
[SDR@12345] [hub rx] DATA     len=64 dst=3
[SDR@12345] [fpga tx] DATA     len=64 dst=3
[SDR@12345] [hub rx] DATA     len=8 dst=3
[SDR@12345] [fpga tx] DATA     len=8 dst=3
[SDR@12345] [hub rx] GRANT    len=0 dst=0
[SDR@12345] [hub tx] DATA     len=64 dst=0
[SDR@12345] [hub tx] DONE     len=0 dst=0
[SDR@12345] [fpga tx] READY    len=0 dst=0
[SDR@12345] [fpga rx] DATA     len=8 dst=0
[SDR@12345] TX buf <- 8 bytes dst=0
[SDR@12345] [hub tx] REQ_SLOT len=0 dst=0
[SDR@12345] [hub rx] GRANT    len=0 dst=0
[SDR@12345] [hub tx] DATA     len=8 dst=0
[SDR@12345] [hub tx] DONE     len=0 dst=0
[SDR@12345] [fpga tx] READY    len=0 dst=0
[SDR@12345] [hub rx] DATA     len=64 dst=3
[SDR@12345] [fpga tx] DATA     len=64 dst=3
[SDR@12345] [fpga rx] DATA     len=64 dst=0
[SDR@12345] TX buf <- 64 bytes dst=0
[SDR@12345] [hub tx] REQ_SLOT len=0 dst=0
[SDR@12345] [hub rx] GRANT    len=0 dst=0
[SDR@12345] [hub tx] DATA     len=64 dst=0
[SDR@12345] [hub tx] DONE     len=0 dst=0
[SDR@12345] [fpga tx] READY    len=0 dst=0
[SDR@12345] [fpga rx] DATA     len=64 dst=0
[SDR@12345] TX buf <- 64 bytes dst=0
[SDR@12345] [hub tx] REQ_SLOT len=0 dst=0
[SDR@12345] [hub rx] DATA     len=64 dst=3
[SDR@12345] [fpga tx] DATA     len=64 dst=3
[SDR@12345] [hub rx] GRANT    len=0 dst=0
[SDR@12345] [hub tx] DATA     len=64 dst=0
[SDR@12345] [hub tx] DONE     len=0 dst=0
[SDR@12345] [fpga tx] READY    len=0 dst=0
[SDR@12345] [fpga rx] DATA     len=64 dst=0
[SDR@12345] TX buf <- 64 bytes dst=0
[SDR@12345] [hub tx] REQ_SLOT len=0 dst=0
[SDR@12345] [hub rx] DATA     len=64 dst=3
[SDR@12345] [fpga tx] DATA     len=64 dst=3
[SDR@12345] [hub rx] DATA     len=8 dst=3
[SDR@12345] [fpga tx] DATA     len=8 dst=3
[SDR@12345] [hub rx] GRANT    len=0 dst=0
[SDR@12345] [hub tx] DATA     len=64 dst=0
[SDR@12345] [hub tx] DONE     len=0 dst=0
[SDR@12345] [fpga tx] READY    len=0 dst=0
[SDR@12345] [fpga rx] DATA     len=8 dst=0
[SDR@12345] TX buf <- 8 bytes dst=0
[SDR@12345] [hub tx] REQ_SLOT len=0 dst=0
[SDR@12345] [hub rx] GRANT    len=0 dst=0
[SDR@12345] [hub tx] DATA     len=8 dst=0
[SDR@12345] [hub tx] DONE     len=0 dst=0
[SDR@12345] [fpga tx] READY    len=0 dst=0
[SDR@12345] [hub rx] DATA     len=64 dst=3
[SDR@12345] [fpga tx] DATA     len=64 dst=3
[SDR@12345] [fpga rx] DATA     len=64 dst=0
[SDR@12345] TX buf <- 64 bytes dst=0
[SDR@12345] [hub tx] REQ_SLOT len=0 dst=0
[SDR@12345] [hub rx] GRANT    len=0 dst=0
[SDR@12345] [hub tx] DATA     len=64 dst=0
[SDR@12345] [hub tx] DONE     len=0 dst=0
[SDR@12345] [fpga tx] READY    len=0 dst=0
[SDR@12345] [fpga rx] DATA     len=64 dst=0
[SDR@12345] TX buf <- 64 bytes dst=0
[SDR@12345] [hub tx] REQ_SLOT len=0 dst=0
[SDR@12345] [hub rx] DATA     len=64 dst=3
[SDR@12345] [fpga tx] DATA     len=64 dst=3
[SDR@12345] [hub rx] GRANT    len=0 dst=0
[SDR@12345] [hub tx] DATA     len=64 dst=0
[SDR@12345] [hub tx] DONE     len=0 dst=0
[SDR@12345] [fpga tx] READY    len=0 dst=0
[SDR@12345] [fpga rx] DATA     len=64 dst=0
[SDR@12345] TX buf <- 64 bytes dst=0
[SDR@12345] [hub tx] REQ_SLOT len=0 dst=0
[SDR@12345] [hub rx] DATA     len=64 dst=3
[SDR@12345] [fpga tx] DATA     len=64 dst=3
[SDR@12345] [hub rx] DATA     len=8 dst=3
[SDR@12345] [fpga tx] DATA     len=8 dst=3
[SDR@12345] [hub rx] GRANT    len=0 dst=0
[SDR@12345] [hub tx] DATA     len=64 dst=0
[SDR@12345] [hub tx] DONE     len=0 dst=0
[SDR@12345] [fpga tx] READY    len=0 dst=0
[SDR@12345] [fpga rx] DATA     len=8 dst=0
[SDR@12345] TX buf <- 8 bytes dst=0
[SDR@12345] [hub tx] REQ_SLOT len=0 dst=0
[SDR@12345] [hub rx] GRANT    len=0 dst=0
[SDR@12345] [hub tx] DATA     len=8 dst=0
[SDR@12345] [hub tx] DONE     len=0 dst=0
[SDR@12345] [fpga tx] READY    len=0 dst=0
[SDR@12345] [hub rx] DATA     len=64 dst=3
[SDR@12345] [fpga tx] DATA     len=64 dst=3
[SDR@12345] [fpga rx] DATA     len=64 dst=0
[SDR@12345] TX buf <- 64 bytes dst=0
[SDR@12345] [hub tx] REQ_SLOT len=0 dst=0
[SDR@12345] [hub rx] GRANT    len=0 dst=0
[SDR@12345] [hub tx] DATA     len=64 dst=0
[SDR@12345] [hub tx] DONE     len=0 dst=0
[SDR@12345] [fpga tx] READY    len=0 dst=0
[SDR@12345] [fpga rx] DATA     len=64 dst=0
[SDR@12345] TX buf <- 64 bytes dst=0
[SDR@12345] [hub tx] REQ_SLOT len=0 dst=0
[SDR@12345] [hub rx] DATA     len=64 dst=3
[SDR@12345] [fpga tx] DATA     len=64 dst=3
[SDR@12345] [hub rx] GRANT    len=0 dst=0
[SDR@12345] [hub tx] DATA     len=64 dst=0
[SDR@12345] [hub tx] DONE     len=0 dst=0
[SDR@12345] [fpga tx] READY    len=0 dst=0
[SDR@12345] [fpga rx] DATA     len=64 dst=0
[SDR@12345] TX buf <- 64 bytes dst=0
[SDR@12345] [hub tx] REQ_SLOT len=0 dst=0
[SDR@12345] [hub rx] DATA     len=64 dst=3
[SDR@12345] [fpga tx] DATA     len=64 dst=3
[SDR@12345] [hub rx] DATA     len=8 dst=3
[SDR@12345] [fpga tx] DATA     len=8 dst=3
[SDR@12345] [hub rx] GRANT    len=0 dst=0
[SDR@12345] [hub tx] DATA     len=64 dst=0
[SDR@12345] [hub tx] DONE     len=0 dst=0
[SDR@12345] [fpga tx] READY    len=0 dst=0
[SDR@12345] [fpga rx] DATA     len=8 dst=0
[SDR@12345] TX buf <- 8 bytes dst=0
[SDR@12345] [hub tx] REQ_SLOT len=0 dst=0
[SDR@12345] [hub rx] GRANT    len=0 dst=0
[SDR@12345] [hub tx] DATA     len=8 dst=0
[SDR@12345] [hub tx] DONE     len=0 dst=0
[SDR@12345] [fpga tx] READY    len=0 dst=0
[SDR@12345] [hub rx] DATA     len=64 dst=3
[SDR@12345] [fpga tx] DATA     len=64 dst=3
[SDR@12345] [fpga rx] DATA     len=64 dst=0
[SDR@12345] TX buf <- 64 bytes dst=0
[SDR@12345] [hub tx] REQ_SLOT len=0 dst=0
[SDR@12345] [hub rx] GRANT    len=0 dst=0
[SDR@12345] [hub tx] DATA     len=64 dst=0
[SDR@12345] [hub tx] DONE     len=0 dst=0
[SDR@12345] [fpga tx] READY    len=0 dst=0
[SDR@12345] [fpga rx] DATA     len=64 dst=0
[SDR@12345] TX buf <- 64 bytes dst=0
[SDR@12345] [hub tx] REQ_SLOT len=0 dst=0
[SDR@12345] [hub rx] DATA     len=64 dst=3
[SDR@12345] [fpga tx] DATA     len=64 dst=3
[SDR@12345] [hub rx] GRANT    len=0 dst=0
[SDR@12345] [hub tx] DATA     len=64 dst=0
[SDR@12345] [hub tx] DONE     len=0 dst=0
[SDR@12345] [fpga tx] READY    len=0 dst=0
[SDR@12345] [fpga rx] DATA     len=64 dst=0
[SDR@12345] TX buf <- 64 bytes dst=0
[SDR@12345] [hub tx] REQ_SLOT len=0 dst=0
[SDR@12345] [hub rx] DATA     len=64 dst=3
[SDR@12345] [fpga tx] DATA     len=64 dst=3
[SDR@12345] [hub rx] DATA     len=8 dst=3
[SDR@12345] [fpga tx] DATA     len=8 dst=3
[SDR@12345] [hub rx] GRANT    len=0 dst=0
[SDR@12345] [hub tx] DATA     len=64 dst=0
[SDR@12345] [hub tx] DONE     len=0 dst=0
[SDR@12345] [fpga tx] READY    len=0 dst=0
[SDR@12345] [fpga rx] DATA     len=8 dst=0
[SDR@12345] TX buf <- 8 bytes dst=0
[SDR@12345] [hub tx] REQ_SLOT len=0 dst=0
[SDR@12345] [hub rx] GRANT    len=0 dst=0
[SDR@12345] [hub tx] DATA     len=8 dst=0
[SDR@12345] [hub tx] DONE     len=0 dst=0
[SDR@12345] [fpga tx] READY    len=0 dst=0
[SDR@12345] [hub rx] DATA     len=64 dst=3
[SDR@12345] [fpga tx] DATA     len=64 dst=3
[SDR@12345] [fpga rx] DATA     len=64 dst=0
[SDR@12345] TX buf <- 64 bytes dst=0
[SDR@12345] [hub tx] REQ_SLOT len=0 dst=0
[SDR@12345] [hub rx] GRANT    len=0 dst=0
[SDR@12345] [hub tx] DATA     len=64 dst=0
[SDR@12345] [hub tx] DONE     len=0 dst=0
[SDR@12345] [fpga tx] READY    len=0 dst=0
[SDR@12345] [fpga rx] DATA     len=64 dst=0
[SDR@12345] TX buf <- 64 bytes dst=0
[SDR@12345] [hub tx] REQ_SLOT len=0 dst=0
[SDR@12345] [hub rx] DATA     len=64 dst=3
[SDR@12345] [fpga tx] DATA     len=64 dst=3
[SDR@12345] [hub rx] GRANT    len=0 dst=0
[SDR@12345] [hub tx] DATA     len=64 dst=0
[SDR@12345] [hub tx] DONE     len=0 dst=0
[SDR@12345] [fpga tx] READY    len=0 dst=0
[SDR@12345] [fpga rx] DATA     len=64 dst=0
[SDR@12345] TX buf <- 64 bytes dst=0
[SDR@12345] [hub tx] REQ_SLOT len=0 dst=0
[SDR@12345] [hub rx] DATA     len=64 dst=3
[SDR@12345] [fpga tx] DATA     len=64 dst=3
[SDR@12345] [hub rx] DATA     len=8 dst=3
[SDR@12345] [fpga tx] DATA     len=8 dst=3
[SDR@12345] [hub rx] GRANT    len=0 dst=0
[SDR@12345] [hub tx] DATA     len=64 dst=0
[SDR@12345] [hub tx] DONE     len=0 dst=0
[SDR@12345] [fpga tx] READY    len=0 dst=0
[SDR@12345] [fpga rx] DATA     len=8 dst=0
[SDR@12345] TX buf <- 8 bytes dst=0
[SDR@12345] [hub tx] REQ_SLOT len=0 dst=0
[SDR@12345] [hub rx] GRANT    len=0 dst=0
[SDR@12345] [hub tx] DATA     len=8 dst=0
[SDR@12345] [hub tx] DONE     len=0 dst=0
[SDR@12345] [fpga tx] READY    len=0 dst=0
[SDR@12345] [hub rx] DATA     len=64 dst=3
[SDR@12345] [fpga tx] DATA     len=64 dst=3
[SDR@12345] [fpga rx] DATA     len=64 dst=0
[SDR@12345] TX buf <- 64 bytes dst=0
[SDR@12345] [hub tx] REQ_SLOT len=0 dst=0
[SDR@12345] [hub rx] GRANT    len=0 dst=0
[SDR@12345] [hub tx] DATA     len=64 dst=0
[SDR@12345] [hub tx] DONE     len=0 dst=0
[SDR@12345] [fpga tx] READY    len=0 dst=0
[SDR@12345] [fpga rx] DATA     len=64 dst=0
[SDR@12345] TX buf <- 64 bytes dst=0
[SDR@12345] [hub tx] REQ_SLOT len=0 dst=0
[SDR@12345] [hub rx] DATA     len=64 dst=3
[SDR@12345] [fpga tx] DATA     len=64 dst=3
[SDR@12345] [hub rx] GRANT    len=0 dst=0
[SDR@12345] [hub tx] DATA     len=64 dst=0
[SDR@12345] [hub tx] DONE     len=0 dst=0
[SDR@12345] [fpga tx] READY    len=0 dst=0
[SDR@12345] [fpga rx] DATA     len=64 dst=0
[SDR@12345] TX buf <- 64 bytes dst=0
[SDR@12345] [hub tx] REQ_SLOT len=0 dst=0
[SDR@12345] [hub rx] DATA     len=64 dst=3
[SDR@12345] [fpga tx] DATA     len=64 dst=3
[SDR@12345] [hub rx] DATA     len=8 dst=3
[SDR@12345] [fpga tx] DATA     len=8 dst=3
[SDR@12345] [hub rx] GRANT    len=0 dst=0
[SDR@12345] [hub tx] DATA     len=64 dst=0
[SDR@12345] [hub tx] DONE     len=0 dst=0
[SDR@12345] [fpga tx] READY    len=0 dst=0
[SDR@12345] [fpga rx] DATA     len=8 dst=0
[SDR@12345] TX buf <- 8 bytes dst=0
[SDR@12345] [hub tx] REQ_SLOT len=0 dst=0
[SDR@12345] [hub rx] GRANT    len=0 dst=0
[SDR@12345] [hub tx] DATA     len=8 dst=0
[SDR@12345] [hub tx] DONE     len=0 dst=0
[SDR@12345] [fpga tx] READY    len=0 dst=0
[SDR@12345] [hub rx] DATA     len=64 dst=3
[SDR@12345] [fpga tx] DATA     len=64 dst=3
[SDR@12345] [fpga rx] DATA     len=64 dst=0
[SDR@12345] TX buf <- 64 bytes dst=0
[SDR@12345] [hub tx] REQ_SLOT len=0 dst=0
[SDR@12345] [hub rx] GRANT    len=0 dst=0
[SDR@12345] [hub tx] DATA     len=64 dst=0
[SDR@12345] [hub tx] DONE     len=0 dst=0
[SDR@12345] [fpga tx] READY    len=0 dst=0
[SDR@12345] [fpga rx] DATA     len=64 dst=0
[SDR@12345] TX buf <- 64 bytes dst=0
[SDR@12345] [hub tx] REQ_SLOT len=0 dst=0
[SDR@12345] [hub rx] DATA     len=64 dst=3
[SDR@12345] [fpga tx] DATA     len=64 dst=3
[SDR@12345] [hub rx] GRANT    len=0 dst=0
[SDR@12345] [hub tx] DATA     len=64 dst=0
[SDR@12345] [hub tx] DONE     len=0 dst=0
[SDR@12345] [fpga tx] READY    len=0 dst=0
[SDR@12345] [fpga rx] DATA     len=64 dst=0
[SDR@12345] TX buf <- 64 bytes dst=0
[SDR@12345] [hub tx] REQ_SLOT len=0 dst=0
[SDR@12345] [hub rx] DATA     len=64 dst=3
[SDR@12345] [fpga tx] DATA     len=64 dst=3
[SDR@12345] [hub rx] DATA     len=8 dst=3
[SDR@12345] [fpga tx] DATA     len=8 dst=3
[SDR@12345] [hub rx] GRANT    len=0 dst=0
[SDR@12345] [hub tx] DATA     len=64 dst=0
[SDR@12345] [hub tx] DONE     len=0 dst=0
[SDR@12345] [fpga tx] READY    len=0 dst=0
[SDR@12345] [fpga rx] DATA     len=8 dst=0
[SDR@12345] TX buf <- 8 bytes dst=0
[SDR@12345] [hub tx] REQ_SLOT len=0 dst=0
[SDR@12345] [hub rx] GRANT    len=0 dst=0
[SDR@12345] [hub tx] DATA     len=8 dst=0
[SDR@12345] [hub tx] DONE     len=0 dst=0
[SDR@12345] [fpga tx] READY    len=0 dst=0
[SDR@12345] [hub rx] DATA     len=64 dst=3
[SDR@12345] [fpga tx] DATA     len=64 dst=3
[SDR@12345] [fpga rx] DATA     len=64 dst=0
[SDR@12345] TX buf <- 64 bytes dst=0
[SDR@12345] [hub tx] REQ_SLOT len=0 dst=0
[SDR@12345] [hub rx] GRANT    len=0 dst=0
[SDR@12345] [hub tx] DATA     len=64 dst=0
[SDR@12345] [hub tx] DONE     len=0 dst=0
[SDR@12345] [fpga tx] READY    len=0 dst=0
[SDR@12345] [fpga rx] DATA     len=64 dst=0
[SDR@12345] TX buf <- 64 bytes dst=0
[SDR@12345] [hub tx] REQ_SLOT len=0 dst=0
[SDR@12345] [hub rx] DATA     len=64 dst=3
[SDR@12345] [fpga tx] DATA     len=64 dst=3
[SDR@12345] [hub rx] GRANT    len=0 dst=0
[SDR@12345] [hub tx] DATA     len=64 dst=0
[SDR@12345] [hub tx] DONE     len=0 dst=0
[SDR@12345] [fpga tx] READY    len=0 dst=0
[SDR@12345] [fpga rx] DATA     len=64 dst=0
[SDR@12345] TX buf <- 64 bytes dst=0
[SDR@12345] [hub tx] REQ_SLOT len=0 dst=0
[SDR@12345] [hub rx] DATA     len=64 dst=3
[SDR@12345] [fpga tx] DATA     len=64 dst=3
[SDR@12345] [hub rx] DATA     len=8 dst=3
[SDR@12345] [fpga tx] DATA     len=8 dst=3
[SDR@12345] [hub rx] GRANT    len=0 dst=0
[SDR@12345] [hub tx] DATA     len=64 dst=0
[SDR@12345] [hub tx] DONE     len=0 dst=0
[SDR@12345] [fpga tx] READY    len=0 dst=0
[SDR@12345] [fpga rx] DATA     len=8 dst=0
[SDR@12345] TX buf <- 8 bytes dst=0
[SDR@12345] [hub tx] REQ_SLOT len=0 dst=0
[SDR@12345] [hub rx] GRANT    len=0 dst=0
[SDR@12345] [hub tx] DATA     len=8 dst=0
[SDR@12345] [hub tx] DONE     len=0 dst=0
[SDR@12345] [fpga tx] READY    len=0 dst=0
[SDR@12345] [hub rx] DATA     len=64 dst=3
[SDR@12345] [fpga tx] DATA     len=64 dst=3
[SDR@12345] [fpga rx] DATA     len=64 dst=0
[SDR@12345] TX buf <- 64 bytes dst=0
[SDR@12345] [hub tx] REQ_SLOT len=0 dst=0
[SDR@12345] [hub rx] GRANT    len=0 dst=0
[SDR@12345] [hub tx] DATA     len=64 dst=0
[SDR@12345] [hub tx] DONE     len=0 dst=0
[SDR@12345] [fpga tx] READY    len=0 dst=0
[SDR@12345] [fpga rx] DATA     len=64 dst=0
[SDR@12345] TX buf <- 64 bytes dst=0
[SDR@12345] [hub tx] REQ_SLOT len=0 dst=0
[SDR@12345] [hub rx] DATA     len=64 dst=3
[SDR@12345] [fpga tx] DATA     len=64 dst=3
[SDR@12345] [hub rx] GRANT    len=0 dst=0
[SDR@12345] [hub tx] DATA     len=64 dst=0
[SDR@12345] [hub tx] DONE     len=0 dst=0
[SDR@12345] [fpga tx] READY    len=0 dst=0
[SDR@12345] [fpga rx] DATA     len=64 dst=0
[SDR@12345] TX buf <- 64 bytes dst=0
[SDR@12345] [hub tx] REQ_SLOT len=0 dst=0
[SDR@12345] [hub rx] DATA     len=64 dst=3
[SDR@12345] [fpga tx] DATA     len=64 dst=3
[SDR@12345] [hub rx] DATA     len=8 dst=3
[SDR@12345] [fpga tx] DATA     len=8 dst=3
[SDR@12345] [hub rx] GRANT    len=0 dst=0
[SDR@12345] [hub tx] DATA     len=64 dst=0
[SDR@12345] [hub tx] DONE     len=0 dst=0
[SDR@12345] [fpga tx] READY    len=0 dst=0
[SDR@12345] [fpga rx] DATA     len=8 dst=0
[SDR@12345] TX buf <- 8 bytes dst=0
[SDR@12345] [hub tx] REQ_SLOT len=0 dst=0
[SDR@12345] [hub rx] GRANT    len=0 dst=0
[SDR@12345] [hub tx] DATA     len=8 dst=0
[SDR@12345] [hub tx] DONE     len=0 dst=0
[SDR@12345] [fpga tx] READY    len=0 dst=0
[SDR@12345] [hub rx] DATA     len=64 dst=3
[SDR@12345] [fpga tx] DATA     len=64 dst=3
[SDR@12345] [fpga rx] DATA     len=64 dst=0
[SDR@12345] TX buf <- 64 bytes dst=0
[SDR@12345] [hub tx] REQ_SLOT len=0 dst=0
[SDR@12345] [hub rx] GRANT    len=0 dst=0
[SDR@12345] [hub tx] DATA     len=64 dst=0
[SDR@12345] [hub tx] DONE     len=0 dst=0
[SDR@12345] [fpga tx] READY    len=0 dst=0
[SDR@12345] [fpga rx] DATA     len=64 dst=0
[SDR@12345] TX buf <- 64 bytes dst=0
[SDR@12345] [hub tx] REQ_SLOT len=0 dst=0
[SDR@12345] [hub rx] DATA     len=64 dst=3
[SDR@12345] [fpga tx] DATA     len=64 dst=3
[SDR@12345] [hub rx] GRANT    len=0 dst=0
[SDR@12345] [hub tx] DATA     len=64 dst=0
[SDR@12345] [hub tx] DONE     len=0 dst=0
[SDR@12345] [fpga tx] READY    len=0 dst=0
[SDR@12345] [fpga rx] DATA     len=64 dst=0
[SDR@12345] TX buf <- 64 bytes dst=0
[SDR@12345] [hub tx] REQ_SLOT len=0 dst=0
[SDR@12345] [hub rx] DATA     len=64 dst=3
[SDR@12345] [fpga tx] DATA     len=64 dst=3
[SDR@12345] [hub rx] DATA     len=8 dst=3
[SDR@12345] [fpga tx] DATA     len=8 dst=3
[SDR@12345] [hub rx] GRANT    len=0 dst=0
[SDR@12345] [hub tx] DATA     len=64 dst=0
[SDR@12345] [hub tx] DONE     len=0 dst=0
[SDR@12345] [fpga tx] READY    len=0 dst=0
[SDR@12345] [fpga rx] DATA     len=8 dst=0
[SDR@12345] TX buf <- 8 bytes dst=0
[SDR@12345] [hub tx] REQ_SLOT len=0 dst=0
[SDR@12345] [hub rx] GRANT    len=0 dst=0
[SDR@12345] [hub tx] DATA     len=8 dst=0
[SDR@12345] [hub tx] DONE     len=0 dst=0
[SDR@12345] [fpga tx] READY    len=0 dst=0
[SDR@12345] [hub rx] DATA     len=64 dst=3
[SDR@12345] [fpga tx] DATA     len=64 dst=3
[SDR@12345] [fpga rx] DATA     len=64 dst=0
[SDR@12345] TX buf <- 64 bytes dst=0
[SDR@12345] [hub tx] REQ_SLOT len=0 dst=0
[SDR@12345] [hub rx] GRANT    len=0 dst=0
[SDR@12345] [hub tx] DATA     len=64 dst=0
[SDR@12345] [hub tx] DONE     len=0 dst=0
[SDR@12345] [fpga tx] READY    len=0 dst=0
[SDR@12345] [fpga rx] DATA     len=64 dst=0
[SDR@12345] TX buf <- 64 bytes dst=0
[SDR@12345] [hub tx] REQ_SLOT len=0 dst=0
[SDR@12345] [hub rx] DATA     len=64 dst=3
[SDR@12345] [fpga tx] DATA     len=64 dst=3
[SDR@12345] [hub rx] GRANT    len=0 dst=0
[SDR@12345] [hub tx] DATA     len=64 dst=0
[SDR@12345] [hub tx] DONE     len=0 dst=0
[SDR@12345] [fpga tx] READY    len=0 dst=0
[SDR@12345] [fpga rx] DATA     len=64 dst=0
[SDR@12345] TX buf <- 64 bytes dst=0
[SDR@12345] [hub tx] REQ_SLOT len=0 dst=0
[SDR@12345] [hub rx] DATA     len=64 dst=3
[SDR@12345] [fpga tx] DATA     len=64 dst=3
[SDR@12345] [hub rx] DATA     len=8 dst=3
[SDR@12345] [fpga tx] DATA     len=8 dst=3
[SDR@12345] [hub rx] GRANT    len=0 dst=0
[SDR@12345] [hub tx] DATA     len=64 dst=0
[SDR@12345] [hub tx] DONE     len=0 dst=0
[SDR@12345] [fpga tx] READY    len=0 dst=0
[SDR@12345] [fpga rx] DATA     len=8 dst=0
[SDR@12345] TX buf <- 8 bytes dst=0
[SDR@12345] [hub tx] REQ_SLOT len=0 dst=0
[SDR@12345] [hub rx] GRANT    len=0 dst=0
[SDR@12345] [hub tx] DATA     len=8 dst=0
[SDR@12345] [hub tx] DONE     len=0 dst=0
[SDR@12345] [fpga tx] READY    len=0 dst=0
[SDR@12345] [hub rx] DATA     len=64 dst=3
[SDR@12345] [fpga tx] DATA     len=64 dst=3
[SDR@12345] [fpga rx] DATA     len=64 dst=0
[SDR@12345] TX buf <- 64 bytes dst=0
[SDR@12345] [hub tx] REQ_SLOT len=0 dst=0
[SDR@12345] [hub rx] GRANT    len=0 dst=0
[SDR@12345] [hub tx] DATA     len=64 dst=0
[SDR@12345] [hub tx] DONE     len=0 dst=0
[SDR@12345] [fpga tx] READY    len=0 dst=0
[SDR@12345] [fpga rx] DATA     len=64 dst=0
[SDR@12345] TX buf <- 64 bytes dst=0
[SDR@12345] [hub tx] REQ_SLOT len=0 dst=0
[SDR@12345] [hub rx] DATA     len=64 dst=3
[SDR@12345] [fpga tx] DATA     len=64 dst=3
[SDR@12345] [hub rx] GRANT    len=0 dst=0
[SDR@12345] [hub tx] DATA     len=64 dst=0
[SDR@12345] [hub tx] DONE     len=0 dst=0
[SDR@12345] [fpga tx] READY    len=0 dst=0
[SDR@12345] [fpga rx] DATA     len=64 dst=0
[SDR@12345] TX buf <- 64 bytes dst=0
[SDR@12345] [hub tx] REQ_SLOT len=0 dst=0
[SDR@12345] [hub rx] DATA     len=64 dst=3
[SDR@12345] [fpga tx] DATA     len=64 dst=3
[SDR@12345] [hub rx] DATA     len=8 dst=3
[SDR@12345] [fpga tx] DATA     len=8 dst=3
[SDR@12345] [hub rx] GRANT    len=0 dst=0
[SDR@12345] [hub tx] DATA     len=64 dst=0
[SDR@12345] [hub tx] DONE     len=0 dst=0
[SDR@12345] [fpga tx] READY    len=0 dst=0
[SDR@12345] [fpga rx] DATA     len=8 dst=0
[SDR@12345] TX buf <- 8 bytes dst=0
[SDR@12345] [hub tx] REQ_SLOT len=0 dst=0
[SDR@12345] [hub rx] GRANT    len=0 dst=0
[SDR@12345] [hub tx] DATA     len=8 dst=0
[SDR@12345] [hub tx] DONE     len=0 dst=0
[SDR@12345] [fpga tx] READY    len=0 dst=0
[SDR@12345] [hub rx] DATA     len=64 dst=3
[SDR@12345] [fpga tx] DATA     len=64 dst=3
[SDR@12345] [fpga rx] DATA     len=64 dst=0
[SDR@12345] TX buf <- 64 bytes dst=0
[SDR@12345] [hub tx] REQ_SLOT len=0 dst=0
[SDR@12345] [hub rx] GRANT    len=0 dst=0
[SDR@12345] [hub tx] DATA     len=64 dst=0
[SDR@12345] [hub tx] DONE     len=0 dst=0
[SDR@12345] [fpga tx] READY    len=0 dst=0
