[SDR@12346] connecting to hub at 127.0.0.1:14000...
[SDR@12346] hub link up
[SDR@12346] [fpga rx] resync: skipped 1 byte(s)
[SDR@12346] [fpga rx] POLL     len=0 dst=0
[SDR@12346] [fpga tx] READY    len=0 dst=0
[SDR@12346] PENDING -> ACTIVE
[SDR@12346] [fpga rx] POLL     len=0 dst=0
[SDR@12346] [fpga rx] DATA     len=64 dst=3
[SDR@12346] TX buf <- 64 bytes dst=3
[SDR@12346] [hub tx] REQ_SLOT len=0 dst=0
[SDR@12346] [hub rx] GRANT    len=0 dst=0
[SDR@12346] [hub tx] DATA     len=64 dst=3
[SDR@12346] [hub tx] DONE     len=0 dst=0
[SDR@12346] [fpga tx] READY    len=0 dst=0
[SDR@12346] [fpga rx] DATA     len=64 dst=3
[SDR@12346] TX buf <- 64 bytes dst=3
[SDR@12346] [hub tx] REQ_SLOT len=0 dst=0
[SDR@12346] [hub rx] DATA     len=64 dst=0
[SDR@12346] [fpga tx] DATA     len=64 dst=0
[SDR@12346] [hub rx] GRANT    len=0 dst=0
[SDR@12346] [hub tx] DATA     len=64 dst=3
[SDR@12346] [hub tx] DONE     len=0 dst=0
[SDR@12346] [fpga tx] READY    len=0 dst=0
[SDR@12346] [fpga rx] DATA     len=64 dst=3
[SDR@12346] TX buf <- 64 bytes dst=3
[SDR@12346] [hub tx] REQ_SLOT len=0 dst=0
[SDR@12346] [hub rx] DATA     len=64 dst=0
[SDR@12346] [fpga tx] DATA     len=64 dst=0
[SDR@12346] [hub rx] GRANT    len=0 dst=0
[SDR@12346] [hub tx] DATA     len=64 dst=3
[SDR@12346] [hub tx] DONE     len=0 dst=0
[SDR@12346] [fpga tx] READY    len=0 dst=0
[SDR@12346] [fpga rx] DATA     len=8 dst=3
[SDR@12346] TX buf <- 8 bytes dst=3
[SDR@12346] [hub tx] REQ_SLOT len=0 dst=0
[SDR@12346] [hub rx] GRANT    len=0 dst=0
[SDR@12346] [hub tx] DATA     len=8 dst=3
[SDR@12346] [hub tx] DONE     len=0 dst=0
[SDR@12346] [fpga tx] READY    len=0 dst=0
[SDR@12346] [hub rx] DATA     len=64 dst=0
[SDR@12346] [fpga tx] DATA     len=64 dst=0
[SDR@12346] [fpga rx] DATA     len=64 dst=3
[SDR@12346] TX buf <- 64 bytes dst=3
[SDR@12346] [hub tx] REQ_SLOT len=0 dst=0
[SDR@12346] [hub rx] DATA     len=8 dst=0
[SDR@12346] [fpga tx] DATA     len=8 dst=0
[SDR@12346] [hub rx] GRANT    len=0 dst=0
[SDR@12346] [hub tx] DATA     len=64 dst=3
[SDR@12346] [hub tx] DONE     len=0 dst=0
[SDR@12346] [fpga tx] READY    len=0 dst=0
[SDR@12346] [fpga rx] DATA     len=64 dst=3
[SDR@12346] TX buf <- 64 bytes dst=3
[SDR@12346] [hub tx] REQ_SLOT len=0 dst=0
[SDR@12346] [hub rx] DATA     len=64 dst=0
[SDR@12346] [fpga tx] DATA     len=64 dst=0
[SDR@12346] [hub rx] GRANT    len=0 dst=0
[SDR@12346] [hub tx] DATA     len=64 dst=3
[SDR@12346] [hub tx] DONE     len=0 dst=0
[SDR@12346] [fpga tx] READY    len=0 dst=0
[SDR@12346] [fpga rx] DATA     len=64 dst=3
[SDR@12346] TX buf <- 64 bytes dst=3
[SDR@12346] [hub tx] REQ_SLOT len=0 dst=0
[SDR@12346] [hub rx] DATA     len=64 dst=0
[SDR@12346] [fpga tx] DATA     len=64 dst=0
[SDR@12346] [hub rx] GRANT    len=0 dst=0
[SDR@12346] [hub tx] DATA     len=64 dst=3
[SDR@12346] [hub tx] DONE     len=0 dst=0
[SDR@12346] [fpga tx] READY    len=0 dst=0
[SDR@12346] [fpga rx] DATA     len=8 dst=3
[SDR@12346] TX buf <- 8 bytes dst=3
[SDR@12346] [hub tx] REQ_SLOT len=0 dst=0
[SDR@12346] [hub rx] GRANT    len=0 dst=0
[SDR@12346] [hub tx] DATA     len=8 dst=3
[SDR@12346] [hub tx] DONE     len=0 dst=0
[SDR@12346] [fpga tx] READY    len=0 dst=0
[SDR@12346] [hub rx] DATA     len=64 dst=0
[SDR@12346] [fpga tx] DATA     len=64 dst=0
[SDR@12346] [fpga rx] DATA     len=64 dst=3
[SDR@12346] TX buf <- 64 bytes dst=3
[SDR@12346] [hub tx] REQ_SLOT len=0 dst=0
[SDR@12346] [hub rx] DATA     len=8 dst=0
[SDR@12346] [fpga tx] DATA     len=8 dst=0
[SDR@12346] [hub rx] GRANT    len=0 dst=0
[SDR@12346] [hub tx] DATA     len=64 dst=3
[SDR@12346] [hub tx] DONE     len=0 dst=0
[SDR@12346] [fpga tx] READY    len=0 dst=0
[SDR@12346] [fpga rx] DATA     len=64 dst=3
[SDR@12346] TX buf <- 64 bytes dst=3
[SDR@12346] [hub tx] REQ_SLOT len=0 dst=0
[SDR@12346] [hub rx] DATA     len=64 dst=0
[SDR@12346] [fpga tx] DATA     len=64 dst=0
[SDR@12346] [hub rx] GRANT    len=0 dst=0
[SDR@12346] [hub tx] DATA     len=64 dst=3
[SDR@12346] [hub tx] DONE     len=0 dst=0
[SDR@12346] [fpga tx] READY    len=0 dst=0
[SDR@12346] [fpga rx] DATA     len=64 dst=3
[SDR@12346] TX buf <- 64 bytes dst=3
[SDR@12346] [hub tx] REQ_SLOT len=0 dst=0
[SDR@12346] [hub rx] DATA     len=64 dst=0
[SDR@12346] [fpga tx] DATA     len=64 dst=0
[SDR@12346] [hub rx] GRANT    len=0 dst=0
[SDR@12346] [hub tx] DATA     len=64 dst=3
[SDR@12346] [hub tx] DONE     len=0 dst=0
[SDR@12346] [fpga tx] READY    len=0 dst=0
[SDR@12346] [fpga rx] DATA     len=8 dst=3
[SDR@12346] TX buf <- 8 bytes dst=3
[SDR@12346] [hub tx] REQ_SLOT len=0 dst=0
[SDR@12346] [hub rx] GRANT    len=0 dst=0
[SDR@12346] [hub tx] DATA     len=8 dst=3
[SDR@12346] [hub tx] DONE     len=0 dst=0
[SDR@12346] [fpga tx] READY    len=0 dst=0
[SDR@12346] [hub rx] DATA     len=64 dst=0
[SDR@12346] [fpga tx] DATA     len=64 dst=0
[SDR@12346] [fpga rx] DATA     len=64 dst=3
[SDR@12346] TX buf <- 64 bytes dst=3
[SDR@12346] [hub tx] REQ_SLOT len=0 dst=0
[SDR@12346] [hub rx] DATA     len=8 dst=0
[SDR@12346] [fpga tx] DATA     len=8 dst=0
[SDR@12346] [hub rx] GRANT    len=0 dst=0
[SDR@12346] [hub tx] DATA     len=64 dst=3
[SDR@12346] [hub tx] DONE     len=0 dst=0
[SDR@12346] [fpga tx] READY    len=0 dst=0
[SDR@12346] [fpga rx] DATA     len=64 dst=3
[SDR@12346] TX buf <- 64 bytes dst=3
[SDR@12346] [hub tx] REQ_SLOT len=0 dst=0
[SDR@12346] [hub rx] DATA     len=64 dst=0
[SDR@12346] [fpga tx] DATA     len=64 dst=0
[SDR@12346] [hub rx] GRANT    len=0 dst=0
[SDR@12346] [hub tx] DATA     len=64 dst=3
[SDR@12346] [hub tx] DONE     len=0 dst=0
[SDR@12346] [fpga tx] READY    len=0 dst=0
[SDR@12346] [fpga rx] DATA     len=64 dst=3
[SDR@12346] TX buf <- 64 bytes dst=3
[SDR@12346] [hub tx] REQ_SLOT len=0 dst=0
[SDR@12346] [hub rx] DATA     len=64 dst=0
[SDR@12346] [fpga tx] DATA     len=64 dst=0
[SDR@12346] [hub rx] GRANT    len=0 dst=0
[SDR@12346] [hub tx] DATA     len=64 dst=3
[SDR@12346] [hub tx] DONE     len=0 dst=0
[SDR@12346] [fpga tx] READY    len=0 dst=0
[SDR@12346] [fpga rx] DATA     len=8 dst=3
[SDR@12346] TX buf <- 8 bytes dst=3
[SDR@12346] [hub tx] REQ_SLOT len=0 dst=0
[SDR@12346] [hub rx] GRANT    len=0 dst=0
[SDR@12346] [hub tx] DATA     len=8 dst=3
[SDR@12346] [hub tx] DONE     len=0 dst=0
[SDR@12346] [fpga tx] READY    len=0 dst=0
[SDR@12346] [hub rx] DATA     len=64 dst=0
[SDR@12346] [fpga tx] DATA     len=64 dst=0
[SDR@12346] [fpga rx] DATA     len=64 dst=3
[SDR@12346] TX buf <- 64 bytes dst=3
[SDR@12346] [hub tx] REQ_SLOT len=0 dst=0
[SDR@12346] [hub rx] DATA     len=8 dst=0
[SDR@12346] [fpga tx] DATA     len=8 dst=0
[SDR@12346] [hub rx] GRANT    len=0 dst=0
[SDR@12346] [hub tx] DATA     len=64 dst=3
[SDR@12346] [hub tx] DONE     len=0 dst=0
[SDR@12346] [fpga tx] READY    len=0 dst=0
[SDR@12346] [fpga rx] DATA     len=64 dst=3
[SDR@12346] TX buf <- 64 bytes dst=3
[SDR@12346] [hub tx] REQ_SLOT len=0 dst=0
[SDR@12346] [hub rx] DATA     len=64 dst=0
[SDR@12346] [fpga tx] DATA     len=64 dst=0
[SDR@12346] [hub rx] GRANT    len=0 dst=0
[SDR@12346] [hub tx] DATA     len=64 dst=3
[SDR@12346] [hub tx] DONE     len=0 dst=0
[SDR@12346] [fpga tx] READY    len=0 dst=0
[SDR@12346] [fpga rx] DATA     len=64 dst=3
[SDR@12346] TX buf <- 64 bytes dst=3
[SDR@12346] [hub tx] REQ_SLOT len=0 dst=0
[SDR@12346] [hub rx] DATA     len=64 dst=0
[SDR@12346] [fpga tx] DATA     len=64 dst=0
[SDR@12346] [hub rx] GRANT    len=0 dst=0
[SDR@12346] [hub tx] DATA     len=64 dst=3
[SDR@12346] [hub tx] DONE     len=0 dst=0
[SDR@12346] [fpga tx] READY    len=0 dst=0
[SDR@12346] [fpga rx] DATA     len=8 dst=3
[SDR@12346] TX buf <- 8 bytes dst=3
[SDR@12346] [hub tx] REQ_SLOT len=0 dst=0
[SDR@12346] [hub rx] GRANT    len=0 dst=0
[SDR@12346] [hub tx] DATA     len=8 dst=3
[SDR@12346] [hub tx] DONE     len=0 dst=0
[SDR@12346] [fpga tx] READY    len=0 dst=0
[SDR@12346] [hub rx] DATA     len=64 dst=0
[SDR@12346] [fpga tx] DATA     len=64 dst=0
[SDR@12346] [fpga rx] DATA     len=64 dst=3
[SDR@12346] TX buf <- 64 bytes dst=3
[SDR@12346] [hub tx] REQ_SLOT len=0 dst=0
[SDR@12346] [hub rx] DATA     len=8 dst=0
[SDR@12346] [fpga tx] DATA     len=8 dst=0
[SDR@12346] [hub rx] GRANT    len=0 dst=0
[SDR@12346] [hub tx] DATA     len=64 dst=3
[SDR@12346] [hub tx] DONE     len=0 dst=0
[SDR@12346] [fpga tx] READY    len=0 dst=0
[SDR@12346] [fpga rx] DATA     len=64 dst=3
[SDR@12346] TX buf <- 64 bytes dst=3
[SDR@12346] [hub tx] REQ_SLOT len=0 dst=0
[SDR@12346] [hub rx] DATA     len=64 dst=0
[SDR@12346] [fpga tx] DATA     len=64 dst=0
[SDR@12346] [hub rx] GRANT    len=0 dst=0
[SDR@12346] [hub tx] DATA     len=64 dst=3
[SDR@12346] [hub tx] DONE     len=0 dst=0
[SDR@12346] [fpga tx] READY    len=0 dst=0
[SDR@12346] [fpga rx] DATA     len=64 dst=3
[SDR@12346] TX buf <- 64 bytes dst=3
[SDR@12346] [hub tx] REQ_SLOT len=0 dst=0
[SDR@12346] [hub rx] DATA     len=64 dst=0
[SDR@12346] [fpga tx] DATA     len=64 dst=0
[SDR@12346] [hub rx] GRANT    len=0 dst=0
[SDR@12346] [hub tx] DATA     len=64 dst=3
[SDR@12346] [hub tx] DONE     len=0 dst=0
[SDR@12346] [fpga tx] READY    len=0 dst=0
[SDR@12346] [fpga rx] DATA     len=8 dst=3
[SDR@12346] TX buf <- 8 bytes dst=3
[SDR@12346] [hub tx] REQ_SLOT len=0 dst=0
[SDR@12346] [hub rx] GRANT    len=0 dst=0
[SDR@12346] [hub tx] DATA     len=8 dst=3
[SDR@12346] [hub tx] DONE     len=0 dst=0
[SDR@12346] [fpga tx] READY    len=0 dst=0
[SDR@12346] [hub rx] DATA     len=64 dst=0
[SDR@12346] [fpga tx] DATA     len=64 dst=0
[SDR@12346] [fpga rx] DATA     len=64 dst=3
[SDR@12346] TX buf <- 64 bytes dst=3
[SDR@12346] [hub tx] REQ_SLOT len=0 dst=0
[SDR@12346] [hub rx] DATA     len=8 dst=0
[SDR@12346] [fpga tx] DATA     len=8 dst=0
[SDR@12346] [hub rx] GRANT    len=0 dst=0
[SDR@12346] [hub tx] DATA     len=64 dst=3
[SDR@12346] [hub tx] DONE     len=0 dst=0
[SDR@12346] [fpga tx] READY    len=0 dst=0
[SDR@12346] [fpga rx] DATA     len=64 dst=3
[SDR@12346] TX buf <- 64 bytes dst=3
[SDR@12346] [hub tx] REQ_SLOT len=0 dst=0
[SDR@12346] [hub rx] DATA     len=64 dst=0
[SDR@12346] [fpga tx] DATA     len=64 dst=0
[SDR@12346] [hub rx] GRANT    len=0 dst=0
[SDR@12346] [hub tx] DATA     len=64 dst=3
[SDR@12346] [hub tx] DONE     len=0 dst=0
[SDR@12346] [fpga tx] READY    len=0 dst=0
[SDR@12346] [fpga rx] DATA     len=64 dst=3
[SDR@12346] TX buf <- 64 bytes dst=3
[SDR@12346] [hub tx] REQ_SLOT len=0 dst=0
[SDR@12346] [hub rx] DATA     len=64 dst=0
[SDR@12346] [fpga tx] DATA     len=64 dst=0
[SDR@12346] [hub rx] GRANT    len=0 dst=0
[SDR@12346] [hub tx] DATA     len=64 dst=3
[SDR@12346] [hub tx] DONE     len=0 dst=0
[SDR@12346] [fpga tx] READY    len=0 dst=0
[SDR@12346] [fpga rx] DATA     len=8 dst=3
[SDR@12346] TX buf <- 8 bytes dst=3
[SDR@12346] [hub tx] REQ_SLOT len=0 dst=0
[SDR@12346] [hub rx] GRANT    len=0 dst=0
[SDR@12346] [hub tx] DATA     len=8 dst=3
[SDR@12346] [hub tx] DONE     len=0 dst=0
[SDR@12346] [fpga tx] READY    len=0 dst=0
[SDR@12346] [hub rx] DATA     len=64 dst=0
[SDR@12346] [fpga tx] DATA     len=64 dst=0
[SDR@12346] [fpga rx] DATA     len=64 dst=3
[SDR@12346] TX buf <- 64 bytes dst=3
[SDR@12346] [hub tx] REQ_SLOT len=0 dst=0
[SDR@12346] [hub rx] DATA     len=8 dst=0
[SDR@12346] [fpga tx] DATA     len=8 dst=0
[SDR@12346] [hub rx] GRANT    len=0 dst=0
[SDR@12346] [hub tx] DATA     len=64 dst=3
[SDR@12346] [hub tx] DONE     len=0 dst=0
[SDR@12346] [fpga tx] READY    len=0 dst=0
[SDR@12346] [fpga rx] DATA     len=64 dst=3
[SDR@12346] TX buf <- 64 bytes dst=3
[SDR@12346] [hub tx] REQ_SLOT len=0 dst=0
[SDR@12346] [hub rx] DATA     len=64 dst=0
[SDR@12346] [fpga tx] DATA     len=64 dst=0
[SDR@12346] [hub rx] GRANT    len=0 dst=0
[SDR@12346] [hub tx] DATA     len=64 dst=3
[SDR@12346] [hub tx] DONE     len=0 dst=0
[SDR@12346] [fpga tx] READY    len=0 dst=0
[SDR@12346] [fpga rx] DATA     len=64 dst=3
[SDR@12346] TX buf <- 64 bytes dst=3
[SDR@12346] [hub tx] REQ_SLOT len=0 dst=0
[SDR@12346] [hub rx] DATA     len=64 dst=0
[SDR@12346] [fpga tx] DATA     len=64 dst=0
[SDR@12346] [hub rx] GRANT    len=0 dst=0
[SDR@12346] [hub tx] DATA     len=64 dst=3
[SDR@12346] [hub tx] DONE     len=0 dst=0
[SDR@12346] [fpga tx] READY    len=0 dst=0
[SDR@12346] [fpga rx] DATA     len=8 dst=3
[SDR@12346] TX buf <- 8 bytes dst=3
[SDR@12346] [hub tx] REQ_SLOT len=0 dst=0
[SDR@12346] [hub rx] GRANT    len=0 dst=0
[SDR@12346] [hub tx] DATA     len=8 dst=3
[SDR@12346] [hub tx] DONE     len=0 dst=0
[SDR@12346] [fpga tx] READY    len=0 dst=0
[SDR@12346] [hub rx] DATA     len=64 dst=0
[SDR@12346] [fpga tx] DATA     len=64 dst=0
[SDR@12346] [fpga rx] DATA     len=64 dst=3
[SDR@12346] TX buf <- 64 bytes dst=3
[SDR@12346] [hub tx] REQ_SLOT len=0 dst=0
[SDR@12346] [hub rx] DATA     len=8 dst=0
[SDR@12346] [fpga tx] DATA     len=8 dst=0
[SDR@12346] [hub rx] GRANT    len=0 dst=0
[SDR@12346] [hub tx] DATA     len=64 dst=3
[SDR@12346] [hub tx] DONE     len=0 dst=0
[SDR@12346] [fpga tx] READY    len=0 dst=0
[SDR@12346] [fpga rx] DATA     len=64 dst=3
[SDR@12346] TX buf <- 64 bytes dst=3
[SDR@12346] [hub tx] REQ_SLOT len=0 dst=0
[SDR@12346] [hub rx] DATA     len=64 dst=0
[SDR@12346] [fpga tx] DATA     len=64 dst=0
[SDR@12346] [hub rx] GRANT    len=0 dst=0
[SDR@12346] [hub tx] DATA     len=64 dst=3
[SDR@12346] [hub tx] DONE     len=0 dst=0
[SDR@12346] [fpga tx] READY    len=0 dst=0
[SDR@12346] [fpga rx] DATA     len=64 dst=3
[SDR@12346] TX buf <- 64 bytes dst=3
[SDR@12346] [hub tx] REQ_SLOT len=0 dst=0
[SDR@12346] [hub rx] DATA     len=64 dst=0
[SDR@12346] [fpga tx] DATA     len=64 dst=0
[SDR@12346] [hub rx] GRANT    len=0 dst=0
[SDR@12346] [hub tx] DATA     len=64 dst=3
[SDR@12346] [hub tx] DONE     len=0 dst=0
[SDR@12346] [fpga tx] READY    len=0 dst=0
[SDR@12346] [fpga rx] DATA     len=8 dst=3
[SDR@12346] TX buf <- 8 bytes dst=3
[SDR@12346] [hub tx] REQ_SLOT len=0 dst=0
[SDR@12346] [hub rx] GRANT    len=0 dst=0
[SDR@12346] [hub tx] DATA     len=8 dst=3
[SDR@12346] [hub tx] DONE     len=0 dst=0
[SDR@12346] [fpga tx] READY    len=0 dst=0
[SDR@12346] [hub rx] DATA     len=64 dst=0
[SDR@12346] [fpga tx] DATA     len=64 dst=0
[SDR@12346] [fpga rx] DATA     len=64 dst=3
[SDR@12346] TX buf <- 64 bytes dst=3
[SDR@12346] [hub tx] REQ_SLOT len=0 dst=0
[SDR@12346] [hub rx] DATA     len=8 dst=0
[SDR@12346] [fpga tx] DATA     len=8 dst=0
[SDR@12346] [hub rx] GRANT    len=0 dst=0
[SDR@12346] [hub tx] DATA     len=64 dst=3
[SDR@12346] [hub tx] DONE     len=0 dst=0
[SDR@12346] [fpga tx] READY    len=0 dst=0
[SDR@12346] [fpga rx] DATA     len=64 dst=3
[SDR@12346] TX buf <- 64 bytes dst=3
[SDR@12346] [hub tx] REQ_SLOT len=0 dst=0
[SDR@12346] [hub rx] DATA     len=64 dst=0
[SDR@12346] [fpga tx] DATA     len=64 dst=0
[SDR@12346] [hub rx] GRANT    len=0 dst=0
[SDR@12346] [hub tx] DATA     len=64 dst=3
[SDR@12346] [hub tx] DONE     len=0 dst=0
[SDR@12346] [fpga tx] READY    len=0 dst=0
[SDR@12346] [fpga rx] DATA     len=64 dst=3
[SDR@12346] TX buf <- 64 bytes dst=3
[SDR@12346] [hub tx] REQ_SLOT len=0 dst=0
[SDR@12346] [hub rx] DATA     len=64 dst=0
[SDR@12346] [fpga tx] DATA     len=64 dst=0
[SDR@12346] [hub rx] GRANT    len=0 dst=0
[SDR@12346] [hub tx] DATA     len=64 dst=3
[SDR@12346] [hub tx] DONE     len=0 dst=0
[SDR@12346] [fpga tx] READY    len=0 dst=0
[SDR@12346] [fpga rx] DATA     len=8 dst=3
[SDR@12346] TX buf <- 8 bytes dst=3
[SDR@12346] [hub tx] REQ_SLOT len=0 dst=0
[SDR@12346] [hub rx] GRANT    len=0 dst=0
[SDR@12346] [hub tx] DATA     len=8 dst=3
[SDR@12346] [hub tx] DONE     len=0 dst=0
[SDR@12346] [fpga tx] READY    len=0 dst=0
[SDR@12346] [hub rx] DATA     len=64 dst=0
[SDR@12346] [fpga tx] DATA     len=64 dst=0
[SDR@12346] [fpga rx] DATA     len=64 dst=3
[SDR@12346] TX buf <- 64 bytes dst=3
[SDR@12346] [hub tx] REQ_SLOT len=0 dst=0
[SDR@12346] [hub rx] DATA     len=8 dst=0
[SDR@12346] [fpga tx] DATA     len=8 dst=0
[SDR@12346] [hub rx] GRANT    len=0 dst=0
[SDR@12346] [hub tx] DATA     len=64 dst=3
[SDR@12346] [hub tx] DONE     len=0 dst=0
[SDR@12346] [fpga tx] READY    len=0 dst=0
[SDR@12346] [fpga rx] DATA     len=64 dst=3
[SDR@12346] TX buf <- 64 bytes dst=3
[SDR@12346] [hub tx] REQ_SLOT len=0 dst=0
[SDR@12346] [hub rx] DATA     len=64 dst=0
[SDR@12346] [fpga tx] DATA     len=64 dst=0
[SDR@12346] [hub rx] GRANT    len=0 dst=0
[SDR@12346] [hub tx] DATA     len=64 dst=3
[SDR@12346] [hub tx] DONE     len=0 dst=0
[SDR@12346] [fpga tx] READY    len=0 dst=0
[SDR@12346] [fpga rx] DATA     len=64 dst=3
[SDR@12346] TX buf <- 64 bytes dst=3
[SDR@12346] [hub tx] REQ_SLOT len=0 dst=0
[SDR@12346] [hub rx] DATA     len=64 dst=0
[SDR@12346] [fpga tx] DATA     len=64 dst=0
[SDR@12346] [hub rx] GRANT    len=0 dst=0
[SDR@12346] [hub tx] DATA     len=64 dst=3
[SDR@12346] [hub tx] DONE     len=0 dst=0
[SDR@12346] [fpga tx] READY    len=0 dst=0
[SDR@12346] [fpga rx] DATA     len=8 dst=3
[SDR@12346] TX buf <- 8 bytes dst=3
[SDR@12346] [hub tx] REQ_SLOT len=0 dst=0
[SDR@12346] [hub rx] GRANT    len=0 dst=0
[SDR@12346] [hub tx] DATA     len=8 dst=3
[SDR@12346] [hub tx] DONE     len=0 dst=0
[SDR@12346] [fpga tx] READY    len=0 dst=0
[SDR@12346] [hub rx] DATA     len=64 dst=0
[SDR@12346] [fpga tx] DATA     len=64 dst=0
[SDR@12346] [fpga rx] DATA     len=64 dst=3
[SDR@12346] TX buf <- 64 bytes dst=3
[SDR@12346] [hub tx] REQ_SLOT len=0 dst=0
[SDR@12346] [hub rx] DATA     len=8 dst=0
[SDR@12346] [fpga tx] DATA     len=8 dst=0
[SDR@12346] [hub rx] GRANT    len=0 dst=0
[SDR@12346] [hub tx] DATA     len=64 dst=3
[SDR@12346] [hub tx] DONE     len=0 dst=0
[SDR@12346] [fpga tx] READY    len=0 dst=0
[SDR@12346] [fpga rx] DATA     len=64 dst=3
[SDR@12346] TX buf <- 64 bytes dst=3
[SDR@12346] [hub tx] REQ_SLOT len=0 dst=0
[SDR@12346] [hub rx] DATA     len=64 dst=0
[SDR@12346] [fpga tx] DATA     len=64 dst=0
[SDR@12346] [hub rx] GRANT    len=0 dst=0
[SDR@12346] [hub tx] DATA     len=64 dst=3
[SDR@12346] [hub tx] DONE     len=0 dst=0
[SDR@12346] [fpga tx] READY    len=0 dst=0
[SDR@12346] [fpga rx] DATA     len=64 dst=3
[SDR@12346] TX buf <- 64 bytes dst=3
[SDR@12346] [hub tx] REQ_SLOT len=0 dst=0
[SDR@12346] [hub rx] DATA     len=64 dst=0
[SDR@12346] [fpga tx] DATA     len=64 dst=0
[SDR@12346] [hub rx] GRANT    len=0 dst=0
[SDR@12346] [hub tx] DATA     len=64 dst=3
[SDR@12346] [hub tx] DONE     len=0 dst=0
[SDR@12346] [fpga tx] READY    len=0 dst=0
[SDR@12346] [fpga rx] DATA     len=8 dst=3
[SDR@12346] TX buf <- 8 bytes dst=3
[SDR@12346] [hub tx] REQ_SLOT len=0 dst=0
[SDR@12346] [hub rx] GRANT    len=0 dst=0
[SDR@12346] [hub tx] DATA     len=8 dst=3
[SDR@12346] [hub tx] DONE     len=0 dst=0
[SDR@12346] [fpga tx] READY    len=0 dst=0
[SDR@12346] [hub rx] DATA     len=64 dst=0
[SDR@12346] [fpga tx] DATA     len=64 dst=0
[SDR@12346] [fpga rx] DATA     len=64 dst=3
[SDR@12346] TX buf <- 64 bytes dst=3
[SDR@12346] [hub tx] REQ_SLOT len=0 dst=0
[SDR@12346] [hub rx] DATA     len=8 dst=0
[SDR@12346] [fpga tx] DATA     len=8 dst=0
[SDR@12346] [hub rx] GRANT    len=0 dst=0
[SDR@12346] [hub tx] DATA     len=64 dst=3
[SDR@12346] [hub tx] DONE     len=0 dst=0
[SDR@12346] [fpga tx] READY    len=0 dst=0
[SDR@12346] [fpga rx] DATA     len=64 dst=3
[SDR@12346] TX buf <- 64 bytes dst=3
[SDR@12346] [hub tx] REQ_SLOT len=0 dst=0
[SDR@12346] [hub rx] DATA     len=64 dst=0
[SDR@12346] [fpga tx] DATA     len=64 dst=0
[SDR@12346] [hub rx] GRANT    len=0 dst=0
[SDR@12346] [hub tx] DATA     len=64 dst=3
[SDR@12346] [hub tx] DONE     len=0 dst=0
[SDR@12346] [fpga tx] READY    len=0 dst=0
[SDR@12346] [fpga rx] DATA     len=64 dst=3
[SDR@12346] TX buf <- 64 bytes dst=3
[SDR@12346] [hub tx] REQ_SLOT len=0 dst=0
[SDR@12346] [hub rx] DATA     len=64 dst=0
[SDR@12346] [fpga tx] DATA     len=64 dst=0
[SDR@12346] [hub rx] GRANT    len=0 dst=0
[SDR@12346] [hub tx] DATA     len=64 dst=3
[SDR@12346] [hub tx] DONE     len=0 dst=0
[SDR@12346] [fpga tx] READY    len=0 dst=0
[SDR@12346] [fpga rx] DATA     len=8 dst=3
[SDR@12346] TX buf <- 8 bytes dst=3
[SDR@12346] [hub tx] REQ_SLOT len=0 dst=0
[SDR@12346] [hub rx] GRANT    len=0 dst=0
[SDR@12346] [hub tx] DATA     len=8 dst=3
[SDR@12346] [hub tx] DONE     len=0 dst=0
[SDR@12346] [fpga tx] READY    len=0 dst=0
[SDR@12346] [hub rx] DATA     len=64 dst=0
[SDR@12346] [fpga tx] DATA     len=64 dst=0
[SDR@12346] [fpga rx] DATA     len=64 dst=3
[SDR@12346] TX buf <- 64 bytes dst=3
[SDR@12346] [hub tx] REQ_SLOT len=0 dst=0
[SDR@12346] [hub rx] DATA     len=8 dst=0
[SDR@12346] [fpga tx] DATA     len=8 dst=0
[SDR@12346] [hub rx] GRANT    len=0 dst=0
[SDR@12346] [hub tx] DATA     len=64 dst=3
[SDR@12346] [hub tx] DONE     len=0 dst=0
[SDR@12346] [fpga tx] READY    len=0 dst=0
[SDR@12346] [fpga rx] DATA     len=64 dst=3
[SDR@12346] TX buf <- 64 bytes dst=3
[SDR@12346] [hub tx] REQ_SLOT len=0 dst=0
[SDR@12346] [hub rx] DATA     len=64 dst=0
[SDR@12346] [fpga tx] DATA     len=64 dst=0
[SDR@12346] [hub rx] GRANT    len=0 dst=0
[SDR@12346] [hub tx] DATA     len=64 dst=3
[SDR@12346] [hub tx] DONE     len=0 dst=0
[SDR@12346] [fpga tx] READY    len=0 dst=0
[SDR@12346] [fpga rx] DATA     len=64 dst=3
[SDR@12346] TX buf <- 64 bytes dst=3
[SDR@12346] [hub tx] REQ_SLOT len=0 dst=0
[SDR@12346] [hub rx] DATA     len=64 dst=0
[SDR@12346] [fpga tx] DATA     len=64 dst=0
[SDR@12346] [hub rx] GRANT    len=0 dst=0
[SDR@12346] [hub tx] DATA     len=64 dst=3
[SDR@12346] [hub tx] DONE     len=0 dst=0
[SDR@12346] [fpga tx] READY    len=0 dst=0
[SDR@12346] [fpga rx] DATA     len=8 dst=3
[SDR@12346] TX buf <- 8 bytes dst=3
[SDR@12346] [hub tx] REQ_SLOT len=0 dst=0
[SDR@12346] [hub rx] GRANT    len=0 dst=0
[SDR@12346] [hub tx] DATA     len=8 dst=3
[SDR@12346] [hub tx] DONE     len=0 dst=0
[SDR@12346] [fpga tx] READY    len=0 dst=0
[SDR@12346] [hub rx] DATA     len=64 dst=0
[SDR@12346] [fpga tx] DATA     len=64 dst=0
[SDR@12346] [fpga rx] DATA     len=64 dst=3
[SDR@12346] TX buf <- 64 bytes dst=3
[SDR@12346] [hub tx] REQ_SLOT len=0 dst=0
[SDR@12346] [hub rx] DATA     len=8 dst=0
[SDR@12346] [fpga tx] DATA     len=8 dst=0
[SDR@12346] [hub rx] GRANT    len=0 dst=0
[SDR@12346] [hub tx] DATA     len=64 dst=3
[SDR@12346] [hub tx] DONE     len=0 dst=0
[SDR@12346] [fpga tx] READY    len=0 dst=0
[SDR@12346] [fpga rx] DATA     len=64 dst=3
[SDR@12346] TX buf <- 64 bytes dst=3
[SDR@12346] [hub tx] REQ_SLOT len=0 dst=0
[SDR@12346] [hub rx] DATA     len=64 dst=0
[SDR@12346] [fpga tx] DATA     len=64 dst=0
[SDR@12346] [hub rx] GRANT    len=0 dst=0
[SDR@12346] [hub tx] DATA     len=64 dst=3
[SDR@12346] [hub tx] DONE     len=0 dst=0
[SDR@12346] [fpga tx] READY    len=0 dst=0
