
*** Running vivado
    with args -log top.vds -m64 -product Vivado -mode batch -messageDb vivado.pb -notrace -source top.tcl


****** Vivado v2023.2 (64-bit)
  **** SW Build 4029153 on Fri Oct 13 20:13:54 MDT 2023
  **** IP Build 4028589 on Sat Oct 14 00:45:43 MDT 2023
  **** SharedData Build 4025554 on Tue Oct 10 17:18:54 MDT 2023
    ** Copyright 1986-2022 Xilinx, Inc. All Rights Reserved.
    ** Copyright 2022-2023 Advanced Micro Devices, Inc. All Rights Reserved.

source top.tcl -notrace
create_project: Time (s): cpu = 00:00:06 ; elapsed = 00:00:06 . Memory (MB): peak = 1322.801 ; gain = 0.027 ; free physical = 3655 ; free virtual = 13545
Command: read_checkpoint -auto_incremental -incremental /home/alfonso/TFM/ewic-fpga_fpga_connection/ewic-fpga/uart_design.srcs/utils_1/imports/synth_1/top.dcp
INFO: [Vivado 12-5825] Read reference checkpoint from /home/alfonso/TFM/ewic-fpga_fpga_connection/ewic-fpga/uart_design.srcs/utils_1/imports/synth_1/top.dcp for incremental synthesis
INFO: [Vivado 12-7989] Please ensure there are no constraint changes
Command: synth_design -top top -part xcu280-fsvh2892-2L-e
Starting synth_design
Attempting to get a license for feature 'Synthesis' and/or device 'xcu280'
INFO: [Common 17-349] Got license for feature 'Synthesis' and/or device 'xcu280'
INFO: [Device 21-403] Loading part xcu280-fsvh2892-2L-e
INFO: [Designutils 20-5440] No compile time benefit to using incremental synthesis; A full resynthesis will be run
INFO: [Designutils 20-4379] Flow is switching to default flow due to incremental criteria not met. If you would like to alter this behaviour and have the flow terminate instead, please set the following parameter config_implementation {autoIncr.Synth.RejectBehavior Terminate}
INFO: [Synth 8-7079] Multithreading enabled for synth_design using a maximum of 4 processes.
INFO: [Synth 8-7078] Launching helper process for spawning children vivado processes
INFO: [Synth 8-7075] Helper process launched with PID 44690
---------------------------------------------------------------------------------
Starting RTL Elaboration : Time (s): cpu = 00:00:03 ; elapsed = 00:00:03 . Memory (MB): peak = 3051.008 ; gain = 398.629 ; free physical = 1674 ; free virtual = 11564
---------------------------------------------------------------------------------
WARNING: [Synth 8-11067] parameter 'MAX_PAYLOAD_BYTES' declared inside package 'pkg_sdr_ctrl_protocol' shall be treated as localparam [/home/alfonso/TFM/ewic-fpga_fpga_connection/ewic-fpga/uart_design.srcs/sources_1/new/rtl/protocol/pkg_sdr_ctrl_protocol.sv:7]
INFO: [Synth 8-6157] synthesizing module 'top' [/home/alfonso/TFM/ewic-fpga_fpga_connection/ewic-fpga/uart_design.srcs/sources_1/new/top.sv:4]
INFO: [Synth 8-6157] synthesizing module 'clk_wiz_0' [/home/alfonso/TFM/ewic-fpga_fpga_connection/ewic-fpga/uart_design.runs/synth_1/.Xil/Vivado-44624-alfonso-Modern-14-B4MW/realtime/clk_wiz_0_stub.v:6]
INFO: [Synth 8-6155] done synthesizing module 'clk_wiz_0' (0#1) [/home/alfonso/TFM/ewic-fpga_fpga_connection/ewic-fpga/uart_design.runs/synth_1/.Xil/Vivado-44624-alfonso-Modern-14-B4MW/realtime/clk_wiz_0_stub.v:6]
INFO: [Synth 8-6157] synthesizing module 'uart_rx' [/home/alfonso/TFM/ewic-fpga_fpga_connection/ewic-fpga/uart_design.srcs/sources_1/new/uart_rx.sv:3]
	Parameter G_CLK_FREQ bound to: 50000000 - type: integer 
	Parameter G_BAUDRATE bound to: 115200 - type: integer 
INFO: [Synth 8-6155] done synthesizing module 'uart_rx' (0#1) [/home/alfonso/TFM/ewic-fpga_fpga_connection/ewic-fpga/uart_design.srcs/sources_1/new/uart_rx.sv:3]
INFO: [Synth 8-6157] synthesizing module 'uart_tx' [/home/alfonso/TFM/ewic-fpga_fpga_connection/ewic-fpga/uart_design.srcs/sources_1/new/uart_tx.sv:3]
	Parameter G_CLK_FREQ bound to: 50000000 - type: integer 
	Parameter G_BAUDRATE bound to: 115200 - type: integer 
INFO: [Synth 8-6155] done synthesizing module 'uart_tx' (0#1) [/home/alfonso/TFM/ewic-fpga_fpga_connection/ewic-fpga/uart_design.srcs/sources_1/new/uart_tx.sv:3]
INFO: [Synth 8-6157] synthesizing module 'uart_fifo' [/home/alfonso/TFM/ewic-fpga_fpga_connection/ewic-fpga/uart_design.runs/synth_1/.Xil/Vivado-44624-alfonso-Modern-14-B4MW/realtime/uart_fifo_stub.v:6]
INFO: [Synth 8-6155] done synthesizing module 'uart_fifo' (0#1) [/home/alfonso/TFM/ewic-fpga_fpga_connection/ewic-fpga/uart_design.runs/synth_1/.Xil/Vivado-44624-alfonso-Modern-14-B4MW/realtime/uart_fifo_stub.v:6]
INFO: [Synth 8-6157] synthesizing module 'sdr_ctrl_protocol_byte_serialiser' [/home/alfonso/TFM/ewic-fpga_fpga_connection/ewic-fpga/uart_design.srcs/sources_1/new/rtl/protocol/sdr_ctrl_protocol_byte_serialiser.sv:8]
INFO: [Synth 8-226] default block is never used [/home/alfonso/TFM/ewic-fpga_fpga_connection/ewic-fpga/uart_design.srcs/sources_1/new/rtl/protocol/sdr_ctrl_protocol_byte_serialiser.sv:49]
INFO: [Synth 8-6155] done synthesizing module 'sdr_ctrl_protocol_byte_serialiser' (0#1) [/home/alfonso/TFM/ewic-fpga_fpga_connection/ewic-fpga/uart_design.srcs/sources_1/new/rtl/protocol/sdr_ctrl_protocol_byte_serialiser.sv:8]
INFO: [Synth 8-6157] synthesizing module 'sdr_ctrl_protocol_byte_decoder' [/home/alfonso/TFM/ewic-fpga_fpga_connection/ewic-fpga/uart_design.srcs/sources_1/new/rtl/protocol/sdr_ctrl_protocol_byte_decoder.sv:8]
INFO: [Synth 8-226] default block is never used [/home/alfonso/TFM/ewic-fpga_fpga_connection/ewic-fpga/uart_design.srcs/sources_1/new/rtl/protocol/sdr_ctrl_protocol_byte_decoder.sv:43]
INFO: [Synth 8-6155] done synthesizing module 'sdr_ctrl_protocol_byte_decoder' (0#1) [/home/alfonso/TFM/ewic-fpga_fpga_connection/ewic-fpga/uart_design.srcs/sources_1/new/rtl/protocol/sdr_ctrl_protocol_byte_decoder.sv:8]
INFO: [Synth 8-6157] synthesizing module 'sdr_ctrl_protocol_engine' [/home/alfonso/TFM/ewic-fpga_fpga_connection/ewic-fpga/uart_design.srcs/sources_1/new/rtl/protocol/sdr_ctrl_protocol_engine.sv:11]
INFO: [Synth 8-226] default block is never used [/home/alfonso/TFM/ewic-fpga_fpga_connection/ewic-fpga/uart_design.srcs/sources_1/new/rtl/protocol/sdr_ctrl_protocol_engine.sv:76]
INFO: [Synth 8-6155] done synthesizing module 'sdr_ctrl_protocol_engine' (0#1) [/home/alfonso/TFM/ewic-fpga_fpga_connection/ewic-fpga/uart_design.srcs/sources_1/new/rtl/protocol/sdr_ctrl_protocol_engine.sv:11]
INFO: [Synth 8-6157] synthesizing module 'cpu_core_quad' [/home/alfonso/TFM/ewic-fpga_fpga_connection/ewic-fpga/uart_design.srcs/sources_1/new/rtl/cpu/cpu_core_quad.sv:22]
	Parameter FPGA_ID bound to: 8'b00000000 
INFO: [Synth 8-6157] synthesizing module 'bram_mem' [/home/alfonso/TFM/ewic-fpga_fpga_connection/ewic-fpga/uart_design.srcs/sources_1/new/rtl/cpu/bram_mem.sv:4]
	Parameter WORDS bound to: 32'sb00000000000000000100000000000000 
	Parameter INIT_FILE bound to: firmware.hex - type: string 
INFO: [Synth 8-3876] $readmem data file 'firmware.hex' is read successfully [/home/alfonso/TFM/ewic-fpga_fpga_connection/ewic-fpga/uart_design.srcs/sources_1/new/rtl/cpu/bram_mem.sv:19]
INFO: [Synth 8-6155] done synthesizing module 'bram_mem' (0#1) [/home/alfonso/TFM/ewic-fpga_fpga_connection/ewic-fpga/uart_design.srcs/sources_1/new/rtl/cpu/bram_mem.sv:4]
INFO: [Synth 8-6157] synthesizing module 'sdr_mmio' [/home/alfonso/TFM/ewic-fpga_fpga_connection/ewic-fpga/uart_design.srcs/sources_1/new/rtl/cpu/sdr_mmio.sv:11]
INFO: [Synth 8-6155] done synthesizing module 'sdr_mmio' (0#1) [/home/alfonso/TFM/ewic-fpga_fpga_connection/ewic-fpga/uart_design.srcs/sources_1/new/rtl/cpu/sdr_mmio.sv:11]
INFO: [Synth 8-6157] synthesizing module 'picorv32' [/home/alfonso/TFM/ewic-fpga_fpga_connection/ewic-fpga/uart_design.srcs/sources_1/new/rtl/cpu/picorv32.v:62]
	Parameter ENABLE_COUNTERS bound to: 1'b0 
	Parameter ENABLE_REGS_16_31 bound to: 1'b1 
	Parameter ENABLE_REGS_DUALPORT bound to: 1'b1 
	Parameter TWO_STAGE_SHIFT bound to: 1'b0 
	Parameter BARREL_SHIFTER bound to: 1'b1 
	Parameter TWO_CYCLE_COMPARE bound to: 1'b0 
	Parameter TWO_CYCLE_ALU bound to: 1'b0 
	Parameter COMPRESSED_ISA bound to: 1'b0 
	Parameter CATCH_MISALIGN bound to: 1'b0 
	Parameter CATCH_ILLINSN bound to: 1'b0 
	Parameter ENABLE_PCPI bound to: 1'b0 
	Parameter ENABLE_MUL bound to: 1'b0 
	Parameter ENABLE_FAST_MUL bound to: 1'b0 
	Parameter ENABLE_DIV bound to: 1'b0 
	Parameter ENABLE_IRQ bound to: 1'b0 
	Parameter ENABLE_IRQ_QREGS bound to: 1'b0 
	Parameter PROGADDR_RESET bound to: 0 - type: integer 
	Parameter PROGADDR_IRQ bound to: 16 - type: integer 
WARNING: [Synth 8-151] case item 1'b0 is unreachable [/home/alfonso/TFM/ewic-fpga_fpga_connection/ewic-fpga/uart_design.srcs/sources_1/new/rtl/cpu/picorv32.v:1314]
INFO: [Synth 8-155] case statement is not full and has no default [/home/alfonso/TFM/ewic-fpga_fpga_connection/ewic-fpga/uart_design.srcs/sources_1/new/rtl/cpu/picorv32.v:1314]
WARNING: [Synth 8-151] case item 1'b0 is unreachable [/home/alfonso/TFM/ewic-fpga_fpga_connection/ewic-fpga/uart_design.srcs/sources_1/new/rtl/cpu/picorv32.v:1497]
INFO: [Synth 8-155] case statement is not full and has no default [/home/alfonso/TFM/ewic-fpga_fpga_connection/ewic-fpga/uart_design.srcs/sources_1/new/rtl/cpu/picorv32.v:1497]
WARNING: [Synth 8-151] case item 1'b0 is unreachable [/home/alfonso/TFM/ewic-fpga_fpga_connection/ewic-fpga/uart_design.srcs/sources_1/new/rtl/cpu/picorv32.v:1583]
WARNING: [Synth 8-151] case item 1'b0 is unreachable [/home/alfonso/TFM/ewic-fpga_fpga_connection/ewic-fpga/uart_design.srcs/sources_1/new/rtl/cpu/picorv32.v:1583]
WARNING: [Synth 8-151] case item 1'b0 is unreachable [/home/alfonso/TFM/ewic-fpga_fpga_connection/ewic-fpga/uart_design.srcs/sources_1/new/rtl/cpu/picorv32.v:1583]
WARNING: [Synth 8-151] case item 1'b0 is unreachable [/home/alfonso/TFM/ewic-fpga_fpga_connection/ewic-fpga/uart_design.srcs/sources_1/new/rtl/cpu/picorv32.v:1583]
WARNING: [Synth 8-151] case item 1'b0 is unreachable [/home/alfonso/TFM/ewic-fpga_fpga_connection/ewic-fpga/uart_design.srcs/sources_1/new/rtl/cpu/picorv32.v:1583]
WARNING: [Synth 8-151] case item 1'b0 is unreachable [/home/alfonso/TFM/ewic-fpga_fpga_connection/ewic-fpga/uart_design.srcs/sources_1/new/rtl/cpu/picorv32.v:1583]
WARNING: [Synth 8-151] case item 1'b0 is unreachable [/home/alfonso/TFM/ewic-fpga_fpga_connection/ewic-fpga/uart_design.srcs/sources_1/new/rtl/cpu/picorv32.v:1583]
WARNING: [Synth 8-151] case item 1'b0 is unreachable [/home/alfonso/TFM/ewic-fpga_fpga_connection/ewic-fpga/uart_design.srcs/sources_1/new/rtl/cpu/picorv32.v:1766]
INFO: [Synth 8-6155] done synthesizing module 'picorv32' (0#1) [/home/alfonso/TFM/ewic-fpga_fpga_connection/ewic-fpga/uart_design.srcs/sources_1/new/rtl/cpu/picorv32.v:62]
WARNING: [Synth 8-7071] port 'trap' of module 'picorv32' is unconnected for instance 'u_cpu0' [/home/alfonso/TFM/ewic-fpga_fpga_connection/ewic-fpga/uart_design.srcs/sources_1/new/rtl/cpu/cpu_core_quad.sv:358]
WARNING: [Synth 8-7071] port 'trace_valid' of module 'picorv32' is unconnected for instance 'u_cpu0' [/home/alfonso/TFM/ewic-fpga_fpga_connection/ewic-fpga/uart_design.srcs/sources_1/new/rtl/cpu/cpu_core_quad.sv:358]
WARNING: [Synth 8-7071] port 'trace_data' of module 'picorv32' is unconnected for instance 'u_cpu0' [/home/alfonso/TFM/ewic-fpga_fpga_connection/ewic-fpga/uart_design.srcs/sources_1/new/rtl/cpu/cpu_core_quad.sv:358]
WARNING: [Synth 8-7023] instance 'u_cpu0' of module 'picorv32' has 27 connections declared, but only 24 given [/home/alfonso/TFM/ewic-fpga_fpga_connection/ewic-fpga/uart_design.srcs/sources_1/new/rtl/cpu/cpu_core_quad.sv:358]
WARNING: [Synth 8-7071] port 'trap' of module 'picorv32' is unconnected for instance 'u_cpu1' [/home/alfonso/TFM/ewic-fpga_fpga_connection/ewic-fpga/uart_design.srcs/sources_1/new/rtl/cpu/cpu_core_quad.sv:377]
WARNING: [Synth 8-7071] port 'trace_valid' of module 'picorv32' is unconnected for instance 'u_cpu1' [/home/alfonso/TFM/ewic-fpga_fpga_connection/ewic-fpga/uart_design.srcs/sources_1/new/rtl/cpu/cpu_core_quad.sv:377]
WARNING: [Synth 8-7071] port 'trace_data' of module 'picorv32' is unconnected for instance 'u_cpu1' [/home/alfonso/TFM/ewic-fpga_fpga_connection/ewic-fpga/uart_design.srcs/sources_1/new/rtl/cpu/cpu_core_quad.sv:377]
WARNING: [Synth 8-7023] instance 'u_cpu1' of module 'picorv32' has 27 connections declared, but only 24 given [/home/alfonso/TFM/ewic-fpga_fpga_connection/ewic-fpga/uart_design.srcs/sources_1/new/rtl/cpu/cpu_core_quad.sv:377]
WARNING: [Synth 8-7071] port 'trap' of module 'picorv32' is unconnected for instance 'u_cpu2' [/home/alfonso/TFM/ewic-fpga_fpga_connection/ewic-fpga/uart_design.srcs/sources_1/new/rtl/cpu/cpu_core_quad.sv:396]
WARNING: [Synth 8-7071] port 'trace_valid' of module 'picorv32' is unconnected for instance 'u_cpu2' [/home/alfonso/TFM/ewic-fpga_fpga_connection/ewic-fpga/uart_design.srcs/sources_1/new/rtl/cpu/cpu_core_quad.sv:396]
WARNING: [Synth 8-7071] port 'trace_data' of module 'picorv32' is unconnected for instance 'u_cpu2' [/home/alfonso/TFM/ewic-fpga_fpga_connection/ewic-fpga/uart_design.srcs/sources_1/new/rtl/cpu/cpu_core_quad.sv:396]
WARNING: [Synth 8-7023] instance 'u_cpu2' of module 'picorv32' has 27 connections declared, but only 24 given [/home/alfonso/TFM/ewic-fpga_fpga_connection/ewic-fpga/uart_design.srcs/sources_1/new/rtl/cpu/cpu_core_quad.sv:396]
WARNING: [Synth 8-7071] port 'trap' of module 'picorv32' is unconnected for instance 'u_cpu3' [/home/alfonso/TFM/ewic-fpga_fpga_connection/ewic-fpga/uart_design.srcs/sources_1/new/rtl/cpu/cpu_core_quad.sv:415]
WARNING: [Synth 8-7071] port 'trace_valid' of module 'picorv32' is unconnected for instance 'u_cpu3' [/home/alfonso/TFM/ewic-fpga_fpga_connection/ewic-fpga/uart_design.srcs/sources_1/new/rtl/cpu/cpu_core_quad.sv:415]
WARNING: [Synth 8-7071] port 'trace_data' of module 'picorv32' is unconnected for instance 'u_cpu3' [/home/alfonso/TFM/ewic-fpga_fpga_connection/ewic-fpga/uart_design.srcs/sources_1/new/rtl/cpu/cpu_core_quad.sv:415]
WARNING: [Synth 8-7023] instance 'u_cpu3' of module 'picorv32' has 27 connections declared, but only 24 given [/home/alfonso/TFM/ewic-fpga_fpga_connection/ewic-fpga/uart_design.srcs/sources_1/new/rtl/cpu/cpu_core_quad.sv:415]
INFO: [Synth 8-6155] done synthesizing module 'cpu_core_quad' (0#1) [/home/alfonso/TFM/ewic-fpga_fpga_connection/ewic-fpga/uart_design.srcs/sources_1/new/rtl/cpu/cpu_core_quad.sv:22]
INFO: [Synth 8-6155] done synthesizing module 'top' (0#1) [/home/alfonso/TFM/ewic-fpga_fpga_connection/ewic-fpga/uart_design.srcs/sources_1/new/top.sv:4]
WARNING: [Synth 8-6014] Unused sequential element mem_la_firstword_reg_reg was removed.  [/home/alfonso/TFM/ewic-fpga_fpga_connection/ewic-fpga/uart_design.srcs/sources_1/new/rtl/cpu/picorv32.v:392]
WARNING: [Synth 8-6014] Unused sequential element last_mem_valid_reg was removed.  [/home/alfonso/TFM/ewic-fpga_fpga_connection/ewic-fpga/uart_design.srcs/sources_1/new/rtl/cpu/picorv32.v:393]
WARNING: [Synth 8-6014] Unused sequential element next_insn_opcode_reg was removed.  [/home/alfonso/TFM/ewic-fpga_fpga_connection/ewic-fpga/uart_design.srcs/sources_1/new/rtl/cpu/picorv32.v:433]
WARNING: [Synth 8-6014] Unused sequential element mem_la_secondword_reg was removed.  [/home/alfonso/TFM/ewic-fpga_fpga_connection/ewic-fpga/uart_design.srcs/sources_1/new/rtl/cpu/picorv32.v:571]
WARNING: [Synth 8-6014] Unused sequential element prefetched_high_word_reg was removed.  [/home/alfonso/TFM/ewic-fpga_fpga_connection/ewic-fpga/uart_design.srcs/sources_1/new/rtl/cpu/picorv32.v:572]
WARNING: [Synth 8-6014] Unused sequential element q_ascii_instr_reg was removed.  [/home/alfonso/TFM/ewic-fpga_fpga_connection/ewic-fpga/uart_design.srcs/sources_1/new/rtl/cpu/picorv32.v:779]
WARNING: [Synth 8-6014] Unused sequential element q_insn_imm_reg was removed.  [/home/alfonso/TFM/ewic-fpga_fpga_connection/ewic-fpga/uart_design.srcs/sources_1/new/rtl/cpu/picorv32.v:780]
WARNING: [Synth 8-6014] Unused sequential element q_insn_opcode_reg was removed.  [/home/alfonso/TFM/ewic-fpga_fpga_connection/ewic-fpga/uart_design.srcs/sources_1/new/rtl/cpu/picorv32.v:781]
WARNING: [Synth 8-6014] Unused sequential element q_insn_rs1_reg was removed.  [/home/alfonso/TFM/ewic-fpga_fpga_connection/ewic-fpga/uart_design.srcs/sources_1/new/rtl/cpu/picorv32.v:782]
WARNING: [Synth 8-6014] Unused sequential element q_insn_rs2_reg was removed.  [/home/alfonso/TFM/ewic-fpga_fpga_connection/ewic-fpga/uart_design.srcs/sources_1/new/rtl/cpu/picorv32.v:783]
WARNING: [Synth 8-6014] Unused sequential element q_insn_rd_reg was removed.  [/home/alfonso/TFM/ewic-fpga_fpga_connection/ewic-fpga/uart_design.srcs/sources_1/new/rtl/cpu/picorv32.v:784]
WARNING: [Synth 8-6014] Unused sequential element dbg_next_reg was removed.  [/home/alfonso/TFM/ewic-fpga_fpga_connection/ewic-fpga/uart_design.srcs/sources_1/new/rtl/cpu/picorv32.v:785]
WARNING: [Synth 8-6014] Unused sequential element dbg_valid_insn_reg was removed.  [/home/alfonso/TFM/ewic-fpga_fpga_connection/ewic-fpga/uart_design.srcs/sources_1/new/rtl/cpu/picorv32.v:788]
WARNING: [Synth 8-6014] Unused sequential element cached_ascii_instr_reg was removed.  [/home/alfonso/TFM/ewic-fpga_fpga_connection/ewic-fpga/uart_design.srcs/sources_1/new/rtl/cpu/picorv32.v:793]
WARNING: [Synth 8-6014] Unused sequential element cached_insn_imm_reg was removed.  [/home/alfonso/TFM/ewic-fpga_fpga_connection/ewic-fpga/uart_design.srcs/sources_1/new/rtl/cpu/picorv32.v:794]
WARNING: [Synth 8-6014] Unused sequential element cached_insn_opcode_reg was removed.  [/home/alfonso/TFM/ewic-fpga_fpga_connection/ewic-fpga/uart_design.srcs/sources_1/new/rtl/cpu/picorv32.v:796]
WARNING: [Synth 8-6014] Unused sequential element cached_insn_rs1_reg was removed.  [/home/alfonso/TFM/ewic-fpga_fpga_connection/ewic-fpga/uart_design.srcs/sources_1/new/rtl/cpu/picorv32.v:799]
WARNING: [Synth 8-6014] Unused sequential element cached_insn_rs2_reg was removed.  [/home/alfonso/TFM/ewic-fpga_fpga_connection/ewic-fpga/uart_design.srcs/sources_1/new/rtl/cpu/picorv32.v:800]
WARNING: [Synth 8-6014] Unused sequential element cached_insn_rd_reg was removed.  [/home/alfonso/TFM/ewic-fpga_fpga_connection/ewic-fpga/uart_design.srcs/sources_1/new/rtl/cpu/picorv32.v:801]
WARNING: [Synth 8-6014] Unused sequential element dbg_insn_addr_reg was removed.  [/home/alfonso/TFM/ewic-fpga_fpga_connection/ewic-fpga/uart_design.srcs/sources_1/new/rtl/cpu/picorv32.v:805]
WARNING: [Synth 8-6014] Unused sequential element instr_waitirq_reg was removed.  [/home/alfonso/TFM/ewic-fpga_fpga_connection/ewic-fpga/uart_design.srcs/sources_1/new/rtl/cpu/picorv32.v:872]
WARNING: [Synth 8-6014] Unused sequential element instr_rdcycle_reg was removed.  [/home/alfonso/TFM/ewic-fpga_fpga_connection/ewic-fpga/uart_design.srcs/sources_1/new/rtl/cpu/picorv32.v:1079]
WARNING: [Synth 8-6014] Unused sequential element instr_rdcycleh_reg was removed.  [/home/alfonso/TFM/ewic-fpga_fpga_connection/ewic-fpga/uart_design.srcs/sources_1/new/rtl/cpu/picorv32.v:1081]
WARNING: [Synth 8-6014] Unused sequential element instr_rdinstr_reg was removed.  [/home/alfonso/TFM/ewic-fpga_fpga_connection/ewic-fpga/uart_design.srcs/sources_1/new/rtl/cpu/picorv32.v:1083]
WARNING: [Synth 8-6014] Unused sequential element instr_rdinstrh_reg was removed.  [/home/alfonso/TFM/ewic-fpga_fpga_connection/ewic-fpga/uart_design.srcs/sources_1/new/rtl/cpu/picorv32.v:1084]
WARNING: [Synth 8-6014] Unused sequential element instr_fence_reg was removed.  [/home/alfonso/TFM/ewic-fpga_fpga_connection/ewic-fpga/uart_design.srcs/sources_1/new/rtl/cpu/picorv32.v:1088]
WARNING: [Synth 8-6014] Unused sequential element instr_getq_reg was removed.  [/home/alfonso/TFM/ewic-fpga_fpga_connection/ewic-fpga/uart_design.srcs/sources_1/new/rtl/cpu/picorv32.v:1090]
WARNING: [Synth 8-6014] Unused sequential element instr_setq_reg was removed.  [/home/alfonso/TFM/ewic-fpga_fpga_connection/ewic-fpga/uart_design.srcs/sources_1/new/rtl/cpu/picorv32.v:1091]
WARNING: [Synth 8-6014] Unused sequential element instr_maskirq_reg was removed.  [/home/alfonso/TFM/ewic-fpga_fpga_connection/ewic-fpga/uart_design.srcs/sources_1/new/rtl/cpu/picorv32.v:1092]
WARNING: [Synth 8-6014] Unused sequential element instr_timer_reg was removed.  [/home/alfonso/TFM/ewic-fpga_fpga_connection/ewic-fpga/uart_design.srcs/sources_1/new/rtl/cpu/picorv32.v:1093]
WARNING: [Synth 8-6014] Unused sequential element is_sll_srl_sra_reg was removed.  [/home/alfonso/TFM/ewic-fpga_fpga_connection/ewic-fpga/uart_design.srcs/sources_1/new/rtl/cpu/picorv32.v:1110]
WARNING: [Synth 8-6014] Unused sequential element clear_prefetched_high_word_q_reg was removed.  [/home/alfonso/TFM/ewic-fpga_fpga_connection/ewic-fpga/uart_design.srcs/sources_1/new/rtl/cpu/picorv32.v:1293]
WARNING: [Synth 8-6014] Unused sequential element set_mem_do_rinst_reg was removed.  [/home/alfonso/TFM/ewic-fpga_fpga_connection/ewic-fpga/uart_design.srcs/sources_1/new/rtl/cpu/picorv32.v:1406]
WARNING: [Synth 8-6014] Unused sequential element set_mem_do_rdata_reg was removed.  [/home/alfonso/TFM/ewic-fpga_fpga_connection/ewic-fpga/uart_design.srcs/sources_1/new/rtl/cpu/picorv32.v:1407]
WARNING: [Synth 8-6014] Unused sequential element set_mem_do_wdata_reg was removed.  [/home/alfonso/TFM/ewic-fpga_fpga_connection/ewic-fpga/uart_design.srcs/sources_1/new/rtl/cpu/picorv32.v:1408]
WARNING: [Synth 8-6014] Unused sequential element alu_out_0_q_reg was removed.  [/home/alfonso/TFM/ewic-fpga_fpga_connection/ewic-fpga/uart_design.srcs/sources_1/new/rtl/cpu/picorv32.v:1410]
WARNING: [Synth 8-6014] Unused sequential element alu_wait_reg was removed.  [/home/alfonso/TFM/ewic-fpga_fpga_connection/ewic-fpga/uart_design.srcs/sources_1/new/rtl/cpu/picorv32.v:1413]
WARNING: [Synth 8-6014] Unused sequential element alu_wait_2_reg was removed.  [/home/alfonso/TFM/ewic-fpga_fpga_connection/ewic-fpga/uart_design.srcs/sources_1/new/rtl/cpu/picorv32.v:1414]
WARNING: [Synth 8-6014] Unused sequential element dbg_rs1val_reg was removed.  [/home/alfonso/TFM/ewic-fpga_fpga_connection/ewic-fpga/uart_design.srcs/sources_1/new/rtl/cpu/picorv32.v:1417]
WARNING: [Synth 8-6014] Unused sequential element dbg_rs2val_reg was removed.  [/home/alfonso/TFM/ewic-fpga_fpga_connection/ewic-fpga/uart_design.srcs/sources_1/new/rtl/cpu/picorv32.v:1418]
WARNING: [Synth 8-6014] Unused sequential element dbg_rs1val_valid_reg was removed.  [/home/alfonso/TFM/ewic-fpga_fpga_connection/ewic-fpga/uart_design.srcs/sources_1/new/rtl/cpu/picorv32.v:1419]
WARNING: [Synth 8-6014] Unused sequential element dbg_rs2val_valid_reg was removed.  [/home/alfonso/TFM/ewic-fpga_fpga_connection/ewic-fpga/uart_design.srcs/sources_1/new/rtl/cpu/picorv32.v:1420]
WARNING: [Synth 8-6014] Unused sequential element count_cycle_reg was removed.  [/home/alfonso/TFM/ewic-fpga_fpga_connection/ewic-fpga/uart_design.srcs/sources_1/new/rtl/cpu/picorv32.v:1436]
WARNING: [Synth 8-6014] Unused sequential element count_instr_reg was removed.  [/home/alfonso/TFM/ewic-fpga_fpga_connection/ewic-fpga/uart_design.srcs/sources_1/new/rtl/cpu/picorv32.v:1437]
WARNING: [Synth 8-6014] Unused sequential element next_irq_pending_reg was removed.  [/home/alfonso/TFM/ewic-fpga_fpga_connection/ewic-fpga/uart_design.srcs/sources_1/new/rtl/cpu/picorv32.v:1440]
WARNING: [Synth 8-6014] Unused sequential element latched_trace_reg was removed.  [/home/alfonso/TFM/ewic-fpga_fpga_connection/ewic-fpga/uart_design.srcs/sources_1/new/rtl/cpu/picorv32.v:1465]
WARNING: [Synth 8-6014] Unused sequential element pcpi_timeout_reg was removed.  [/home/alfonso/TFM/ewic-fpga_fpga_connection/ewic-fpga/uart_design.srcs/sources_1/new/rtl/cpu/picorv32.v:1470]
WARNING: [Synth 8-6014] Unused sequential element irq_active_reg was removed.  [/home/alfonso/TFM/ewic-fpga_fpga_connection/ewic-fpga/uart_design.srcs/sources_1/new/rtl/cpu/picorv32.v:1471]
WARNING: [Synth 8-6014] Unused sequential element irq_delay_reg was removed.  [/home/alfonso/TFM/ewic-fpga_fpga_connection/ewic-fpga/uart_design.srcs/sources_1/new/rtl/cpu/picorv32.v:1472]
WARNING: [Synth 8-6014] Unused sequential element irq_mask_reg was removed.  [/home/alfonso/TFM/ewic-fpga_fpga_connection/ewic-fpga/uart_design.srcs/sources_1/new/rtl/cpu/picorv32.v:1473]
WARNING: [Synth 8-6014] Unused sequential element irq_state_reg was removed.  [/home/alfonso/TFM/ewic-fpga_fpga_connection/ewic-fpga/uart_design.srcs/sources_1/new/rtl/cpu/picorv32.v:1475]
WARNING: [Synth 8-6014] Unused sequential element timer_reg was removed.  [/home/alfonso/TFM/ewic-fpga_fpga_connection/ewic-fpga/uart_design.srcs/sources_1/new/rtl/cpu/picorv32.v:1477]
WARNING: [Synth 8-6014] Unused sequential element current_pc_reg was removed.  [/home/alfonso/TFM/ewic-fpga_fpga_connection/ewic-fpga/uart_design.srcs/sources_1/new/rtl/cpu/picorv32.v:1495]
WARNING: [Synth 8-6014] Unused sequential element irq_pending_reg was removed.  [/home/alfonso/TFM/ewic-fpga_fpga_connection/ewic-fpga/uart_design.srcs/sources_1/new/rtl/cpu/picorv32.v:1963]
WARNING: [Synth 8-6014] Unused sequential element trace_valid_reg was removed.  [/home/alfonso/TFM/ewic-fpga_fpga_connection/ewic-fpga/uart_design.srcs/sources_1/new/rtl/cpu/picorv32.v:1452]
WARNING: [Synth 8-7129] Port pcpi_wr in module picorv32 is either unconnected or has no load
WARNING: [Synth 8-7129] Port pcpi_rd[31] in module picorv32 is either unconnected or has no load
WARNING: [Synth 8-7129] Port pcpi_rd[30] in module picorv32 is either unconnected or has no load
WARNING: [Synth 8-7129] Port pcpi_rd[29] in module picorv32 is either unconnected or has no load
WARNING: [Synth 8-7129] Port pcpi_rd[28] in module picorv32 is either unconnected or has no load
WARNING: [Synth 8-7129] Port pcpi_rd[27] in module picorv32 is either unconnected or has no load
WARNING: [Synth 8-7129] Port pcpi_rd[26] in module picorv32 is either unconnected or has no load
WARNING: [Synth 8-7129] Port pcpi_rd[25] in module picorv32 is either unconnected or has no load
WARNING: [Synth 8-7129] Port pcpi_rd[24] in module picorv32 is either unconnected or has no load
WARNING: [Synth 8-7129] Port pcpi_rd[23] in module picorv32 is either unconnected or has no load
WARNING: [Synth 8-7129] Port pcpi_rd[22] in module picorv32 is either unconnected or has no load
WARNING: [Synth 8-7129] Port pcpi_rd[21] in module picorv32 is either unconnected or has no load
WARNING: [Synth 8-7129] Port pcpi_rd[20] in module picorv32 is either unconnected or has no load
WARNING: [Synth 8-7129] Port pcpi_rd[19] in module picorv32 is either unconnected or has no load
WARNING: [Synth 8-7129] Port pcpi_rd[18] in module picorv32 is either unconnected or has no load
WARNING: [Synth 8-7129] Port pcpi_rd[17] in module picorv32 is either unconnected or has no load
WARNING: [Synth 8-7129] Port pcpi_rd[16] in module picorv32 is either unconnected or has no load
WARNING: [Synth 8-7129] Port pcpi_rd[15] in module picorv32 is either unconnected or has no load
WARNING: [Synth 8-7129] Port pcpi_rd[14] in module picorv32 is either unconnected or has no load
WARNING: [Synth 8-7129] Port pcpi_rd[13] in module picorv32 is either unconnected or has no load
WARNING: [Synth 8-7129] Port pcpi_rd[12] in module picorv32 is either unconnected or has no load
WARNING: [Synth 8-7129] Port pcpi_rd[11] in module picorv32 is either unconnected or has no load
WARNING: [Synth 8-7129] Port pcpi_rd[10] in module picorv32 is either unconnected or has no load
WARNING: [Synth 8-7129] Port pcpi_rd[9] in module picorv32 is either unconnected or has no load
WARNING: [Synth 8-7129] Port pcpi_rd[8] in module picorv32 is either unconnected or has no load
WARNING: [Synth 8-7129] Port pcpi_rd[7] in module picorv32 is either unconnected or has no load
WARNING: [Synth 8-7129] Port pcpi_rd[6] in module picorv32 is either unconnected or has no load
WARNING: [Synth 8-7129] Port pcpi_rd[5] in module picorv32 is either unconnected or has no load
WARNING: [Synth 8-7129] Port pcpi_rd[4] in module picorv32 is either unconnected or has no load
WARNING: [Synth 8-7129] Port pcpi_rd[3] in module picorv32 is either unconnected or has no load
WARNING: [Synth 8-7129] Port pcpi_rd[2] in module picorv32 is either unconnected or has no load
WARNING: [Synth 8-7129] Port pcpi_rd[1] in module picorv32 is either unconnected or has no load
WARNING: [Synth 8-7129] Port pcpi_rd[0] in module picorv32 is either unconnected or has no load
WARNING: [Synth 8-7129] Port pcpi_wait in module picorv32 is either unconnected or has no load
WARNING: [Synth 8-7129] Port pcpi_ready in module picorv32 is either unconnected or has no load
WARNING: [Synth 8-7129] Port irq[31] in module picorv32 is either unconnected or has no load
WARNING: [Synth 8-7129] Port irq[30] in module picorv32 is either unconnected or has no load
WARNING: [Synth 8-7129] Port irq[29] in module picorv32 is either unconnected or has no load
WARNING: [Synth 8-7129] Port irq[28] in module picorv32 is either unconnected or has no load
WARNING: [Synth 8-7129] Port irq[27] in module picorv32 is either unconnected or has no load
WARNING: [Synth 8-7129] Port irq[26] in module picorv32 is either unconnected or has no load
WARNING: [Synth 8-7129] Port irq[25] in module picorv32 is either unconnected or has no load
WARNING: [Synth 8-7129] Port irq[24] in module picorv32 is either unconnected or has no load
WARNING: [Synth 8-7129] Port irq[23] in module picorv32 is either unconnected or has no load
WARNING: [Synth 8-7129] Port irq[22] in module picorv32 is either unconnected or has no load
WARNING: [Synth 8-7129] Port irq[21] in module picorv32 is either unconnected or has no load
WARNING: [Synth 8-7129] Port irq[20] in module picorv32 is either unconnected or has no load
WARNING: [Synth 8-7129] Port irq[19] in module picorv32 is either unconnected or has no load
WARNING: [Synth 8-7129] Port irq[18] in module picorv32 is either unconnected or has no load
WARNING: [Synth 8-7129] Port irq[17] in module picorv32 is either unconnected or has no load
WARNING: [Synth 8-7129] Port irq[16] in module picorv32 is either unconnected or has no load
WARNING: [Synth 8-7129] Port irq[15] in module picorv32 is either unconnected or has no load
WARNING: [Synth 8-7129] Port irq[14] in module picorv32 is either unconnected or has no load
WARNING: [Synth 8-7129] Port irq[13] in module picorv32 is either unconnected or has no load
WARNING: [Synth 8-7129] Port irq[12] in module picorv32 is either unconnected or has no load
WARNING: [Synth 8-7129] Port irq[11] in module picorv32 is either unconnected or has no load
WARNING: [Synth 8-7129] Port irq[10] in module picorv32 is either unconnected or has no load
WARNING: [Synth 8-7129] Port irq[9] in module picorv32 is either unconnected or has no load
WARNING: [Synth 8-7129] Port irq[8] in module picorv32 is either unconnected or has no load
WARNING: [Synth 8-7129] Port irq[7] in module picorv32 is either unconnected or has no load
WARNING: [Synth 8-7129] Port irq[6] in module picorv32 is either unconnected or has no load
WARNING: [Synth 8-7129] Port irq[5] in module picorv32 is either unconnected or has no load
WARNING: [Synth 8-7129] Port irq[4] in module picorv32 is either unconnected or has no load
WARNING: [Synth 8-7129] Port irq[3] in module picorv32 is either unconnected or has no load
WARNING: [Synth 8-7129] Port irq[2] in module picorv32 is either unconnected or has no load
WARNING: [Synth 8-7129] Port irq[1] in module picorv32 is either unconnected or has no load
WARNING: [Synth 8-7129] Port irq[0] in module picorv32 is either unconnected or has no load
WARNING: [Synth 8-7129] Port core_rd_len[7] in module sdr_mmio is either unconnected or has no load
WARNING: [Synth 8-7129] Port core_rd_len[6] in module sdr_mmio is either unconnected or has no load
WARNING: [Synth 8-7129] Port core_rd_len[5] in module sdr_mmio is either unconnected or has no load
WARNING: [Synth 8-7129] Port core_rd_len[4] in module sdr_mmio is either unconnected or has no load
WARNING: [Synth 8-7129] Port core_rd_len[3] in module sdr_mmio is either unconnected or has no load
WARNING: [Synth 8-7129] Port core_rd_len[2] in module sdr_mmio is either unconnected or has no load
WARNING: [Synth 8-7129] Port core_rd_len[1] in module sdr_mmio is either unconnected or has no load
WARNING: [Synth 8-7129] Port core_rd_len[0] in module sdr_mmio is either unconnected or has no load
WARNING: [Synth 8-7129] Port core_rd_ready in module sdr_ctrl_protocol_engine is either unconnected or has no load
WARNING: [Synth 8-7129] Port rsp_valid in module sdr_ctrl_protocol_engine is either unconnected or has no load
WARNING: [Synth 8-7129] Port rsp_data[opcode][7] in module sdr_ctrl_protocol_engine is either unconnected or has no load
WARNING: [Synth 8-7129] Port rsp_data[opcode][6] in module sdr_ctrl_protocol_engine is either unconnected or has no load
WARNING: [Synth 8-7129] Port rsp_data[opcode][5] in module sdr_ctrl_protocol_engine is either unconnected or has no load
WARNING: [Synth 8-7129] Port rsp_data[opcode][4] in module sdr_ctrl_protocol_engine is either unconnected or has no load
WARNING: [Synth 8-7129] Port rsp_data[payload][511] in module sdr_ctrl_protocol_engine is either unconnected or has no load
WARNING: [Synth 8-7129] Port rsp_data[payload][510] in module sdr_ctrl_protocol_engine is either unconnected or has no load
WARNING: [Synth 8-7129] Port rsp_data[payload][509] in module sdr_ctrl_protocol_engine is either unconnected or has no load
WARNING: [Synth 8-7129] Port rsp_data[payload][508] in module sdr_ctrl_protocol_engine is either unconnected or has no load
WARNING: [Synth 8-7129] Port rsp_data[payload][507] in module sdr_ctrl_protocol_engine is either unconnected or has no load
WARNING: [Synth 8-7129] Port rsp_data[payload][506] in module sdr_ctrl_protocol_engine is either unconnected or has no load
WARNING: [Synth 8-7129] Port rsp_data[payload][505] in module sdr_ctrl_protocol_engine is either unconnected or has no load
WARNING: [Synth 8-7129] Port rsp_data[payload][504] in module sdr_ctrl_protocol_engine is either unconnected or has no load
WARNING: [Synth 8-7129] Port rsp_data[payload][503] in module sdr_ctrl_protocol_engine is either unconnected or has no load
WARNING: [Synth 8-7129] Port rsp_data[payload][502] in module sdr_ctrl_protocol_engine is either unconnected or has no load
WARNING: [Synth 8-7129] Port rsp_data[payload][501] in module sdr_ctrl_protocol_engine is either unconnected or has no load
WARNING: [Synth 8-7129] Port rsp_data[payload][500] in module sdr_ctrl_protocol_engine is either unconnected or has no load
WARNING: [Synth 8-7129] Port rsp_data[payload][499] in module sdr_ctrl_protocol_engine is either unconnected or has no load
WARNING: [Synth 8-7129] Port rsp_data[payload][498] in module sdr_ctrl_protocol_engine is either unconnected or has no load
WARNING: [Synth 8-7129] Port rsp_data[payload][497] in module sdr_ctrl_protocol_engine is either unconnected or has no load
WARNING: [Synth 8-7129] Port rsp_data[payload][496] in module sdr_ctrl_protocol_engine is either unconnected or has no load
WARNING: [Synth 8-7129] Port rsp_data[payload][495] in module sdr_ctrl_protocol_engine is either unconnected or has no load
WARNING: [Synth 8-7129] Port rsp_data[payload][494] in module sdr_ctrl_protocol_engine is either unconnected or has no load
WARNING: [Synth 8-7129] Port rsp_data[payload][493] in module sdr_ctrl_protocol_engine is either unconnected or has no load
INFO: [Common 17-14] Message 'Synth 8-7129' appears 100 times and further instances of the messages will be disabled. Use the Tcl command set_msg_config to change the current settings.
---------------------------------------------------------------------------------
Finished RTL Elaboration : Time (s): cpu = 00:00:05 ; elapsed = 00:00:05 . Memory (MB): peak = 3149.977 ; gain = 497.598 ; free physical = 1554 ; free virtual = 11446
---------------------------------------------------------------------------------
---------------------------------------------------------------------------------
Start Handling Custom Attributes
---------------------------------------------------------------------------------
---------------------------------------------------------------------------------
Finished Handling Custom Attributes : Time (s): cpu = 00:00:05 ; elapsed = 00:00:05 . Memory (MB): peak = 3161.852 ; gain = 509.473 ; free physical = 1554 ; free virtual = 11446
---------------------------------------------------------------------------------
---------------------------------------------------------------------------------
Finished RTL Optimization Phase 1 : Time (s): cpu = 00:00:05 ; elapsed = 00:00:05 . Memory (MB): peak = 3161.852 ; gain = 509.473 ; free physical = 1554 ; free virtual = 11446
---------------------------------------------------------------------------------
Netlist sorting complete. Time (s): cpu = 00:00:00.06 ; elapsed = 00:00:00.06 . Memory (MB): peak = 3161.852 ; gain = 0.000 ; free physical = 1554 ; free virtual = 11446
INFO: [Project 1-570] Preparing netlist for logic optimization

Processing XDC Constraints
Initializing timing engine
Parsing XDC File [/home/alfonso/TFM/ewic-fpga_fpga_connection/ewic-fpga/uart_design.gen/sources_1/ip/clk_wiz_0_1/clk_wiz_0/clk_wiz_0_in_context.xdc] for cell 'pll_50MHz_inst'
Finished Parsing XDC File [/home/alfonso/TFM/ewic-fpga_fpga_connection/ewic-fpga/uart_design.gen/sources_1/ip/clk_wiz_0_1/clk_wiz_0/clk_wiz_0_in_context.xdc] for cell 'pll_50MHz_inst'
Parsing XDC File [/home/alfonso/TFM/ewic-fpga_fpga_connection/ewic-fpga/uart_design.gen/sources_1/ip/uart_fifo/uart_fifo/uart_fifo_in_context.xdc] for cell 'rx_fifo'
Finished Parsing XDC File [/home/alfonso/TFM/ewic-fpga_fpga_connection/ewic-fpga/uart_design.gen/sources_1/ip/uart_fifo/uart_fifo/uart_fifo_in_context.xdc] for cell 'rx_fifo'
Parsing XDC File [/home/alfonso/TFM/ewic-fpga_fpga_connection/ewic-fpga/uart_design.gen/sources_1/ip/uart_fifo/uart_fifo/uart_fifo_in_context.xdc] for cell 'tx_fifo'
Finished Parsing XDC File [/home/alfonso/TFM/ewic-fpga_fpga_connection/ewic-fpga/uart_design.gen/sources_1/ip/uart_fifo/uart_fifo/uart_fifo_in_context.xdc] for cell 'tx_fifo'
Parsing XDC File [/home/alfonso/TFM/ewic-fpga_fpga_connection/ewic-fpga/alveo-u280-xdc.xdc]
WARNING: [Vivado 12-584] No ports matched 'SYS_CLK0_N'. [/home/alfonso/TFM/ewic-fpga_fpga_connection/ewic-fpga/alveo-u280-xdc.xdc:133]
WARNING: [Vivado 12-584] No ports matched 'SYS_CLK0_N'. [/home/alfonso/TFM/ewic-fpga_fpga_connection/ewic-fpga/alveo-u280-xdc.xdc:134]
WARNING: [Vivado 12-584] No ports matched 'SYS_CLK0_P'. [/home/alfonso/TFM/ewic-fpga_fpga_connection/ewic-fpga/alveo-u280-xdc.xdc:135]
WARNING: [Vivado 12-584] No ports matched 'SYS_CLK0_P'. [/home/alfonso/TFM/ewic-fpga_fpga_connection/ewic-fpga/alveo-u280-xdc.xdc:136]
WARNING: [Vivado 12-584] No ports matched 'SYS_CLK0_P'. [/home/alfonso/TFM/ewic-fpga_fpga_connection/ewic-fpga/alveo-u280-xdc.xdc:138]
WARNING: [Vivado 12-584] No ports matched 'SYS_CLK1_N'. [/home/alfonso/TFM/ewic-fpga_fpga_connection/ewic-fpga/alveo-u280-xdc.xdc:140]
WARNING: [Vivado 12-584] No ports matched 'SYS_CLK1_N'. [/home/alfonso/TFM/ewic-fpga_fpga_connection/ewic-fpga/alveo-u280-xdc.xdc:141]
WARNING: [Vivado 12-584] No ports matched 'SYS_CLK1_P'. [/home/alfonso/TFM/ewic-fpga_fpga_connection/ewic-fpga/alveo-u280-xdc.xdc:142]
WARNING: [Vivado 12-584] No ports matched 'SYS_CLK1_P'. [/home/alfonso/TFM/ewic-fpga_fpga_connection/ewic-fpga/alveo-u280-xdc.xdc:143]
WARNING: [Vivado 12-584] No ports matched 'SYS_CLK1_P'. [/home/alfonso/TFM/ewic-fpga_fpga_connection/ewic-fpga/alveo-u280-xdc.xdc:145]
WARNING: [Vivado 12-584] No ports matched 'SYS_CLK3_N'. [/home/alfonso/TFM/ewic-fpga_fpga_connection/ewic-fpga/alveo-u280-xdc.xdc:149]
WARNING: [Vivado 12-584] No ports matched 'SYS_CLK3_N'. [/home/alfonso/TFM/ewic-fpga_fpga_connection/ewic-fpga/alveo-u280-xdc.xdc:150]
WARNING: [Vivado 12-584] No ports matched 'SYS_CLK3_P'. [/home/alfonso/TFM/ewic-fpga_fpga_connection/ewic-fpga/alveo-u280-xdc.xdc:151]
WARNING: [Vivado 12-584] No ports matched 'SYS_CLK3_P'. [/home/alfonso/TFM/ewic-fpga_fpga_connection/ewic-fpga/alveo-u280-xdc.xdc:152]
WARNING: [Vivado 12-584] No ports matched 'PCIE_CLK1_N'. [/home/alfonso/TFM/ewic-fpga_fpga_connection/ewic-fpga/alveo-u280-xdc.xdc:166]
WARNING: [Vivado 12-584] No ports matched 'PCIE_CLK1_P'. [/home/alfonso/TFM/ewic-fpga_fpga_connection/ewic-fpga/alveo-u280-xdc.xdc:167]
WARNING: [Vivado 12-584] No ports matched 'SYS_CLK5_N'. [/home/alfonso/TFM/ewic-fpga_fpga_connection/ewic-fpga/alveo-u280-xdc.xdc:168]
WARNING: [Vivado 12-584] No ports matched 'SYS_CLK5_P'. [/home/alfonso/TFM/ewic-fpga_fpga_connection/ewic-fpga/alveo-u280-xdc.xdc:169]
WARNING: [Vivado 12-584] No ports matched 'PCIE_CLK0_N'. [/home/alfonso/TFM/ewic-fpga_fpga_connection/ewic-fpga/alveo-u280-xdc.xdc:174]
WARNING: [Vivado 12-584] No ports matched 'PCIE_CLK0_P'. [/home/alfonso/TFM/ewic-fpga_fpga_connection/ewic-fpga/alveo-u280-xdc.xdc:175]
WARNING: [Vivado 12-584] No ports matched 'SYS_CLK2_N'. [/home/alfonso/TFM/ewic-fpga_fpga_connection/ewic-fpga/alveo-u280-xdc.xdc:176]
WARNING: [Vivado 12-584] No ports matched 'SYS_CLK2_P'. [/home/alfonso/TFM/ewic-fpga_fpga_connection/ewic-fpga/alveo-u280-xdc.xdc:177]
WARNING: [Vivado 12-584] No ports matched 'MGT_SI570_CLOCK0_N'. [/home/alfonso/TFM/ewic-fpga_fpga_connection/ewic-fpga/alveo-u280-xdc.xdc:184]
WARNING: [Vivado 12-584] No ports matched 'MGT_SI570_CLOCK0_P'. [/home/alfonso/TFM/ewic-fpga_fpga_connection/ewic-fpga/alveo-u280-xdc.xdc:185]
WARNING: [Vivado 12-584] No ports matched 'QSFP0_CLOCK_N'. [/home/alfonso/TFM/ewic-fpga_fpga_connection/ewic-fpga/alveo-u280-xdc.xdc:186]
WARNING: [Vivado 12-584] No ports matched 'QSFP0_CLOCK_P'. [/home/alfonso/TFM/ewic-fpga_fpga_connection/ewic-fpga/alveo-u280-xdc.xdc:187]
WARNING: [Vivado 12-584] No ports matched 'QSFP0_FS'. [/home/alfonso/TFM/ewic-fpga_fpga_connection/ewic-fpga/alveo-u280-xdc.xdc:189]
WARNING: [Vivado 12-584] No ports matched 'QSFP0_FS'. [/home/alfonso/TFM/ewic-fpga_fpga_connection/ewic-fpga/alveo-u280-xdc.xdc:190]
WARNING: [Vivado 12-584] No ports matched 'QSFP0_OEB'. [/home/alfonso/TFM/ewic-fpga_fpga_connection/ewic-fpga/alveo-u280-xdc.xdc:191]
WARNING: [Vivado 12-584] No ports matched 'QSFP0_OEB'. [/home/alfonso/TFM/ewic-fpga_fpga_connection/ewic-fpga/alveo-u280-xdc.xdc:192]
WARNING: [Vivado 12-584] No ports matched 'MGT_SI570_CLOCK1_N'. [/home/alfonso/TFM/ewic-fpga_fpga_connection/ewic-fpga/alveo-u280-xdc.xdc:199]
WARNING: [Vivado 12-584] No ports matched 'MGT_SI570_CLOCK1_P'. [/home/alfonso/TFM/ewic-fpga_fpga_connection/ewic-fpga/alveo-u280-xdc.xdc:200]
WARNING: [Vivado 12-584] No ports matched 'QSFP1_CLOCK_N'. [/home/alfonso/TFM/ewic-fpga_fpga_connection/ewic-fpga/alveo-u280-xdc.xdc:201]
WARNING: [Vivado 12-584] No ports matched 'QSFP1_CLOCK_P'. [/home/alfonso/TFM/ewic-fpga_fpga_connection/ewic-fpga/alveo-u280-xdc.xdc:202]
WARNING: [Vivado 12-584] No ports matched 'QSFP1_OEB'. [/home/alfonso/TFM/ewic-fpga_fpga_connection/ewic-fpga/alveo-u280-xdc.xdc:203]
WARNING: [Vivado 12-584] No ports matched 'QSFP1_OEB'. [/home/alfonso/TFM/ewic-fpga_fpga_connection/ewic-fpga/alveo-u280-xdc.xdc:204]
WARNING: [Vivado 12-584] No ports matched 'QSFP1_FS'. [/home/alfonso/TFM/ewic-fpga_fpga_connection/ewic-fpga/alveo-u280-xdc.xdc:205]
WARNING: [Vivado 12-584] No ports matched 'QSFP1_FS'. [/home/alfonso/TFM/ewic-fpga_fpga_connection/ewic-fpga/alveo-u280-xdc.xdc:206]
WARNING: [Vivado 12-584] No ports matched 'SYS_CLK0_P'. [/home/alfonso/TFM/ewic-fpga_fpga_connection/ewic-fpga/alveo-u280-xdc.xdc:210]
WARNING: [Vivado 12-584] No ports matched 'SYS_CLK1_P'. [/home/alfonso/TFM/ewic-fpga_fpga_connection/ewic-fpga/alveo-u280-xdc.xdc:211]
WARNING: [Vivado 12-584] No ports matched 'SYS_CLK3_P'. [/home/alfonso/TFM/ewic-fpga_fpga_connection/ewic-fpga/alveo-u280-xdc.xdc:212]
WARNING: [Vivado 12-584] No ports matched 'PCIE_CLK0_P'. [/home/alfonso/TFM/ewic-fpga_fpga_connection/ewic-fpga/alveo-u280-xdc.xdc:213]
WARNING: [Vivado 12-584] No ports matched 'SYS_CLK2_P'. [/home/alfonso/TFM/ewic-fpga_fpga_connection/ewic-fpga/alveo-u280-xdc.xdc:214]
WARNING: [Vivado 12-584] No ports matched 'PCIE_CLK1_P'. [/home/alfonso/TFM/ewic-fpga_fpga_connection/ewic-fpga/alveo-u280-xdc.xdc:215]
WARNING: [Vivado 12-584] No ports matched 'SYS_CLK5_P'. [/home/alfonso/TFM/ewic-fpga_fpga_connection/ewic-fpga/alveo-u280-xdc.xdc:216]
WARNING: [Vivado 12-584] No ports matched 'MGT_SI570_CLOCK0_P'. [/home/alfonso/TFM/ewic-fpga_fpga_connection/ewic-fpga/alveo-u280-xdc.xdc:217]
WARNING: [Vivado 12-584] No ports matched 'QSFP0_CLOCK_P'. [/home/alfonso/TFM/ewic-fpga_fpga_connection/ewic-fpga/alveo-u280-xdc.xdc:218]
WARNING: [Vivado 12-584] No ports matched 'MGT_SI570_CLOCK1_P'. [/home/alfonso/TFM/ewic-fpga_fpga_connection/ewic-fpga/alveo-u280-xdc.xdc:219]
WARNING: [Vivado 12-584] No ports matched 'QSFP1_CLOCK_P'. [/home/alfonso/TFM/ewic-fpga_fpga_connection/ewic-fpga/alveo-u280-xdc.xdc:220]
WARNING: [Vivado 12-584] No ports matched 'PEX_PWRBRKN'. [/home/alfonso/TFM/ewic-fpga_fpga_connection/ewic-fpga/alveo-u280-xdc.xdc:226]
WARNING: [Vivado 12-584] No ports matched 'PEX_PWRBRKN'. [/home/alfonso/TFM/ewic-fpga_fpga_connection/ewic-fpga/alveo-u280-xdc.xdc:227]
WARNING: [Vivado 12-584] No ports matched 'PCIE_PERST'. [/home/alfonso/TFM/ewic-fpga_fpga_connection/ewic-fpga/alveo-u280-xdc.xdc:228]
WARNING: [Vivado 12-584] No ports matched 'PCIE_PERST'. [/home/alfonso/TFM/ewic-fpga_fpga_connection/ewic-fpga/alveo-u280-xdc.xdc:229]
WARNING: [Vivado 12-584] No ports matched 'SYSMON_SDA'. [/home/alfonso/TFM/ewic-fpga_fpga_connection/ewic-fpga/alveo-u280-xdc.xdc:235]
WARNING: [Vivado 12-584] No ports matched 'SYSMON_SDA'. [/home/alfonso/TFM/ewic-fpga_fpga_connection/ewic-fpga/alveo-u280-xdc.xdc:236]
WARNING: [Vivado 12-584] No ports matched 'SYSMON_SCL'. [/home/alfonso/TFM/ewic-fpga_fpga_connection/ewic-fpga/alveo-u280-xdc.xdc:237]
WARNING: [Vivado 12-584] No ports matched 'SYSMON_SCL'. [/home/alfonso/TFM/ewic-fpga_fpga_connection/ewic-fpga/alveo-u280-xdc.xdc:238]
WARNING: [Vivado 12-584] No ports matched 'I2C_MAIN_INT_B'. [/home/alfonso/TFM/ewic-fpga_fpga_connection/ewic-fpga/alveo-u280-xdc.xdc:246]
WARNING: [Vivado 12-584] No ports matched 'I2C_MAIN_INT_B'. [/home/alfonso/TFM/ewic-fpga_fpga_connection/ewic-fpga/alveo-u280-xdc.xdc:247]
WARNING: [Vivado 12-584] No ports matched 'I2C_MUX0_INTB_FPGA'. [/home/alfonso/TFM/ewic-fpga_fpga_connection/ewic-fpga/alveo-u280-xdc.xdc:248]
WARNING: [Vivado 12-584] No ports matched 'I2C_MUX0_INTB_FPGA'. [/home/alfonso/TFM/ewic-fpga_fpga_connection/ewic-fpga/alveo-u280-xdc.xdc:249]
WARNING: [Vivado 12-584] No ports matched 'I2C_FPGA_SDA'. [/home/alfonso/TFM/ewic-fpga_fpga_connection/ewic-fpga/alveo-u280-xdc.xdc:250]
WARNING: [Vivado 12-584] No ports matched 'I2C_FPGA_SDA'. [/home/alfonso/TFM/ewic-fpga_fpga_connection/ewic-fpga/alveo-u280-xdc.xdc:251]
WARNING: [Vivado 12-584] No ports matched 'I2C_FPGA_SCL'. [/home/alfonso/TFM/ewic-fpga_fpga_connection/ewic-fpga/alveo-u280-xdc.xdc:252]
WARNING: [Vivado 12-584] No ports matched 'I2C_FPGA_SCL'. [/home/alfonso/TFM/ewic-fpga_fpga_connection/ewic-fpga/alveo-u280-xdc.xdc:253]
WARNING: [Vivado 12-584] No ports matched 'FPGA_TXD_MSP'. [/home/alfonso/TFM/ewic-fpga_fpga_connection/ewic-fpga/alveo-u280-xdc.xdc:269]
WARNING: [Vivado 12-584] No ports matched 'FPGA_TXD_MSP'. [/home/alfonso/TFM/ewic-fpga_fpga_connection/ewic-fpga/alveo-u280-xdc.xdc:270]
WARNING: [Vivado 12-584] No ports matched 'FPGA_RXD_MSP'. [/home/alfonso/TFM/ewic-fpga_fpga_connection/ewic-fpga/alveo-u280-xdc.xdc:271]
WARNING: [Vivado 12-584] No ports matched 'FPGA_RXD_MSP'. [/home/alfonso/TFM/ewic-fpga_fpga_connection/ewic-fpga/alveo-u280-xdc.xdc:272]
WARNING: [Vivado 12-584] No ports matched 'HBM_CATTRIP'. [/home/alfonso/TFM/ewic-fpga_fpga_connection/ewic-fpga/alveo-u280-xdc.xdc:279]
WARNING: [Vivado 12-584] No ports matched 'HBM_CATTRIP'. [/home/alfonso/TFM/ewic-fpga_fpga_connection/ewic-fpga/alveo-u280-xdc.xdc:280]
WARNING: [Vivado 12-584] No ports matched 'HBM_CATTRIP'. [/home/alfonso/TFM/ewic-fpga_fpga_connection/ewic-fpga/alveo-u280-xdc.xdc:281]
WARNING: [Vivado 12-584] No ports matched 'DDR4_RESET_GATE'. [/home/alfonso/TFM/ewic-fpga_fpga_connection/ewic-fpga/alveo-u280-xdc.xdc:287]
WARNING: [Vivado 12-584] No ports matched 'DDR4_RESET_GATE'. [/home/alfonso/TFM/ewic-fpga_fpga_connection/ewic-fpga/alveo-u280-xdc.xdc:288]
WARNING: [Vivado 12-584] No ports matched 'CPU_RESET_FPGA'. [/home/alfonso/TFM/ewic-fpga_fpga_connection/ewic-fpga/alveo-u280-xdc.xdc:304]
WARNING: [Vivado 12-584] No ports matched 'CPU_RESET_FPGA'. [/home/alfonso/TFM/ewic-fpga_fpga_connection/ewic-fpga/alveo-u280-xdc.xdc:305]
WARNING: [Vivado 12-584] No ports matched 'c0_ddr4_dq[42]'. [/home/alfonso/TFM/ewic-fpga_fpga_connection/ewic-fpga/alveo-u280-xdc.xdc:317]
WARNING: [Vivado 12-584] No ports matched 'c0_ddr4_dq[42]'. [/home/alfonso/TFM/ewic-fpga_fpga_connection/ewic-fpga/alveo-u280-xdc.xdc:318]
WARNING: [Vivado 12-584] No ports matched 'c0_ddr4_dq[43]'. [/home/alfonso/TFM/ewic-fpga_fpga_connection/ewic-fpga/alveo-u280-xdc.xdc:319]
WARNING: [Vivado 12-584] No ports matched 'c0_ddr4_dq[43]'. [/home/alfonso/TFM/ewic-fpga_fpga_connection/ewic-fpga/alveo-u280-xdc.xdc:320]
WARNING: [Vivado 12-584] No ports matched 'c0_ddr4_dq[40]'. [/home/alfonso/TFM/ewic-fpga_fpga_connection/ewic-fpga/alveo-u280-xdc.xdc:321]
WARNING: [Vivado 12-584] No ports matched 'c0_ddr4_dq[40]'. [/home/alfonso/TFM/ewic-fpga_fpga_connection/ewic-fpga/alveo-u280-xdc.xdc:322]
WARNING: [Vivado 12-584] No ports matched 'c0_ddr4_dq[41]'. [/home/alfonso/TFM/ewic-fpga_fpga_connection/ewic-fpga/alveo-u280-xdc.xdc:323]
WARNING: [Vivado 12-584] No ports matched 'c0_ddr4_dq[41]'. [/home/alfonso/TFM/ewic-fpga_fpga_connection/ewic-fpga/alveo-u280-xdc.xdc:324]
WARNING: [Vivado 12-584] No ports matched 'c0_ddr4_dqs_c[10]'. [/home/alfonso/TFM/ewic-fpga_fpga_connection/ewic-fpga/alveo-u280-xdc.xdc:325]
WARNING: [Vivado 12-584] No ports matched 'c0_ddr4_dqs_c[10]'. [/home/alfonso/TFM/ewic-fpga_fpga_connection/ewic-fpga/alveo-u280-xdc.xdc:326]
WARNING: [Vivado 12-584] No ports matched 'c0_ddr4_dqs_t[10]'. [/home/alfonso/TFM/ewic-fpga_fpga_connection/ewic-fpga/alveo-u280-xdc.xdc:327]
WARNING: [Vivado 12-584] No ports matched 'c0_ddr4_dqs_t[10]'. [/home/alfonso/TFM/ewic-fpga_fpga_connection/ewic-fpga/alveo-u280-xdc.xdc:328]
WARNING: [Vivado 12-584] No ports matched 'c0_ddr4_dq[44]'. [/home/alfonso/TFM/ewic-fpga_fpga_connection/ewic-fpga/alveo-u280-xdc.xdc:329]
WARNING: [Vivado 12-584] No ports matched 'c0_ddr4_dq[44]'. [/home/alfonso/TFM/ewic-fpga_fpga_connection/ewic-fpga/alveo-u280-xdc.xdc:330]
WARNING: [Vivado 12-584] No ports matched 'c0_ddr4_dq[45]'. [/home/alfonso/TFM/ewic-fpga_fpga_connection/ewic-fpga/alveo-u280-xdc.xdc:331]
WARNING: [Vivado 12-584] No ports matched 'c0_ddr4_dq[45]'. [/home/alfonso/TFM/ewic-fpga_fpga_connection/ewic-fpga/alveo-u280-xdc.xdc:332]
WARNING: [Vivado 12-584] No ports matched 'c0_ddr4_dq[46]'. [/home/alfonso/TFM/ewic-fpga_fpga_connection/ewic-fpga/alveo-u280-xdc.xdc:333]
WARNING: [Vivado 12-584] No ports matched 'c0_ddr4_dq[46]'. [/home/alfonso/TFM/ewic-fpga_fpga_connection/ewic-fpga/alveo-u280-xdc.xdc:334]
WARNING: [Vivado 12-584] No ports matched 'c0_ddr4_dq[47]'. [/home/alfonso/TFM/ewic-fpga_fpga_connection/ewic-fpga/alveo-u280-xdc.xdc:335]
WARNING: [Vivado 12-584] No ports matched 'c0_ddr4_dq[47]'. [/home/alfonso/TFM/ewic-fpga_fpga_connection/ewic-fpga/alveo-u280-xdc.xdc:336]
WARNING: [Vivado 12-584] No ports matched 'c0_ddr4_dqs_c[11]'. [/home/alfonso/TFM/ewic-fpga_fpga_connection/ewic-fpga/alveo-u280-xdc.xdc:337]
WARNING: [Vivado 12-584] No ports matched 'c0_ddr4_dqs_c[11]'. [/home/alfonso/TFM/ewic-fpga_fpga_connection/ewic-fpga/alveo-u280-xdc.xdc:338]
WARNING: [Vivado 12-584] No ports matched 'c0_ddr4_dqs_t[11]'. [/home/alfonso/TFM/ewic-fpga_fpga_connection/ewic-fpga/alveo-u280-xdc.xdc:339]
WARNING: [Vivado 12-584] No ports matched 'c0_ddr4_dqs_t[11]'. [/home/alfonso/TFM/ewic-fpga_fpga_connection/ewic-fpga/alveo-u280-xdc.xdc:340]
INFO: [Common 17-14] Message 'Vivado 12-584' appears 100 times and further instances of the messages will be disabled. Use the Tcl command set_msg_config to change the current settings. [/home/alfonso/TFM/ewic-fpga_fpga_connection/ewic-fpga/alveo-u280-xdc.xdc:340]
Finished Parsing XDC File [/home/alfonso/TFM/ewic-fpga_fpga_connection/ewic-fpga/alveo-u280-xdc.xdc]
WARNING: [Project 1-498] One or more constraints failed evaluation while reading constraint file [/home/alfonso/TFM/ewic-fpga_fpga_connection/ewic-fpga/alveo-u280-xdc.xdc] and the design contains unresolved black boxes. These constraints will be read post-synthesis (as long as their source constraint file is marked as used_in_implementation) and should be applied correctly then. You should review the constraints listed in the file [.Xil/top_propImpl.xdc] and check the run log file to verify that these constraints were correctly applied.
INFO: [Project 1-236] Implementation specific constraints were found while reading constraint file [/home/alfonso/TFM/ewic-fpga_fpga_connection/ewic-fpga/alveo-u280-xdc.xdc]. These constraints will be ignored for synthesis but will be used in implementation. Impacted constraints are listed in the file [.Xil/top_propImpl.xdc].
Resolution: To avoid this warning, move constraints listed in [.Xil/top_propImpl.xdc] to another XDC file and exclude this new file from synthesis with the used_in_synthesis property (File Properties dialog in GUI) and re-run elaboration/synthesis.
Completed Processing XDC Constraints

Netlist sorting complete. Time (s): cpu = 00:00:00.01 ; elapsed = 00:00:00 . Memory (MB): peak = 3327.695 ; gain = 0.000 ; free physical = 1508 ; free virtual = 11399
INFO: [Project 1-111] Unisim Transformation Summary:
No Unisim elements were transformed.

Constraint Validation Runtime : Time (s): cpu = 00:00:00.02 ; elapsed = 00:00:00.02 . Memory (MB): peak = 3327.730 ; gain = 0.000 ; free physical = 1508 ; free virtual = 11399
INFO: [Designutils 20-5440] No compile time benefit to using incremental synthesis; A full resynthesis will be run
INFO: [Designutils 20-4379] Flow is switching to default flow due to incremental criteria not met. If you would like to alter this behaviour and have the flow terminate instead, please set the following parameter config_implementation {autoIncr.Synth.RejectBehavior Terminate}
---------------------------------------------------------------------------------
Finished Constraint Validation : Time (s): cpu = 00:00:16 ; elapsed = 00:00:15 . Memory (MB): peak = 3327.730 ; gain = 675.352 ; free physical = 1501 ; free virtual = 11393
---------------------------------------------------------------------------------
---------------------------------------------------------------------------------
Start Loading Part and Timing Information
---------------------------------------------------------------------------------
Loading part: xcu280-fsvh2892-2L-e
INFO: [Synth 8-6742] Reading net delay rules and data
---------------------------------------------------------------------------------
Finished Loading Part and Timing Information : Time (s): cpu = 00:00:16 ; elapsed = 00:00:15 . Memory (MB): peak = 3327.730 ; gain = 675.352 ; free physical = 1501 ; free virtual = 11393
---------------------------------------------------------------------------------
---------------------------------------------------------------------------------
Start Applying 'set_property' XDC Constraints
---------------------------------------------------------------------------------
Applied set_property IO_BUFFER_TYPE = NONE for USER_SI570_CLOCK_N. (constraint file  /home/alfonso/TFM/ewic-fpga_fpga_connection/ewic-fpga/uart_design.gen/sources_1/ip/clk_wiz_0_1/clk_wiz_0/clk_wiz_0_in_context.xdc, line 3).
Applied set_property CLOCK_BUFFER_TYPE = NONE for USER_SI570_CLOCK_N. (constraint file  /home/alfonso/TFM/ewic-fpga_fpga_connection/ewic-fpga/uart_design.gen/sources_1/ip/clk_wiz_0_1/clk_wiz_0/clk_wiz_0_in_context.xdc, line 4).
Applied set_property IO_BUFFER_TYPE = NONE for USER_SI570_CLOCK_P. (constraint file  /home/alfonso/TFM/ewic-fpga_fpga_connection/ewic-fpga/uart_design.gen/sources_1/ip/clk_wiz_0_1/clk_wiz_0/clk_wiz_0_in_context.xdc, line 5).
Applied set_property CLOCK_BUFFER_TYPE = NONE for USER_SI570_CLOCK_P. (constraint file  /home/alfonso/TFM/ewic-fpga_fpga_connection/ewic-fpga/uart_design.gen/sources_1/ip/clk_wiz_0_1/clk_wiz_0/clk_wiz_0_in_context.xdc, line 6).
Applied set_property KEEP_HIERARCHY = SOFT for pll_50MHz_inst. (constraint file  auto generated constraint).
Applied set_property KEEP_HIERARCHY = SOFT for rx_fifo. (constraint file  auto generated constraint).
Applied set_property KEEP_HIERARCHY = SOFT for tx_fifo. (constraint file  auto generated constraint).
---------------------------------------------------------------------------------
Finished applying 'set_property' XDC Constraints : Time (s): cpu = 00:00:16 ; elapsed = 00:00:15 . Memory (MB): peak = 3327.730 ; gain = 675.352 ; free physical = 1501 ; free virtual = 11393
---------------------------------------------------------------------------------
INFO: [Synth 8-802] inferred FSM for state register 'r_state_reg' in module 'uart_rx'
INFO: [Synth 8-802] inferred FSM for state register 'r_state_reg' in module 'uart_tx'
INFO: [Synth 8-802] inferred FSM for state register 'state_reg' in module 'sdr_ctrl_protocol_byte_serialiser'
INFO: [Synth 8-802] inferred FSM for state register 'mem_state_reg' in module 'picorv32'
INFO: [Synth 8-802] inferred FSM for state register 'r_rxb_state_reg' in module 'top'
INFO: [Synth 8-802] inferred FSM for state register 'r_tx_state_reg' in module 'top'
---------------------------------------------------------------------------------------------------
                   State |                     New Encoding |                Previous Encoding 
---------------------------------------------------------------------------------------------------
                    IDLE |                               00 |                               00
               START_BIT |                               01 |                               01
               DATA_BITS |                               10 |                               10
                STOP_BIT |                               11 |                               11
---------------------------------------------------------------------------------------------------
INFO: [Synth 8-3354] encoded FSM with state register 'r_state_reg' using encoding 'sequential' in module 'uart_rx'
---------------------------------------------------------------------------------------------------
                   State |                     New Encoding |                Previous Encoding 
---------------------------------------------------------------------------------------------------
                    IDLE |                               00 |                               00
               START_BIT |                               01 |                               01
               DATA_BITS |                               10 |                               10
                STOP_BIT |                               11 |                               11
---------------------------------------------------------------------------------------------------
INFO: [Synth 8-3354] encoded FSM with state register 'r_state_reg' using encoding 'sequential' in module 'uart_tx'
WARNING: [Synth 8-6841] Block RAM (mem_reg) originally specified as a Byte Wide Write Enable RAM cannot take advantage of ByteWide feature and is implemented with single write enable per RAM due to following reason.
(address width (14) is more than optimal threshold of 12. Implementing using BWWE will require more logic and timing would be suboptimal. Please use attribute ram_decomp = power if BWWE is desired.)
INFO: [Synth 8-5555] Implemented Block Ram Cascade chain of height 4 and width 8 for RAM "bram_mem:/mem_reg"
INFO: [Synth 8-5555] Implemented Block Ram Cascade chain of height 4 and width 8 for RAM "bram_mem:/mem_reg"
INFO: [Synth 8-5555] Implemented Block Ram Cascade chain of height 4 and width 8 for RAM "bram_mem:/mem_reg"
INFO: [Synth 8-5555] Implemented Block Ram Cascade chain of height 4 and width 8 for RAM "bram_mem:/mem_reg"
INFO: [Synth 8-6904] The RAM "picorv32:/cpuregs_reg" of size (depth=32 x width=32) is automatically implemented using LUTRAM. BRAM implementation would be inefficient 
---------------------------------------------------------------------------------------------------
                   State |                     New Encoding |                Previous Encoding 
---------------------------------------------------------------------------------------------------
                 iSTATE2 |                               00 |                               00
                 iSTATE0 |                               01 |                               10
                  iSTATE |                               10 |                               01
                 iSTATE1 |                               11 |                               11
---------------------------------------------------------------------------------------------------
INFO: [Synth 8-3354] encoded FSM with state register 'mem_state_reg' using encoding 'sequential' in module 'picorv32'
---------------------------------------------------------------------------------------------------
                   State |                     New Encoding |                Previous Encoding 
---------------------------------------------------------------------------------------------------
                 TX_IDLE |                              001 |                               00
                  TX_POP |                              010 |                               01
                 TX_SEND |                              100 |                               10
---------------------------------------------------------------------------------------------------
INFO: [Synth 8-3354] encoded FSM with state register 'r_tx_state_reg' using encoding 'one-hot' in module 'top'
---------------------------------------------------------------------------------------------------
                   State |                     New Encoding |                Previous Encoding 
---------------------------------------------------------------------------------------------------
                RXB_IDLE |                              001 |                               00
                RXB_WAIT |                              010 |                               01
               RXB_VALID |                              100 |                               10
---------------------------------------------------------------------------------------------------
INFO: [Synth 8-3354] encoded FSM with state register 'r_rxb_state_reg' using encoding 'one-hot' in module 'top'
---------------------------------------------------------------------------------
Finished RTL Optimization Phase 2 : Time (s): cpu = 00:00:17 ; elapsed = 00:00:17 . Memory (MB): peak = 3327.730 ; gain = 675.352 ; free physical = 1493 ; free virtual = 11387
---------------------------------------------------------------------------------
---------------------------------------------------------------------------------
Start RTL Component Statistics 
---------------------------------------------------------------------------------
Detailed RTL Component Info : 
+---Adders : 
	   2 Input   32 Bit       Adders := 16    
	   3 Input   32 Bit       Adders := 4     
	   2 Input   10 Bit       Adders := 1     
	   2 Input    8 Bit       Adders := 4     
	   2 Input    5 Bit       Adders := 4     
	   2 Input    3 Bit       Adders := 2     
+---XORs : 
	   2 Input     32 Bit         XORs := 4     
+---Registers : 
	              512 Bit    Registers := 2     
	               36 Bit    Registers := 4     
	               32 Bit    Registers := 69    
	               10 Bit    Registers := 1     
	                8 Bit    Registers := 16    
	                5 Bit    Registers := 24    
	                4 Bit    Registers := 4     
	                3 Bit    Registers := 2     
	                2 Bit    Registers := 5     
	                1 Bit    Registers := 308   
+---RAMs : 
	             512K Bit	(16384 X 32 bit)          RAMs := 4     
	             1024 Bit	(32 X 32 bit)          RAMs := 4     
+---Muxes : 
	   4 Input  512 Bit        Muxes := 2     
	   2 Input  512 Bit        Muxes := 1     
	   2 Input   32 Bit        Muxes := 145   
	   4 Input   32 Bit        Muxes := 25    
	   6 Input   32 Bit        Muxes := 7     
	   9 Input   32 Bit        Muxes := 20    
	   3 Input   32 Bit        Muxes := 8     
	   8 Input   32 Bit        Muxes := 4     
	  12 Input   32 Bit        Muxes := 1     
	   2 Input   16 Bit        Muxes := 4     
	   4 Input    8 Bit        Muxes := 12    
	   2 Input    8 Bit        Muxes := 16    
	   9 Input    8 Bit        Muxes := 4     
	   2 Input    6 Bit        Muxes := 4     
	   3 Input    5 Bit        Muxes := 1     
	   9 Input    5 Bit        Muxes := 8     
	   5 Input    4 Bit        Muxes := 4     
	   2 Input    4 Bit        Muxes := 8     
	   4 Input    4 Bit        Muxes := 8     
	   2 Input    3 Bit        Muxes := 11    
	   3 Input    3 Bit        Muxes := 1     
	   4 Input    2 Bit        Muxes := 7     
	   2 Input    2 Bit        Muxes := 10    
	   5 Input    2 Bit        Muxes := 1     
	   9 Input    2 Bit        Muxes := 4     
	   2 Input    1 Bit        Muxes := 99    
	   4 Input    1 Bit        Muxes := 50    
	   9 Input    1 Bit        Muxes := 92    
	   3 Input    1 Bit        Muxes := 8     
	   7 Input    1 Bit        Muxes := 4     
---------------------------------------------------------------------------------
Finished RTL Component Statistics 
---------------------------------------------------------------------------------
---------------------------------------------------------------------------------
Start Part Resource Summary
---------------------------------------------------------------------------------
Part Resources:
DSPs: 9024 (col length:94)
BRAMs: 4032 (col length: RAMB18 288 RAMB36 144)
---------------------------------------------------------------------------------
Finished Part Resource Summary
---------------------------------------------------------------------------------
---------------------------------------------------------------------------------
Start Cross Boundary and Area Optimization
---------------------------------------------------------------------------------
WARNING: [Synth 8-7080] Parallel synthesis criteria is not met
INFO: [Synth 8-6904] The RAM "picorv32:/cpuregs_reg" of size (depth=32 x width=32) is automatically implemented using LUTRAM. BRAM implementation would be inefficient 
INFO: [Synth 8-6904] The RAM "picorv32:/cpuregs_reg" of size (depth=32 x width=32) is automatically implemented using LUTRAM. BRAM implementation would be inefficient 
INFO: [Synth 8-6904] The RAM "picorv32:/cpuregs_reg" of size (depth=32 x width=32) is automatically implemented using LUTRAM. BRAM implementation would be inefficient 
INFO: [Synth 8-6904] The RAM "picorv32:/cpuregs_reg" of size (depth=32 x width=32) is automatically implemented using LUTRAM. BRAM implementation would be inefficient 
WARNING: [Synth 8-6841] Block RAM (mem_reg) originally specified as a Byte Wide Write Enable RAM cannot take advantage of ByteWide feature and is implemented with single write enable per RAM due to following reason.
(address width (14) is more than optimal threshold of 12. Implementing using BWWE will require more logic and timing would be suboptimal. Please use attribute ram_decomp = power if BWWE is desired.)
INFO: [Synth 8-5555] Implemented Block Ram Cascade chain of height 4 and width 8 for RAM "bram_mem:/mem_reg"
INFO: [Synth 8-5555] Implemented Block Ram Cascade chain of height 4 and width 8 for RAM "bram_mem:/mem_reg"
INFO: [Synth 8-5555] Implemented Block Ram Cascade chain of height 4 and width 8 for RAM "bram_mem:/mem_reg"
INFO: [Synth 8-5555] Implemented Block Ram Cascade chain of height 4 and width 8 for RAM "bram_mem:/mem_reg"
INFO: [Synth 8-6904] The RAM "picorv32:/cpuregs_reg" of size (depth=32 x width=32) is automatically implemented using LUTRAM. BRAM implementation would be inefficient 
---------------------------------------------------------------------------------
Finished Cross Boundary and Area Optimization : Time (s): cpu = 00:00:28 ; elapsed = 00:00:28 . Memory (MB): peak = 3327.730 ; gain = 675.352 ; free physical = 1474 ; free virtual = 11376
---------------------------------------------------------------------------------
---------------------------------------------------------------------------------
Start ROM, RAM, DSP, Shift Register and Retiming Reporting
---------------------------------------------------------------------------------

Block RAM: Preliminary Mapping Report (see note below)
+------------+------------+------------------------+---+---+------------------------+---+---+------------------+--------+--------+-----------------+
|Module Name | RTL Object | PORT A (Depth x Width) | W | R | PORT B (Depth x Width) | W | R | Ports driving FF | RAMB18 | RAMB36 | Cascade Heights | 
+------------+------------+------------------------+---+---+------------------------+---+---+------------------+--------+--------+-----------------+
|bram_mem:   | mem_reg    | 16 K x 32(READ_FIRST)  | W | R |                        |   |   | Port A           | 0      | 16     | 4,4,4,4         | 
|bram_mem:   | mem_reg    | 16 K x 32(READ_FIRST)  | W | R |                        |   |   | Port A           | 0      | 16     | 4,4,4,4         | 
|bram_mem:   | mem_reg    | 16 K x 32(READ_FIRST)  | W | R |                        |   |   | Port A           | 0      | 16     | 4,4,4,4         | 
|bram_mem:   | mem_reg    | 16 K x 32(READ_FIRST)  | W | R |                        |   |   | Port A           | 0      | 16     | 4,4,4,4         | 
+------------+------------+------------------------+---+---+------------------------+---+---+------------------+--------+--------+-----------------+

Note: The table above is a preliminary report that shows the Block RAMs at the current stage of the synthesis flow. Some Block RAMs may be reimplemented as non Block RAM primitives later in the synthesis flow. Multiple instantiated Block RAMs are reported only once. 

Distributed RAM: Preliminary Mapping Report (see note below)
+------------+-------------+-----------+----------------------+---------------+
|Module Name | RTL Object  | Inference | Size (Depth x Width) | Primitives    | 
+------------+-------------+-----------+----------------------+---------------+
|picorv32:   | cpuregs_reg | Implied   | 32 x 32              | RAM32M16 x 6  | 
|picorv32:   | cpuregs_reg | Implied   | 32 x 32              | RAM32M16 x 6  | 
|picorv32:   | cpuregs_reg | Implied   | 32 x 32              | RAM32M16 x 6  | 
|picorv32:   | cpuregs_reg | Implied   | 32 x 32              | RAM32M16 x 6  | 
+------------+-------------+-----------+----------------------+---------------+

Note: The table above is a preliminary report that shows the Distributed RAMs at the current stage of the synthesis flow. Some Distributed RAMs may be reimplemented as non Distributed RAM primitives later in the synthesis flow. Multiple instantiated RAMs are reported only once.
---------------------------------------------------------------------------------
Finished ROM, RAM, DSP, Shift Register and Retiming Reporting
---------------------------------------------------------------------------------
---------------------------------------------------------------------------------
Start Applying XDC Timing Constraints
---------------------------------------------------------------------------------
---------------------------------------------------------------------------------
Finished Applying XDC Timing Constraints : Time (s): cpu = 00:00:35 ; elapsed = 00:00:36 . Memory (MB): peak = 3624.750 ; gain = 972.371 ; free physical = 1132 ; free virtual = 11034
---------------------------------------------------------------------------------
---------------------------------------------------------------------------------
Start Timing Optimization
---------------------------------------------------------------------------------
---------------------------------------------------------------------------------
Finished Timing Optimization : Time (s): cpu = 00:00:37 ; elapsed = 00:00:38 . Memory (MB): peak = 3674.805 ; gain = 1022.426 ; free physical = 1075 ; free virtual = 10977
---------------------------------------------------------------------------------
---------------------------------------------------------------------------------
Start ROM, RAM, DSP, Shift Register and Retiming Reporting
---------------------------------------------------------------------------------

Block RAM: Final Mapping Report
+------------+------------+------------------------+---+---+------------------------+---+---+------------------+--------+--------+-----------------+
|Module Name | RTL Object | PORT A (Depth x Width) | W | R | PORT B (Depth x Width) | W | R | Ports driving FF | RAMB18 | RAMB36 | Cascade Heights | 
+------------+------------+------------------------+---+---+------------------------+---+---+------------------+--------+--------+-----------------+
|bram_mem:   | mem_reg    | 16 K x 32(READ_FIRST)  | W | R |                        |   |   | Port A           | 0      | 16     | 4,4,4,4         | 
|bram_mem:   | mem_reg    | 16 K x 32(READ_FIRST)  | W | R |                        |   |   | Port A           | 0      | 16     | 4,4,4,4         | 
|bram_mem:   | mem_reg    | 16 K x 32(READ_FIRST)  | W | R |                        |   |   | Port A           | 0      | 16     | 4,4,4,4         | 
|bram_mem:   | mem_reg    | 16 K x 32(READ_FIRST)  | W | R |                        |   |   | Port A           | 0      | 16     | 4,4,4,4         | 
+------------+------------+------------------------+---+---+------------------------+---+---+------------------+--------+--------+-----------------+


Distributed RAM: Final Mapping Report
+------------+-------------+-----------+----------------------+---------------+
|Module Name | RTL Object  | Inference | Size (Depth x Width) | Primitives    | 
+------------+-------------+-----------+----------------------+---------------+
|picorv32:   | cpuregs_reg | Implied   | 32 x 32              | RAM32M16 x 6  | 
|picorv32:   | cpuregs_reg | Implied   | 32 x 32              | RAM32M16 x 6  | 
|picorv32:   | cpuregs_reg | Implied   | 32 x 32              | RAM32M16 x 6  | 
|picorv32:   | cpuregs_reg | Implied   | 32 x 32              | RAM32M16 x 6  | 
+------------+-------------+-----------+----------------------+---------------+

---------------------------------------------------------------------------------
Finished ROM, RAM, DSP, Shift Register and Retiming Reporting
---------------------------------------------------------------------------------
---------------------------------------------------------------------------------
Start Technology Mapping
---------------------------------------------------------------------------------
INFO: [Synth 8-7052] The timing for the instance u_cpu_core/u_bram0/mem_reg_0_bram_3 (implemented as a Block RAM) might be sub-optimal as no optional output register could be merged into the ram block. Providing additional output register may help in improving timing.
INFO: [Synth 8-7052] The timing for the instance u_cpu_core/u_bram0/mem_reg_1_bram_3 (implemented as a Block RAM) might be sub-optimal as no optional output register could be merged into the ram block. Providing additional output register may help in improving timing.
INFO: [Synth 8-7052] The timing for the instance u_cpu_core/u_bram0/mem_reg_2_bram_3 (implemented as a Block RAM) might be sub-optimal as no optional output register could be merged into the ram block. Providing additional output register may help in improving timing.
INFO: [Synth 8-7052] The timing for the instance u_cpu_core/u_bram0/mem_reg_3_bram_3 (implemented as a Block RAM) might be sub-optimal as no optional output register could be merged into the ram block. Providing additional output register may help in improving timing.
INFO: [Synth 8-7052] The timing for the instance u_cpu_core/u_bram1/mem_reg_0_bram_3 (implemented as a Block RAM) might be sub-optimal as no optional output register could be merged into the ram block. Providing additional output register may help in improving timing.
INFO: [Synth 8-7052] The timing for the instance u_cpu_core/u_bram1/mem_reg_1_bram_3 (implemented as a Block RAM) might be sub-optimal as no optional output register could be merged into the ram block. Providing additional output register may help in improving timing.
INFO: [Synth 8-7052] The timing for the instance u_cpu_core/u_bram1/mem_reg_2_bram_3 (implemented as a Block RAM) might be sub-optimal as no optional output register could be merged into the ram block. Providing additional output register may help in improving timing.
INFO: [Synth 8-7052] The timing for the instance u_cpu_core/u_bram1/mem_reg_3_bram_3 (implemented as a Block RAM) might be sub-optimal as no optional output register could be merged into the ram block. Providing additional output register may help in improving timing.
INFO: [Synth 8-7052] The timing for the instance u_cpu_core/u_bram2/mem_reg_0_bram_3 (implemented as a Block RAM) might be sub-optimal as no optional output register could be merged into the ram block. Providing additional output register may help in improving timing.
INFO: [Synth 8-7052] The timing for the instance u_cpu_core/u_bram2/mem_reg_1_bram_3 (implemented as a Block RAM) might be sub-optimal as no optional output register could be merged into the ram block. Providing additional output register may help in improving timing.
INFO: [Synth 8-7052] The timing for the instance u_cpu_core/u_bram2/mem_reg_2_bram_3 (implemented as a Block RAM) might be sub-optimal as no optional output register could be merged into the ram block. Providing additional output register may help in improving timing.
INFO: [Synth 8-7052] The timing for the instance u_cpu_core/u_bram2/mem_reg_3_bram_3 (implemented as a Block RAM) might be sub-optimal as no optional output register could be merged into the ram block. Providing additional output register may help in improving timing.
INFO: [Synth 8-7052] The timing for the instance u_cpu_core/u_bram3/mem_reg_0_bram_3 (implemented as a Block RAM) might be sub-optimal as no optional output register could be merged into the ram block. Providing additional output register may help in improving timing.
INFO: [Synth 8-7052] The timing for the instance u_cpu_core/u_bram3/mem_reg_1_bram_3 (implemented as a Block RAM) might be sub-optimal as no optional output register could be merged into the ram block. Providing additional output register may help in improving timing.
INFO: [Synth 8-7052] The timing for the instance u_cpu_core/u_bram3/mem_reg_2_bram_3 (implemented as a Block RAM) might be sub-optimal as no optional output register could be merged into the ram block. Providing additional output register may help in improving timing.
INFO: [Synth 8-7052] The timing for the instance u_cpu_core/u_bram3/mem_reg_3_bram_3 (implemented as a Block RAM) might be sub-optimal as no optional output register could be merged into the ram block. Providing additional output register may help in improving timing.
---------------------------------------------------------------------------------
Finished Technology Mapping : Time (s): cpu = 00:00:39 ; elapsed = 00:00:40 . Memory (MB): peak = 3713.836 ; gain = 1061.457 ; free physical = 1036 ; free virtual = 10938
---------------------------------------------------------------------------------
---------------------------------------------------------------------------------
Start IO Insertion
---------------------------------------------------------------------------------
---------------------------------------------------------------------------------
Start Flattening Before IO Insertion
---------------------------------------------------------------------------------
---------------------------------------------------------------------------------
Finished Flattening Before IO Insertion
---------------------------------------------------------------------------------
---------------------------------------------------------------------------------
Start Final Netlist Cleanup
---------------------------------------------------------------------------------
---------------------------------------------------------------------------------
Finished Final Netlist Cleanup
---------------------------------------------------------------------------------
---------------------------------------------------------------------------------
Finished IO Insertion : Time (s): cpu = 00:00:43 ; elapsed = 00:00:43 . Memory (MB): peak = 3727.711 ; gain = 1075.332 ; free physical = 1037 ; free virtual = 10939
---------------------------------------------------------------------------------
---------------------------------------------------------------------------------
Start Renaming Generated Instances
---------------------------------------------------------------------------------
---------------------------------------------------------------------------------
Finished Renaming Generated Instances : Time (s): cpu = 00:00:43 ; elapsed = 00:00:43 . Memory (MB): peak = 3727.711 ; gain = 1075.332 ; free physical = 1037 ; free virtual = 10939
---------------------------------------------------------------------------------
---------------------------------------------------------------------------------
Start Rebuilding User Hierarchy
---------------------------------------------------------------------------------
---------------------------------------------------------------------------------
Finished Rebuilding User Hierarchy : Time (s): cpu = 00:00:44 ; elapsed = 00:00:44 . Memory (MB): peak = 3727.711 ; gain = 1075.332 ; free physical = 1037 ; free virtual = 10939
---------------------------------------------------------------------------------
---------------------------------------------------------------------------------
Start Renaming Generated Ports
---------------------------------------------------------------------------------
---------------------------------------------------------------------------------
Finished Renaming Generated Ports : Time (s): cpu = 00:00:44 ; elapsed = 00:00:44 . Memory (MB): peak = 3727.711 ; gain = 1075.332 ; free physical = 1037 ; free virtual = 10939
---------------------------------------------------------------------------------
---------------------------------------------------------------------------------
Start Handling Custom Attributes
---------------------------------------------------------------------------------
---------------------------------------------------------------------------------
Finished Handling Custom Attributes : Time (s): cpu = 00:00:44 ; elapsed = 00:00:44 . Memory (MB): peak = 3727.711 ; gain = 1075.332 ; free physical = 1037 ; free virtual = 10939
---------------------------------------------------------------------------------
---------------------------------------------------------------------------------
Start Renaming Generated Nets
---------------------------------------------------------------------------------
---------------------------------------------------------------------------------
Finished Renaming Generated Nets : Time (s): cpu = 00:00:44 ; elapsed = 00:00:44 . Memory (MB): peak = 3727.711 ; gain = 1075.332 ; free physical = 1037 ; free virtual = 10939
---------------------------------------------------------------------------------
---------------------------------------------------------------------------------
Start Writing Synthesis Report
---------------------------------------------------------------------------------

Report BlackBoxes: 
+------+--------------+----------+
|      |BlackBox name |Instances |
+------+--------------+----------+
|1     |clk_wiz_0     |         1|
|2     |uart_fifo     |         2|
+------+--------------+----------+

Report Cell Usage: 
+------+----------+------+
|      |Cell      |Count |
+------+----------+------+
|1     |clk_wiz   |     1|
|2     |uart_fifo |     2|
|4     |CARRY8    |   119|
|5     |LUT1      |    29|
|6     |LUT2      |   553|
|7     |LUT3      |   700|
|8     |LUT4      |   732|
|9     |LUT5      |   664|
|10    |LUT6      |  2006|
|11    |MUXF7     |     4|
|12    |RAM32M    |     8|
|13    |RAM32M16  |    16|
|14    |RAMB36E2  |    64|
|20    |FDCE      |   490|
|21    |FDRE      |  1838|
|22    |FDSE      |    86|
|23    |IBUF      |     1|
|24    |OBUF      |     1|
+------+----------+------+
---------------------------------------------------------------------------------
Finished Writing Synthesis Report : Time (s): cpu = 00:00:44 ; elapsed = 00:00:44 . Memory (MB): peak = 3727.711 ; gain = 1075.332 ; free physical = 1037 ; free virtual = 10939
---------------------------------------------------------------------------------
Synthesis finished with 0 errors, 0 critical warnings and 70 warnings.
Synthesis Optimization Runtime : Time (s): cpu = 00:00:37 ; elapsed = 00:00:38 . Memory (MB): peak = 3727.711 ; gain = 909.453 ; free physical = 1037 ; free virtual = 10939
Synthesis Optimization Complete : Time (s): cpu = 00:00:44 ; elapsed = 00:00:44 . Memory (MB): peak = 3727.719 ; gain = 1075.332 ; free physical = 1037 ; free virtual = 10939
INFO: [Project 1-571] Translating synthesized netlist
Netlist sorting complete. Time (s): cpu = 00:00:00.05 ; elapsed = 00:00:00.05 . Memory (MB): peak = 3738.680 ; gain = 0.000 ; free physical = 1309 ; free virtual = 11211
INFO: [Netlist 29-17] Analyzing 148 Unisim elements for replacement
INFO: [Netlist 29-28] Unisim Transformation completed in 0 CPU seconds
INFO: [Project 1-570] Preparing netlist for logic optimization
INFO: [Opt 31-138] Pushed 0 inverter(s) to 0 load pin(s).
Netlist sorting complete. Time (s): cpu = 00:00:00 ; elapsed = 00:00:00 . Memory (MB): peak = 3789.539 ; gain = 0.000 ; free physical = 1303 ; free virtual = 11205
INFO: [Project 1-111] Unisim Transformation Summary:
  A total of 25 instances were transformed.
  IBUF => IBUF (IBUFCTRL, INBUF): 1 instance 
  RAM32M => RAM32M (RAMD32(x6), RAMS32(x2)): 8 instances
  RAM32M16 => RAM32M16 (RAMD32(x14), RAMS32(x2)): 16 instances

Synth Design complete | Checksum: 579600b2
INFO: [Common 17-83] Releasing license: Synthesis
95 Infos, 286 Warnings, 0 Critical Warnings and 0 Errors encountered.
synth_design completed successfully
synth_design: Time (s): cpu = 00:00:55 ; elapsed = 00:00:53 . Memory (MB): peak = 3789.574 ; gain = 2459.836 ; free physical = 1287 ; free virtual = 11190
INFO: [Common 17-2834] synth_design peak Physical Memory [PSS] (MB): overall = 3337.678; main = 3032.155; forked = 379.142
INFO: [Common 17-2834] synth_design peak Virtual Memory [VSS] (MB): overall = 4711.988; main = 3789.543; forked = 998.148
Write ShapeDB Complete: Time (s): cpu = 00:00:00.05 ; elapsed = 00:00:00.02 . Memory (MB): peak = 3813.551 ; gain = 0.000 ; free physical = 1285 ; free virtual = 11189
INFO: [Common 17-1381] The checkpoint '/home/alfonso/TFM/ewic-fpga_fpga_connection/ewic-fpga/uart_design.runs/synth_1/top.dcp' has been generated.
INFO: [runtcl-4] Executing : report_utilization -file top_utilization_synth.rpt -pb top_utilization_synth.pb
INFO: [Common 17-206] Exiting Vivado at Fri May 22 13:39:57 2026...
